Archive member included to satisfy reference by file (symbol)

c:/OpenMono/mono/monoCyLib.a(Cm3Start.o)
                              (Reset)
c:/OpenMono/mono/monoCyLib.a(CyLib.o)
                              c:/OpenMono/mono/monoCyLib.a(Cm3Start.o) (CyHalt)
c:/OpenMono/mono/monoCyLib.a(cyPm.o)
                              c:/OpenMono/mono/monoCyLib.a(CyLib.o) (CyPmReadStatus)
c:/OpenMono/mono/monoCyLib.a(cybootloader.o)
                              (cy_meta_flashprotect)
c:/OpenMono/mono/monoCyLib.a(cyfitter_cfg.o)
                              c:/OpenMono/mono/monoCyLib.a(Cm3Start.o) (cyfitter_cfg)
c:/OpenMono/mono/monoCyLib.a(cymetadata.o)
                              (cy_meta_loadable)
c:/OpenMono/mono/monoCyLib.a(CyBootAsmGnu.o)
                              c:/OpenMono/mono/monoCyLib.a(CyLib.o) (CyDelayCycles)
c:/OpenMono/mono/monoCyLib.a(CyFlash.o)
                              c:/OpenMono/mono/monoCyLib.a(cyPm.o) (CyFlash_SetWaitCycles)
c:/OpenMono/mono/monoCyLib.a(CySpc.o)
                              c:/OpenMono/mono/monoCyLib.a(CyFlash.o) (CySpcStart)
c:/OpenMono/mono/mbedlib.a(retarget.o)
                              c:/openmono/gcc-arm-none-eabi-5_2-2015q4-20151219-win32/bin/../lib/gcc/arm-none-eabi/5.2.1/../../../../arm-none-eabi/lib/armv7-m/crt0.o (exit)
c:/OpenMono/mono/mbedlib.a(serial_api.o)
                              c:/OpenMono/mono/mbedlib.a(retarget.o) (stdio_uart_inited)
c:/OpenMono/mono/mbedlib.a(serial_usb_api.o)
                              c:/OpenMono/mono/mbedlib.a(serial_api.o) (serial_usbuart_init_cdc)
c:/OpenMono/mono/mbedlib.a(us_ticker.o)
                              c:/OpenMono/mono/mbedlib.a(serial_usb_api.o) (us_ticker_read)
c:/OpenMono/mono/mbedlib.a(us_ticker_api.o)
                              c:/OpenMono/mono/mbedlib.a(us_ticker.o) (us_ticker_irq_handler)
c:/OpenMono/mono/mbedlib.a(FilePath.o)
                              c:/OpenMono/mono/mbedlib.a(retarget.o) (mbed::FilePath::FilePath(char const*))
c:/OpenMono/mono/mbedlib.a(FileSystemLike.o)
                              c:/OpenMono/mono/mbedlib.a(retarget.o) (mbed::FileSystemLike::opendir())
c:/OpenMono/mono/mbedlib.a(board.o)
                              c:/OpenMono/mono/mbedlib.a(retarget.o) (mbed_die)
c:/OpenMono/mono/mbedlib.a(ticker_api.o)
                              c:/OpenMono/mono/mbedlib.a(us_ticker_api.o) (ticker_irq_handler)
c:/OpenMono/mono/mbedlib.a(FileBase.o)
                              c:/OpenMono/mono/mbedlib.a(FileSystemLike.o) (mbed::FileBase::FileBase(char const*, mbed::PathType))
c:/openmono/gcc-arm-none-eabi-5_2-2015q4-20151219-win32/bin/../lib/gcc/arm-none-eabi/5.2.1/../../../../arm-none-eabi/lib/armv7-m\libstdc++_nano.a(atexit_arm.o)
                              build/app_controller.o (__aeabi_atexit)
c:/openmono/gcc-arm-none-eabi-5_2-2015q4-20151219-win32/bin/../lib/gcc/arm-none-eabi/5.2.1/../../../../arm-none-eabi/lib/armv7-m\libstdc++_nano.a(del_op.o)
                              c:/OpenMono/mono/mbedlib.a(retarget.o) (operator delete(void*))
c:/openmono/gcc-arm-none-eabi-5_2-2015q4-20151219-win32/bin/../lib/gcc/arm-none-eabi/5.2.1/../../../../arm-none-eabi/lib/armv7-m\libstdc++_nano.a(new_op.o)
                              c:/OpenMono/mono/mbedlib.a(FileSystemLike.o) (operator new(unsigned int))
c:/openmono/gcc-arm-none-eabi-5_2-2015q4-20151219-win32/bin/../lib/gcc/arm-none-eabi/5.2.1/../../../../arm-none-eabi/lib/armv7-m\libstdc++_nano.a(pure.o)
                              c:/OpenMono/mono/mbedlib.a(retarget.o) (__cxa_pure_virtual)
c:/openmono/gcc-arm-none-eabi-5_2-2015q4-20151219-win32/bin/../lib/gcc/arm-none-eabi/5.2.1/../../../../arm-none-eabi/lib/armv7-m\libstdc++_nano.a(new_handler.o)
                              c:/openmono/gcc-arm-none-eabi-5_2-2015q4-20151219-win32/bin/../lib/gcc/arm-none-eabi/5.2.1/../../../../arm-none-eabi/lib/armv7-m\libstdc++_nano.a(new_op.o) (std::get_new_handler())
c:/openmono/gcc-arm-none-eabi-5_2-2015q4-20151219-win32/bin/../lib/gcc/arm-none-eabi/5.2.1/../../../../arm-none-eabi/lib/armv7-m\libstdc++_nano.a(eh_terminate.o)
                              c:/openmono/gcc-arm-none-eabi-5_2-2015q4-20151219-win32/bin/../lib/gcc/arm-none-eabi/5.2.1/../../../../arm-none-eabi/lib/armv7-m\libstdc++_nano.a(pure.o) (std::terminate())
c:/openmono/gcc-arm-none-eabi-5_2-2015q4-20151219-win32/bin/../lib/gcc/arm-none-eabi/5.2.1/../../../../arm-none-eabi/lib/armv7-m\libstdc++_nano.a(eh_term_handler.o)
                              c:/openmono/gcc-arm-none-eabi-5_2-2015q4-20151219-win32/bin/../lib/gcc/arm-none-eabi/5.2.1/../../../../arm-none-eabi/lib/armv7-m\libstdc++_nano.a(eh_terminate.o) (__cxxabiv1::__terminate_handler)
c:/openmono/gcc-arm-none-eabi-5_2-2015q4-20151219-win32/bin/../lib/gcc/arm-none-eabi/5.2.1/../../../../arm-none-eabi/lib/armv7-m\libstdc++_nano.a(eh_unex_handler.o)
[...]
Memory Configuration

Name             Origin             Length             Attributes
rom              0x00000000         0x00040000         xr
ram              0x1fff8000         0x00010000         xrw
*default*        0x00000000         0xffffffff

Linker script and memory map

LOAD c:/openmono/gcc-arm-none-eabi-5_2-2015q4-20151219-win32/bin/../lib/gcc/arm-none-eabi/5.2.1/armv7-m/crti.o
LOAD c:/openmono/gcc-arm-none-eabi-5_2-2015q4-20151219-win32/bin/../lib/gcc/arm-none-eabi/5.2.1/armv7-m/crtbegin.o
LOAD c:/openmono/gcc-arm-none-eabi-5_2-2015q4-20151219-win32/bin/../lib/gcc/arm-none-eabi/5.2.1/../../../../arm-none-eabi/lib/armv7-m/crt0.o
START GROUP
LOAD c:/OpenMono/mono/monoCyLib.a
LOAD c:/OpenMono/mono/CyComponentLibrary.a
LOAD c:/OpenMono/mono/mbedlib.a
LOAD c:/OpenMono/mono/mono_framework.a
LOAD build/app_controller.o
LOAD build/graph_view.o
LOAD build/internet_upload.o
LOAD build/mono_default_main.o
LOAD c:/openmono/gcc-arm-none-eabi-5_2-2015q4-20151219-win32/bin/../lib/gcc/arm-none-eabi/5.2.1/../../../../arm-none-eabi/lib/armv7-m\libstdc++_nano.a
LOAD c:/openmono/gcc-arm-none-eabi-5_2-2015q4-20151219-win32/bin/../lib/gcc/arm-none-eabi/5.2.1/../../../../arm-none-eabi/lib/armv7-m\libsupc++_nano.a
LOAD c:/openmono/gcc-arm-none-eabi-5_2-2015q4-20151219-win32/bin/../lib/gcc/arm-none-eabi/5.2.1/../../../../arm-none-eabi/lib/armv7-m\libm.a
LOAD c:/openmono/gcc-arm-none-eabi-5_2-2015q4-20151219-win32/bin/../lib/gcc/arm-none-eabi/5.2.1/../../../../arm-none-eabi/lib/armv7-m\libc_nano.a
LOAD c:/openmono/gcc-arm-none-eabi-5_2-2015q4-20151219-win32/bin/../lib/gcc/arm-none-eabi/5.2.1/armv7-m\libgcc.a
LOAD c:/openmono/gcc-arm-none-eabi-5_2-2015q4-20151219-win32/bin/../lib/gcc/arm-none-eabi/5.2.1/../../../../arm-none-eabi/lib/armv7-m\libnosys.a
END GROUP
START GROUP
LOAD c:/openmono/gcc-arm-none-eabi-5_2-2015q4-20151219-win32/bin/../lib/gcc/arm-none-eabi/5.2.1/armv7-m\libgcc.a
LOAD c:/openmono/gcc-arm-none-eabi-5_2-2015q4-20151219-win32/bin/../lib/gcc/arm-none-eabi/5.2.1/../../../../arm-none-eabi/lib/armv7-m\libg_nano.a
LOAD c:/openmono/gcc-arm-none-eabi-5_2-2015q4-20151219-win32/bin/../lib/gcc/arm-none-eabi/5.2.1/../../../../arm-none-eabi/lib/armv7-m\libc_nano.a
END GROUP
START GROUP
LOAD c:/openmono/gcc-arm-none-eabi-5_2-2015q4-20151219-win32/bin/../lib/gcc/arm-none-eabi/5.2.1/armv7-m\libgcc.a
LOAD c:/openmono/gcc-arm-none-eabi-5_2-2015q4-20151219-win32/bin/../lib/gcc/arm-none-eabi/5.2.1/../../../../arm-none-eabi/lib/armv7-m\libc_nano.a
END GROUP
LOAD c:/openmono/gcc-arm-none-eabi-5_2-2015q4-20151219-win32/bin/../lib/gcc/arm-none-eabi/5.2.1/armv7-m/crtend.o
LOAD c:/openmono/gcc-arm-none-eabi-5_2-2015q4-20151219-win32/bin/../lib/gcc/arm-none-eabi/5.2.1/armv7-m/crtn.o
START GROUP
LOAD c:/openmono/gcc-arm-none-eabi-5_2-2015q4-20151219-win32/bin/../lib/gcc/arm-none-eabi/5.2.1/armv7-m\libgcc.a
LOAD c:/openmono/gcc-arm-none-eabi-5_2-2015q4-20151219-win32/bin/../lib/gcc/arm-none-eabi/5.2.1/../../../../arm-none-eabi/lib/armv7-m\libc.a
LOAD c:/openmono/gcc-arm-none-eabi-5_2-2015q4-20151219-win32/bin/../lib/gcc/arm-none-eabi/5.2.1/../../../../arm-none-eabi/lib/armv7-m\libnosys.a
END GROUP
                0x00000000                CY_APPL_ORIGIN = 0x0
                0x00000100                CY_FLASH_ROW_SIZE = 0x100
                0x00000020                CY_ECC_ROW_SIZE = 0x20
                0x00000000                CY_EE_IN_BTLDR = 0x0
                0x00000001                CY_APPL_LOADABLE = 0x1
                0x00000800                CY_EE_SIZE = 0x800
                0x00000001                CY_APPL_NUM = 0x1
                0x00000001                CY_APPL_MAX = 0x1
                0x00000040                CY_METADATA_SIZE = 0x40
                [!provide]                PROVIDE (__cy_heap_start, _end)
                0x00000001                PROVIDE (__cy_region_num, ((__cy_regions_end - __cy_regions) / 0x10))
                0x20008000                PROVIDE (__cy_stack, (ORIGIN (ram) + LENGTH (ram)))
                [!provide]                PROVIDE (__cy_heap_end, (__cy_stack - 0x4000))

.cybootloader   0x00000000     0x2200
 *(.cybootloader)
 .cybootloader  0x00000000     0x2200 c:/OpenMono/mono/monoCyLib.a(cybootloader.o)
                0x00000000                cy_bootloader
                0x00002200                appl1_start = CY_APPL_ORIGIN?CY_APPL_ORIGIN:ALIGN (CY_FLASH_ROW_SIZE)
                0x00021000                appl2_start = (appl1_start + ALIGN ((((LENGTH (rom) - appl1_start) - (0x2 * CY_FLASH_ROW_SIZE)) / 0x2), CY_FLASH_ROW_SIZE))
                0x00002200                appl_start = (CY_APPL_NUM == 0x1)?appl1_start:appl2_start
                0x00000440                ecc_offset = ((appl_start / CY_FLASH_ROW_SIZE) * CY_ECC_ROW_SIZE)
                0x00000000                ee_offset = (CY_APPL_LOADABLE && ! (CY_EE_IN_BTLDR))?((CY_EE_SIZE / CY_APPL_MAX) * (CY_APPL_NUM - 0x1)):0x0
                0x00000800                ee_size = (CY_APPL_LOADABLE && ! (CY_EE_IN_BTLDR))?(CY_EE_SIZE / CY_APPL_MAX):CY_EE_SIZE
                0x00000440                PROVIDE (CY_ECC_OFFSET, ecc_offset)

.text           0x00002200    0x20d18
 CREATE_OBJECT_SYMBOLS
                0x00002200                PROVIDE (__cy_interrupt_vector, RomVectors)
 *(.romvectors)
 .romvectors    0x00002200       0x10 c:/OpenMono/mono/monoCyLib.a(Cm3Start.o)
                0x00002200                RomVectors
                0x00000001                ASSERT ((. != __cy_interrupt_vector), No interrupt vector)
                0x00000001                ASSERT (CY_APPL_ORIGIN?(SIZEOF (.cybootloader) <= CY_APPL_ORIGIN):0x1, Wrong image location)
                0x00002210                PROVIDE (__cy_reset, Reset)
 *(.text.Reset)
 .text.Reset    0x00002210        0x6 c:/OpenMono/mono/monoCyLib.a(Cm3Start.o)
                0x00002210                Reset
                0x00000001                ASSERT ((. != __cy_reset), No reset code)
 *(.dma_init)
                0x00000001                ASSERT ((((appl_start + .) <= 0x10000) || 0x1), DMA Init must be within the first 64k of flash)
 *(.text .text.* .gnu.linkonce.t.*)
 *fill*         0x00002216        0x2 
 .text          0x00002218       0xa4 c:/openmono/gcc-arm-none-eabi-5_2-2015q4-20151219-win32/bin/../lib/gcc/arm-none-eabi/5.2.1/armv7-m/crtbegin.o
 .text.IntDefaultHandler
                0x000022bc        0x2 c:/OpenMono/mono/monoCyLib.a(Cm3Start.o)
                0x000022bc                IntDefaultHandler
 .text._exit    0x000022be        0xa c:/OpenMono/mono/monoCyLib.a(Cm3Start.o)
                0x000022be                _exit
 .text._sbrk    0x000022c8       0x30 c:/OpenMono/mono/monoCyLib.a(Cm3Start.o)
                0x000022c8                _sbrk
 .text.Start_c  0x000022f8       0x50 c:/OpenMono/mono/monoCyLib.a(Cm3Start.o)
                0x000022f8                Start_c
 .text.startup.initialize_psoc
                0x00002348       0x68 c:/OpenMono/mono/monoCyLib.a(Cm3Start.o)
                0x00002348                initialize_psoc
 .text.CyIMO_SetTrimValue
                0x000023b0       0xbc c:/OpenMono/mono/monoCyLib.a(CyLib.o)
 .text.CyBusClk_Internal_SetDivider
                0x0000246c       0x44 c:/OpenMono/mono/monoCyLib.a(CyLib.o)
 .text.CyPLL_OUT_Stop
                0x000024b0       0x10 c:/OpenMono/mono/monoCyLib.a(CyLib.o)
                0x000024b0                CyPLL_OUT_Stop
 .text.CyIMO_Stop
                0x000024c0       0x18 c:/OpenMono/mono/monoCyLib.a(CyLib.o)
                0x000024c0                CyIMO_Stop
 .text.CyIMO_SetSource
                0x000024d8       0x44 c:/OpenMono/mono/monoCyLib.a(CyLib.o)
                0x000024d8                CyIMO_SetSource
 .text.CyIMO_EnableDoubler
                0x0000251c       0x10 c:/OpenMono/mono/monoCyLib.a(CyLib.o)
                0x0000251c                CyIMO_EnableDoubler
 .text.CyIMO_DisableDoubler
                0x0000252c       0x10 c:/OpenMono/mono/monoCyLib.a(CyLib.o)
                0x0000252c                CyIMO_DisableDoubler
 .text.CyIMO_SetFreq
                0x0000253c       0xd4 c:/OpenMono/mono/monoCyLib.a(CyLib.o)
                0x0000253c                CyIMO_SetFreq
 .text.CyMasterClk_SetSource
                0x00002610       0x18 c:/OpenMono/mono/monoCyLib.a(CyLib.o)
                0x00002610                CyMasterClk_SetSource
 .text.CyMasterClk_SetDivider
                0x00002628        0xc c:/OpenMono/mono/monoCyLib.a(CyLib.o)
                0x00002628                CyMasterClk_SetDivider
 .text.CyBusClk_SetDivider
                0x00002634       0x70 c:/OpenMono/mono/monoCyLib.a(CyLib.o)
                0x00002634                CyBusClk_SetDivider
 .text.CyILO_Start100K
                0x000026a4       0x10 c:/OpenMono/mono/monoCyLib.a(CyLib.o)
                0x000026a4                CyILO_Start100K
 .text.CyILO_Stop100K
                0x000026b4       0x10 c:/OpenMono/mono/monoCyLib.a(CyLib.o)
                0x000026b4                CyILO_Stop100K
 .text.CyPLL_OUT_Start
                0x000026c4       0x74 c:/OpenMono/mono/monoCyLib.a(CyLib.o)
                0x000026c4                CyPLL_OUT_Start
 .text.CyIMO_Start
                0x00002738       0x5c c:/OpenMono/mono/monoCyLib.a(CyLib.o)
                0x00002738                CyIMO_Start
 .text.CyXTAL_Start
                0x00002794       0xa0 c:/OpenMono/mono/monoCyLib.a(CyLib.o)
                0x00002794                CyXTAL_Start
 .text.CyXTAL_Stop
                0x00002834       0x10 c:/OpenMono/mono/monoCyLib.a(CyLib.o)
                0x00002834                CyXTAL_Stop
 .text.CyHalt   0x00002844        0x4 c:/OpenMono/mono/monoCyLib.a(CyLib.o)
                0x00002844                CyHalt
 .text.CySoftwareReset
                0x00002848       0x10 c:/OpenMono/mono/monoCyLib.a(CyLib.o)
                0x00002848                CySoftwareReset
 .text.CyDelay  0x00002858       0x30 c:/OpenMono/mono/monoCyLib.a(CyLib.o)
                0x00002858                CyDelay
 .text.CyDelayUs
                0x00002888       0x10 c:/OpenMono/mono/monoCyLib.a(CyLib.o)
                0x00002888                CyDelayUs
 .text.CyIntSetSysVector
                0x00002898       0x1c c:/OpenMono/mono/monoCyLib.a(CyLib.o)
                0x00002898                CyIntSetSysVector
 .text.CyIntSetVector
                0x000028b4       0x20 c:/OpenMono/mono/monoCyLib.a(CyLib.o)
                0x000028b4                CyIntSetVector
 .text.CyIntSetPriority
                0x000028d4       0x20 c:/OpenMono/mono/monoCyLib.a(CyLib.o)
                0x000028d4                CyIntSetPriority
 .text.CySysTickInit
                0x000028f4       0x58 c:/OpenMono/mono/monoCyLib.a(CyLib.o)
                0x000028f4                CySysTickInit
 .text.CySysTickEnableInterrupt
                0x0000294c       0x10 c:/OpenMono/mono/monoCyLib.a(CyLib.o)
                0x0000294c                CySysTickEnableInterrupt
 .text.CySysTickEnable
                0x0000295c       0x18 c:/OpenMono/mono/monoCyLib.a(CyLib.o)
                0x0000295c                CySysTickEnable
 .text.CySysTickStart
                0x00002974       0x1c c:/OpenMono/mono/monoCyLib.a(CyLib.o)
                0x00002974                CySysTickStart
 .text.CySysTickDisableInterrupt
                0x00002990       0x10 c:/OpenMono/mono/monoCyLib.a(CyLib.o)
                0x00002990                CySysTickDisableInterrupt
 .text.CySysTickSetReload
                0x000029a0       0x10 c:/OpenMono/mono/monoCyLib.a(CyLib.o)
                0x000029a0                CySysTickSetReload
 .text.CySysTickGetReload
                0x000029b0       0x10 c:/OpenMono/mono/monoCyLib.a(CyLib.o)
                0x000029b0                CySysTickGetReload
 .text.CySysTickGetValue
                0x000029c0       0x10 c:/OpenMono/mono/monoCyLib.a(CyLib.o)
                0x000029c0                CySysTickGetValue
 .text.CySysTickSetClockSource
                0x000029d0       0x18 c:/OpenMono/mono/monoCyLib.a(CyLib.o)
                0x000029d0                CySysTickSetClockSource
 .text.CySysTickGetCountFlag
                0x000029e8       0x10 c:/OpenMono/mono/monoCyLib.a(CyLib.o)
                0x000029e8                CySysTickGetCountFlag
 .text.CySysTickServiceCallbacks
                0x000029f8       0x24 c:/OpenMono/mono/monoCyLib.a(CyLib.o)
 .text.CySysTickClear
                0x00002a1c        0xc c:/OpenMono/mono/monoCyLib.a(CyLib.o)
                0x00002a1c                CySysTickClear
 .text.CyGetUniqueId
                0x00002a28       0x70 c:/OpenMono/mono/monoCyLib.a(CyLib.o)
                0x00002a28                CyGetUniqueId
 .text.CyPmHibSlpSaveSet
                0x00002a98      0x1c0 c:/OpenMono/mono/monoCyLib.a(cyPm.o)
 .text.CyPmHibSlpRestore
                0x00002c58       0xc0 c:/OpenMono/mono/monoCyLib.a(cyPm.o)
 .text.CyPmSaveClocks
                0x00002d18      0x1c0 c:/OpenMono/mono/monoCyLib.a(cyPm.o)
                0x00002d18                CyPmSaveClocks
 .text.CyPmRestoreClocks
                0x00002ed8      0x1f0 c:/OpenMono/mono/monoCyLib.a(cyPm.o)
                0x00002ed8                CyPmRestoreClocks
 .text.CyPmSleep
                0x000030c8       0xf0 c:/OpenMono/mono/monoCyLib.a(cyPm.o)
                0x000030c8                CyPmSleep
 .text.CyPmReadStatus
                0x000031b8       0x2c c:/OpenMono/mono/monoCyLib.a(cyPm.o)
                0x000031b8                CyPmReadStatus
 .text.CyPmFtwSetInterval
                0x000031e4       0x50 c:/OpenMono/mono/monoCyLib.a(cyPm.o)
                0x000031e4                CyPmFtwSetInterval
 .text.cyfitter_cfg
                0x00003234      0x2b8 c:/OpenMono/mono/monoCyLib.a(cyfitter_cfg.o)
                0x00003234                cyfitter_cfg
 *fill*         0x000034ec        0x4 
 .text          0x000034f0       0x20 c:/OpenMono/mono/monoCyLib.a(CyBootAsmGnu.o)
                0x000034f0                CyDelayCycles
                0x00003500                CyEnterCriticalSection
                0x00003508                CyExitCriticalSection
 .text.CyFlash_SetWaitCycles
                0x00003510       0x78 c:/OpenMono/mono/monoCyLib.a(CyFlash.o)
                0x00003510                CyFlash_SetWaitCycles
 .text._ZN4mbed10FileHandle4flenEv
                0x00003588       0x54 c:/OpenMono/mono/mbedlib.a(retarget.o)
                0x00003588                mbed::FileHandle::flen()
 .text._ZN4mbed10FileHandleD2Ev
                0x000035dc       0x58 c:/OpenMono/mono/mbedlib.a(retarget.o)
                0x000035dc                mbed::FileHandle::~FileHandle()
                0x000035dc                mbed::FileHandle::~FileHandle()
 .text._ZL11init_serialv
                0x00003634       0x2c c:/OpenMono/mono/mbedlib.a(retarget.o)
 .text._ZL17openmode_to_posixi
                0x00003660       0x18 c:/OpenMono/mono/mbedlib.a(retarget.o)
 .text._open    0x00003678      0x154 c:/OpenMono/mono/mbedlib.a(retarget.o)
                0x00003678                _open
 .text._close   0x000037cc       0x50 c:/OpenMono/mono/mbedlib.a(retarget.o)
                0x000037cc                _close
 .text._write   0x0000381c       0x88 c:/OpenMono/mono/mbedlib.a(retarget.o)
                0x0000381c                _write
 .text._read    0x000038a4       0x74 c:/OpenMono/mono/mbedlib.a(retarget.o)
                0x000038a4                _read
 .text._isatty  0x00003918       0x44 c:/OpenMono/mono/mbedlib.a(retarget.o)
                0x00003918                _isatty
 .text._lseek   0x0000395c       0x4c c:/OpenMono/mono/mbedlib.a(retarget.o)
                0x0000395c                _lseek
 .text._fstat   0x000039a8       0x40 c:/OpenMono/mono/mbedlib.a(retarget.o)
                0x000039a8                _fstat
 .text.exit     0x000039e8       0x30 c:/OpenMono/mono/mbedlib.a(retarget.o)
                0x000039e8                exit
 .text._ZN4mbed26mbed_set_unbuffered_streamEP7__sFILE
                0x00003a18       0x18 c:/OpenMono/mono/mbedlib.a(retarget.o)
                0x00003a18                mbed::mbed_set_unbuffered_stream(__sFILE*)
 .text.serial_init
                0x00003a30       0x5c c:/OpenMono/mono/mbedlib.a(serial_api.o)
                0x00003a30                serial_init
 .text.serial_irq_handler
                0x00003a8c       0x18 c:/OpenMono/mono/mbedlib.a(serial_api.o)
                0x00003a8c                serial_irq_handler
 .text.serial_getc
                0x00003aa4       0x2c c:/OpenMono/mono/mbedlib.a(serial_api.o)
                0x00003aa4                serial_getc
 .text.serial_putc
                0x00003ad0       0x54 c:/OpenMono/mono/mbedlib.a(serial_api.o)
                0x00003ad0                serial_putc
 .text.serial_writable
                0x00003b24       0x2c c:/OpenMono/mono/mbedlib.a(serial_api.o)
                0x00003b24                serial_writable
 .text.serial_usbuart_try_enumeration
                0x00003b50       0x44 c:/OpenMono/mono/mbedlib.a(serial_usb_api.o)
                0x00003b50                serial_usbuart_try_enumeration
 .text.serial_usbuart_init_cdc
                0x00003b94       0xd4 c:/OpenMono/mono/mbedlib.a(serial_usb_api.o)
                0x00003b94                serial_usbuart_init_cdc
 .text.serial_usbuart_is_started
                0x00003c68       0x18 c:/OpenMono/mono/mbedlib.a(serial_usb_api.o)
                0x00003c68                serial_usbuart_is_started
 .text.serial_usbuart_stopped
                0x00003c80       0x20 c:/OpenMono/mono/mbedlib.a(serial_usb_api.o)
                0x00003c80                serial_usbuart_stopped
 .text.serial_usbuart_dtr
                0x00003ca0       0x34 c:/OpenMono/mono/mbedlib.a(serial_usb_api.o)
                0x00003ca0                serial_usbuart_dtr
 .text.us_ticker_systick_irq_handler
                0x00003cd4       0x84 c:/OpenMono/mono/mbedlib.a(us_ticker.o)
                0x00003cd4                us_ticker_systick_irq_handler
 .text.us_ticker_init
                0x00003d58       0x40 c:/OpenMono/mono/mbedlib.a(us_ticker.o)
                0x00003d58                us_ticker_init
 .text.us_ticker_read
                0x00003d98       0x54 c:/OpenMono/mono/mbedlib.a(us_ticker.o)
                0x00003d98                us_ticker_read
 .text.us_ticker_set_interrupt
                0x00003dec       0xc4 c:/OpenMono/mono/mbedlib.a(us_ticker.o)
                0x00003dec                us_ticker_set_interrupt
 .text.us_ticker_disable_interrupt
                0x00003eb0       0x1c c:/OpenMono/mono/mbedlib.a(us_ticker.o)
                0x00003eb0                us_ticker_disable_interrupt
 .text.us_ticker_clear_interrupt
                0x00003ecc        0xc c:/OpenMono/mono/mbedlib.a(us_ticker.o)
                0x00003ecc                us_ticker_clear_interrupt
 .text.get_us_ticker_data
                0x00003ed8       0x14 c:/OpenMono/mono/mbedlib.a(us_ticker_api.o)
                0x00003ed8                get_us_ticker_data
 .text.us_ticker_irq_handler
                0x00003eec       0x14 c:/OpenMono/mono/mbedlib.a(us_ticker_api.o)
                0x00003eec                us_ticker_irq_handler
 .text._ZN4mbed8FilePathC2EPKc
                0x00003f00       0x88 c:/OpenMono/mono/mbedlib.a(FilePath.o)
                0x00003f00                mbed::FilePath::FilePath(char const*)
                0x00003f00                mbed::FilePath::FilePath(char const*)
 .text._ZN4mbed8FilePath8fileNameEv
                0x00003f88       0x18 c:/OpenMono/mono/mbedlib.a(FilePath.o)
                0x00003f88                mbed::FilePath::fileName()
 .text._ZN4mbed8FilePath12isFileSystemEv
                0x00003fa0       0x34 c:/OpenMono/mono/mbedlib.a(FilePath.o)
                0x00003fa0                mbed::FilePath::isFileSystem()
 .text._ZN4mbed8FilePath10fileSystemEv
                0x00003fd4       0x24 c:/OpenMono/mono/mbedlib.a(FilePath.o)
                0x00003fd4                mbed::FilePath::fileSystem()
 .text._ZN4mbed8FilePath6isFileEv
                0x00003ff8       0x34 c:/OpenMono/mono/mbedlib.a(FilePath.o)
                0x00003ff8                mbed::FilePath::isFile()
 .text._ZN4mbed8FilePath4fileEv
                0x0000402c       0x34 c:/OpenMono/mono/mbedlib.a(FilePath.o)
                0x0000402c                mbed::FilePath::file()
 .text._ZN4mbed8FilePath6existsEv
                0x00004060       0x20 c:/OpenMono/mono/mbedlib.a(FilePath.o)
                0x00004060                mbed::FilePath::exists()
 .text._ZN4mbed9DirHandle7telldirEv
                0x00004080       0x18 c:/OpenMono/mono/mbedlib.a(FileSystemLike.o)
                0x00004080                mbed::DirHandle::telldir()
 .text._ZN4mbed9DirHandle7seekdirEl
                0x00004098       0x14 c:/OpenMono/mono/mbedlib.a(FileSystemLike.o)
                0x00004098                mbed::DirHandle::seekdir(long)
 .text._ZN4mbed9DirHandleD2Ev
                0x000040ac       0x28 c:/OpenMono/mono/mbedlib.a(FileSystemLike.o)
                0x000040ac                mbed::DirHandle::~DirHandle()
                0x000040ac                mbed::DirHandle::~DirHandle()
 .text._ZN4mbed9DirHandleD0Ev
                0x000040d4       0x20 c:/OpenMono/mono/mbedlib.a(FileSystemLike.o)
                0x000040d4                mbed::DirHandle::~DirHandle()
 .text._ZN4mbed14FileSystemLike6removeEPKc
                0x000040f4       0x18 c:/OpenMono/mono/mbedlib.a(FileSystemLike.o)
                0x000040f4                mbed::FileSystemLike::remove(char const*)
 .text._ZN4mbed14FileSystemLike6renameEPKcS2_
                0x0000410c       0x1c c:/OpenMono/mono/mbedlib.a(FileSystemLike.o)
                0x0000410c                mbed::FileSystemLike::rename(char const*, char const*)
 .text._ZN4mbed14FileSystemLike7opendirEPKc
                0x00004128       0x18 c:/OpenMono/mono/mbedlib.a(FileSystemLike.o)
                0x00004128                mbed::FileSystemLike::opendir(char const*)
 .text._ZN4mbed14FileSystemLike5mkdirEPKcj
                0x00004140       0x1c c:/OpenMono/mono/mbedlib.a(FileSystemLike.o)
                0x00004140                mbed::FileSystemLike::mkdir(char const*, unsigned int)
 .text._ZN4mbed9DirHandleC2Ev
                0x0000415c       0x20 c:/OpenMono/mono/mbedlib.a(FileSystemLike.o)
                0x0000415c                mbed::DirHandle::DirHandle()
                0x0000415c                mbed::DirHandle::DirHandle()
 .text._ZN4mbed14FileSystemLikeC2EPKc
                0x0000417c       0x2c c:/OpenMono/mono/mbedlib.a(FileSystemLike.o)
                0x0000417c                mbed::FileSystemLike::FileSystemLike(char const*)
                0x0000417c                mbed::FileSystemLike::FileSystemLike(char const*)
 .text._ZN4mbed14FileSystemLikeD2Ev
                0x000041a8       0x30 c:/OpenMono/mono/mbedlib.a(FileSystemLike.o)
                0x000041a8                mbed::FileSystemLike::~FileSystemLike()
                0x000041a8                mbed::FileSystemLike::~FileSystemLike()
 .text.mbed_die
                0x000041d8       0x9c c:/OpenMono/mono/mbedlib.a(board.o)
                0x000041d8                mbed_die
 .text.ticker_set_handler
                0x00004274       0x24 c:/OpenMono/mono/mbedlib.a(ticker_api.o)
                0x00004274                ticker_set_handler
 .text.ticker_irq_handler
                0x00004298       0x84 c:/OpenMono/mono/mbedlib.a(ticker_api.o)
                0x00004298                ticker_irq_handler
 .text.ticker_insert_event
                0x0000431c       0x7c c:/OpenMono/mono/mbedlib.a(ticker_api.o)
                0x0000431c                ticker_insert_event
 .text.ticker_remove_event
                0x00004398       0x80 c:/OpenMono/mono/mbedlib.a(ticker_api.o)
                0x00004398                ticker_remove_event
 .text.ticker_read
                0x00004418       0x1c c:/OpenMono/mono/mbedlib.a(ticker_api.o)
                0x00004418                ticker_read
 .text._ZN4mbed8FileBaseC2EPKcNS_8PathTypeE
                0x00004434       0x58 c:/OpenMono/mono/mbedlib.a(FileBase.o)
                0x00004434                mbed::FileBase::FileBase(char const*, mbed::PathType)
                0x00004434                mbed::FileBase::FileBase(char const*, mbed::PathType)
 .text._ZN4mbed8FileBaseD2Ev
                0x0000448c       0x68 c:/OpenMono/mono/mbedlib.a(FileBase.o)
                0x0000448c                mbed::FileBase::~FileBase()
                0x0000448c                mbed::FileBase::~FileBase()
 .text._ZN4mbed8FileBaseD0Ev
                0x000044f4       0x20 c:/OpenMono/mono/mbedlib.a(FileBase.o)
                0x000044f4                mbed::FileBase::~FileBase()
 .text._ZN4mbed8FileBase6lookupEPKcj
                0x00004514       0x60 c:/OpenMono/mono/mbedlib.a(FileBase.o)
                0x00004514                mbed::FileBase::lookup(char const*, unsigned int)
 .text._ZN4mbed8FileBase11getPathTypeEv
                0x00004574       0x18 c:/OpenMono/mono/mbedlib.a(FileBase.o)
                0x00004574                mbed::FileBase::getPathType()
 .text._ZN4mbed10SerialBaseD2Ev
                0x0000458c       0x28 build/app_controller.o
                0x0000458c                mbed::SerialBase::~SerialBase()
                0x0000458c                mbed::SerialBase::~SerialBase()
 .text._ZN4mbed10SerialBaseD0Ev
                0x000045b4       0x20 build/app_controller.o
                0x000045b4                mbed::SerialBase::~SerialBase()
 .text._ZN4mono5Timer11setCallbackEPFvvE
                0x000045d4       0x20 build/app_controller.o
                0x000045d4                mono::Timer::setCallback(void (*)())
 .text._ZN4mono19IApplicationContext14EnterSleepModeEv
                0x000045f4       0x1c build/app_controller.o
                0x000045f4                mono::IApplicationContext::EnterSleepMode()
 .text._ZN4mono19IApplicationContext26SoftwareResetToApplicationEv
                0x00004610       0x20 build/app_controller.o
                0x00004610                mono::IApplicationContext::SoftwareResetToApplication()
 .text._ZN4mono12IApplicationC2Ev
                0x00004630       0x20 build/app_controller.o
                0x00004630                mono::IApplication::IApplication()
                0x00004630                mono::IApplication::IApplication()
 .text._ZN7ToucherC2EP13AppController
                0x00004650       0x2c build/app_controller.o
                0x00004650                Toucher::Toucher(AppController*)
                0x00004650                Toucher::Toucher(AppController*)
 .text._ZN7Toucher15RespondTouchEndERN4mono10TouchEventE
                0x0000467c       0x14 build/app_controller.o
                0x0000467c                Toucher::RespondTouchEnd(mono::TouchEvent&)
 .text._ZN13AppControllerC2Ev
                0x00004690       0xb0 build/app_controller.o
                0x00004690                AppController::AppController()
                0x00004690                AppController::AppController()
 .text._ZN13AppController17monoWakeFromResetEv
                0x00004740       0x88 build/app_controller.o
                0x00004740                AppController::monoWakeFromReset()
 .text._ZN13AppController17monoWakeFromSleepEv
                0x000047c8       0x14 build/app_controller.o
                0x000047c8                AppController::monoWakeFromSleep()
 .text._ZN13AppController17monoWillGotoSleepEv
                0x000047dc       0x28 build/app_controller.o
                0x000047dc                AppController::monoWillGotoSleep()
 .text._ZN13AppController23getTemperatureInCelciusEv
                0x00004804       0xb0 build/app_controller.o
                0x00004804                AppController::getTemperatureInCelcius()
 .text._Z17formatTemperatureiic
                0x000048b4       0x58 build/app_controller.o
                0x000048b4                formatTemperature(int, int, char)
 .text._ZN13AppController6updateEv
                0x0000490c      0x188 build/app_controller.o
                0x0000490c                AppController::update()
 .text._ZN13AppController16measureAndUpdateEv
                0x00004a94       0x34 build/app_controller.o
                0x00004a94                AppController::measureAndUpdate()
 .text._Z24translateCharToFontIndexc
                0x00004ac8       0x5c build/app_controller.o
                0x00004ac8                translateCharToFontIndex(char)
 .text._ZN13AppController15drawTemperatureEN4mono6StringEhh
                0x00004b24       0x7c build/app_controller.o
                0x00004b24                AppController::drawTemperature(mono::String, unsigned char, unsigned char)
 .text._ZN13AppController8blitCharEihh
                0x00004ba0       0xd8 build/app_controller.o
                0x00004ba0                AppController::blitChar(int, unsigned char, unsigned char)
 .text._ZN13AppController8showLogoEv
                0x00004c78       0x50 build/app_controller.o
                0x00004c78                AppController::showLogo()
 .text._ZN13AppController9blitImageERKN4mono3geo5PointEPhiiNS0_7display5ColorEh
                0x00004cc8       0x9c build/app_controller.o
                0x00004cc8                AppController::blitImage(mono::geo::Point const&, unsigned char*, int, int, mono::display::Color, unsigned char)
 .text._ZN13AppController9blitColorERKN4mono3geo5PointEiiNS0_7display5ColorEh
                0x00004d64       0x88 build/app_controller.o
                0x00004d64                AppController::blitColor(mono::geo::Point const&, int, int, mono::display::Color, unsigned char)
 .text._ZN13AppController12wifiDidStartEv
                0x00004dec       0x1c build/app_controller.o
                0x00004dec                AppController::wifiDidStart()
 .text._ZN4mbed19FunctionPointerArg1IvvE6attachEPFvvE
                0x00004e08       0x20 build/app_controller.o
                0x00004e08                mbed::FunctionPointerArg1<void, void>::attach(void (*)())
 .text._ZN4mono5Timer11setCallbackI13AppControllerEEvPT_MS3_FvvE
                0x00004e28       0x28 build/app_controller.o
                0x00004e28                void mono::Timer::setCallback<AppController>(AppController*, void (AppController::*)())
 .text._ZN4mbed19FunctionPointerArg1IvvE6attachI13AppControllerEEvPT_MS4_FvvE
                0x00004e50       0x3c build/app_controller.o
                0x00004e50                void mbed::FunctionPointerArg1<void, void>::attach<AppController>(AppController*, void (AppController::*)())
 .text._ZN4mono5Timer8callOnceI14InternetUploadEEPS0_mPT_MS4_FvvE
                0x00004e8c       0x4c build/app_controller.o
                0x00004e8c                mono::Timer* mono::Timer::callOnce<InternetUpload>(unsigned long, InternetUpload*, void (InternetUpload::*)())
 .text._ZN4mbed19FunctionPointerArg1IvvE12membercallerI13AppControllerEEvPvPj
                0x00004ed8       0x50 build/app_controller.o
                0x00004ed8                void mbed::FunctionPointerArg1<void, void>::membercaller<AppController>(void*, unsigned int*)
 .text._ZN4mono5Timer11setCallbackI14InternetUploadEEvPT_MS3_FvvE
                0x00004f28       0x28 build/app_controller.o
                0x00004f28                void mono::Timer::setCallback<InternetUpload>(InternetUpload*, void (InternetUpload::*)())
 .text._ZN4mbed19FunctionPointerArg1IvvE6attachI14InternetUploadEEvPT_MS4_FvvE
                0x00004f50       0x3c build/app_controller.o
                0x00004f50                void mbed::FunctionPointerArg1<void, void>::attach<InternetUpload>(InternetUpload*, void (InternetUpload::*)())
 .text._ZN4mbed19FunctionPointerArg1IvvE12membercallerI14InternetUploadEEvPvPj
                0x00004f8c       0x50 build/app_controller.o
                0x00004f8c                void mbed::FunctionPointerArg1<void, void>::membercaller<InternetUpload>(void*, unsigned int*)
 .text._ZN4mbed6SerialD2Ev
                0x00004fdc       0x60 build/app_controller.o
                0x00004fdc                mbed::Serial::~Serial()
                0x00004fdc                mbed::Serial::~Serial()
                0x0000502c                non-virtual thunk to mbed::Serial::~Serial()
                0x00005034                non-virtual thunk to mbed::Serial::~Serial()
 .text._ZN4mbed6SerialD0Ev
                0x0000503c       0x30 build/app_controller.o
                0x0000503c                mbed::Serial::~Serial()
                0x0000505c                non-virtual thunk to mbed::Serial::~Serial()
                0x00005064                non-virtual thunk to mbed::Serial::~Serial()
 .text._ZN4mono2io6SerialD2Ev
                0x0000506c       0x54 build/app_controller.o
                0x0000506c                mono::io::Serial::~Serial()
                0x0000506c                mono::io::Serial::~Serial()
                0x000050b0                non-virtual thunk to mono::io::Serial::~Serial()
                0x000050b8                non-virtual thunk to mono::io::Serial::~Serial()
 .text._ZN4mono2io6SerialD0Ev
                0x000050c0       0x30 build/app_controller.o
                0x000050c0                mono::io::Serial::~Serial()
                0x000050e0                non-virtual thunk to mono::io::Serial::~Serial()
                0x000050e8                non-virtual thunk to mono::io::Serial::~Serial()
 .text._Z41__static_initialization_and_destruction_0ii
                0x000050f0      0x164 build/app_controller.o
 .text._GLOBAL__sub_I__ZN7ToucherC2EP13AppController
                0x00005254       0x10 build/app_controller.o
 .text._ZN9GraphViewC2Ehh
                0x00005264       0x68 build/graph_view.o
                0x00005264                GraphView::GraphView(unsigned char, unsigned char)
                0x00005264                GraphView::GraphView(unsigned char, unsigned char)
 .text._ZN9GraphView7repaintEv
                0x000052cc       0x60 build/graph_view.o
                0x000052cc                GraphView::repaint()
 .text._ZN9GraphView12deletePointsEv
                0x0000532c       0x9c build/graph_view.o
                0x0000532c                GraphView::deletePoints()
 .text._ZN9GraphView10drawPointsEv
                0x000053c8       0x9c build/graph_view.o
                0x000053c8                GraphView::drawPoints()
 .text._ZN9GraphView11deletePointEhf
                0x00005464       0x98 build/graph_view.o
                0x00005464                GraphView::deletePoint(unsigned char, float)
 .text._ZN9GraphView9drawPointEhf
                0x000054fc       0xe8 build/graph_view.o
                0x000054fc                GraphView::drawPoint(unsigned char, float)
 .text._ZN9GraphView15convertPointToYEf
                0x000055e4       0x98 build/graph_view.o
                0x000055e4                GraphView::convertPointToY(float)
 .text._ZN9GraphView12setNextPointEf
                0x0000567c       0x78 build/graph_view.o
                0x0000567c                GraphView::setNextPoint(float)
 .text._ZN9GraphViewD2Ev
                0x000056f4       0x30 build/graph_view.o
                0x000056f4                GraphView::~GraphView()
                0x000056f4                GraphView::~GraphView()
 .text._ZN9GraphViewD0Ev
                0x00005724       0x20 build/graph_view.o
                0x00005724                GraphView::~GraphView()
 .text._Z41__static_initialization_and_destruction_0ii
                0x00005744      0x164 build/graph_view.o
 .text._GLOBAL__sub_I__ZN9GraphViewC2Ehh
                0x000058a8       0x10 build/graph_view.o
 .text._ZN14InternetUploadC2Ev
                0x000058b8       0xa8 build/internet_upload.o
                0x000058b8                InternetUpload::InternetUpload()
                0x000058b8                InternetUpload::InternetUpload()
 .text._ZN14InternetUpload4initEv
                0x00005960       0x98 build/internet_upload.o
                0x00005960                InternetUpload::init()
 .text._ZN14InternetUpload11connectWifiEv
                0x000059f8       0x7c build/internet_upload.o
                0x000059f8                InternetUpload::connectWifi()
 .text._ZN14InternetUpload13wifiConnectedEv
                0x00005a74       0x34 build/internet_upload.o
                0x00005a74                InternetUpload::wifiConnected()
 .text._ZN14InternetUpload13beginDownloadEv
                0x00005aa8      0x100 build/internet_upload.o
                0x00005aa8                InternetUpload::beginDownload()
 .text._ZN14InternetUpload14httpCompletionEPN4mono7network15INetworkRequest15CompletionEventE
                0x00005ba8       0x9c build/internet_upload.o
                0x00005ba8                InternetUpload::httpCompletion(mono::network::INetworkRequest::CompletionEvent*)
 .text._ZN4mbed19FunctionPointerArg1IvvEC2EPFvvE
                0x00005c44       0x1c build/internet_upload.o
                0x00005c44                mbed::FunctionPointerArg1<void, void>::FunctionPointerArg1(void (*)())
                0x00005c44                mbed::FunctionPointerArg1<void, void>::FunctionPointerArg1(void (*)())
 .text._ZN4mono7redpine6Module23setNetworkReadyCallbackI14InternetUploadEEvPT_MS4_FvvE
                0x00005c60       0x2c build/internet_upload.o
                0x00005c60                void mono::redpine::Module::setNetworkReadyCallback<InternetUpload>(InternetUpload*, void (InternetUpload::*)())
 .text._ZN4mbed19FunctionPointerArg1IvvE4callEv
                0x00005c8c       0x4c build/internet_upload.o
                0x00005c8c                mbed::FunctionPointerArg1<void, void>::call()
 .text._ZN4mono7network15INetworkRequest21setCompletionCallbackI14InternetUploadEEvPT_MS4_FvPNS1_15CompletionEventEE
                0x00005cd8       0x28 build/internet_upload.o
                0x00005cd8                void mono::network::INetworkRequest::setCompletionCallback<InternetUpload>(InternetUpload*, void (InternetUpload::*)(mono::network::INetworkRequest::CompletionEvent*))
 .text._ZN4mbed19FunctionPointerArg1IvPN4mono7network15INetworkRequest15CompletionEventEE6attachI14InternetUploadEEvPT_MS9_FvS5_E
                0x00005d00       0x3c build/internet_upload.o
                0x00005d00                void mbed::FunctionPointerArg1<void, mono::network::INetworkRequest::CompletionEvent*>::attach<InternetUpload>(InternetUpload*, void (InternetUpload::*)(mono::network::INetworkRequest::CompletionEvent*))
 .text._ZN4mbed19FunctionPointerArg1IvPN4mono7network15INetworkRequest15CompletionEventEE12membercallerI14InternetUploadEEvPvPjS5_
                0x00005d3c       0x54 build/internet_upload.o
                0x00005d3c                void mbed::FunctionPointerArg1<void, mono::network::INetworkRequest::CompletionEvent*>::membercaller<InternetUpload>(void*, unsigned int*, mono::network::INetworkRequest::CompletionEvent*)
 .text._Z41__static_initialization_and_destruction_0ii
                0x00005d90      0x164 build/internet_upload.o
 .text._GLOBAL__sub_I__ZN14InternetUploadC2Ev
                0x00005ef4       0x10 build/internet_upload.o
 .text._ZN4mbed3SPID2Ev
                0x00005f04       0x28 build/mono_default_main.o
                0x00005f04                mbed::SPI::~SPI()
                0x00005f04                mbed::SPI::~SPI()
 .text._ZN4mbed3SPID0Ev
                0x00005f2c       0x20 build/mono_default_main.o
                0x00005f2c                mbed::SPI::~SPI()
 .text._ZN4mono12IApplication12enterRunLoopEv
                0x00005f4c       0x28 build/mono_default_main.o
                0x00005f4c                mono::IApplication::enterRunLoop()
 .text._ZN4mono7redpine22ModuleSPICommunicationD2Ev
                0x00005f74       0x3c build/mono_default_main.o
                0x00005f74                mono::redpine::ModuleSPICommunication::~ModuleSPICommunication()
                0x00005f74                mono::redpine::ModuleSPICommunication::~ModuleSPICommunication()
 .text._ZN14InternetUploadD2Ev
                0x00005fb0       0x60 build/mono_default_main.o
                0x00005fb0                InternetUpload::~InternetUpload()
                0x00005fb0                InternetUpload::~InternetUpload()
 .text._ZN13AppControllerD2Ev
                0x00006010       0x50 build/mono_default_main.o
                0x00006010                AppController::~AppController()
                0x00006010                AppController::~AppController()
 .text.main     0x00006060       0x48 build/mono_default_main.o
                0x00006060                main
 .text._Z41__static_initialization_and_destruction_0ii
                0x000060a8      0x164 build/mono_default_main.o
 .text._ZN4mono2ui14BackgroundViewD2Ev
                0x0000620c       0x30 build/mono_default_main.o
                0x0000620c                mono::ui::BackgroundView::~BackgroundView()
                0x0000620c                mono::ui::BackgroundView::~BackgroundView()
 .text._ZN4mono2ui14BackgroundViewD0Ev
                0x0000623c       0x20 build/mono_default_main.o
                0x0000623c                mono::ui::BackgroundView::~BackgroundView()
 .text._ZN12SDFileSystemD2Ev
                0x0000625c       0x3c build/mono_default_main.o
                0x0000625c                SDFileSystem::~SDFileSystem()
                0x0000625c                SDFileSystem::~SDFileSystem()
 .text._ZN12SDFileSystemD0Ev
                0x00006298       0x20 build/mono_default_main.o
                0x00006298                SDFileSystem::~SDFileSystem()
 .text._GLOBAL__sub_I_mono_default_main.cpp
                0x000062b8       0x10 build/mono_default_main.o
 .text.__aeabi_atexit
                0x000062c8        0xa c:/openmono/gcc-arm-none-eabi-5_2-2015q4-20151219-win32/bin/../lib/gcc/arm-none-eabi/5.2.1/../../../../arm-none-eabi/lib/armv7-m\libstdc++_nano.a(atexit_arm.o)
                0x000062c8                __aeabi_atexit
 .text._ZdlPv   0x000062d2        0x4 c:/openmono/gcc-arm-none-eabi-5_2-2015q4-20151219-win32/bin/../lib/gcc/arm-none-eabi/5.2.1/../../../../arm-none-eabi/lib/armv7-m\libstdc++_nano.a(del_op.o)
                0x000062d2                operator delete(void*)
 .text._Znwj    0x000062d6       0x22 c:/openmono/gcc-arm-none-eabi-5_2-2015q4-20151219-win32/bin/../lib/gcc/arm-none-eabi/5.2.1/../../../../arm-none-eabi/lib/armv7-m\libstdc++_nano.a(new_op.o)
                0x000062d6                operator new(unsigned int)
 .text.__cxa_pure_virtual
                0x000062f8       0x14 c:/openmono/gcc-arm-none-eabi-5_2-2015q4-20151219-win32/bin/../lib/gcc/arm-none-eabi/5.2.1/../../../../arm-none-eabi/lib/armv7-m\libstdc++_nano.a(pure.o)
                0x000062f8                __cxa_pure_virtual
 .text._ZSt15get_new_handlerv
                0x0000630c       0x10 c:/openmono/gcc-arm-none-eabi-5_2-2015q4-20151219-win32/bin/../lib/gcc/arm-none-eabi/5.2.1/../../../../arm-none-eabi/lib/armv7-m\libstdc++_nano.a(new_handler.o)
                0x0000630c                std::get_new_handler()
 .text._ZN10__cxxabiv111__terminateEPFvvE
                0x0000631c        0x8 c:/openmono/gcc-arm-none-eabi-5_2-2015q4-20151219-win32/bin/../lib/gcc/arm-none-eabi/5.2.1/../../../../arm-none-eabi/lib/armv7-m\libstdc++_nano.a(eh_terminate.o)
                0x0000631c                __cxxabiv1::__terminate(void (*)())
 .text._ZSt13get_terminatev
                0x00006324       0x10 c:/openmono/gcc-arm-none-eabi-5_2-2015q4-20151219-win32/bin/../lib/gcc/arm-none-eabi/5.2.1/../../../../arm-none-eabi/lib/armv7-m\libstdc++_nano.a(eh_terminate.o)
                0x00006324                std::get_terminate()
 .text._ZSt9terminatev
                0x00006334        0xa c:/openmono/gcc-arm-none-eabi-5_2-2015q4-20151219-win32/bin/../lib/gcc/arm-none-eabi/5.2.1/../../../../arm-none-eabi/lib/armv7-m\libstdc++_nano.a(eh_terminate.o)
                0x00006334                std::terminate()
 *fill*         0x0000633e        0x2 
 .text._ZN9__gnu_cxx27__verbose_terminate_handlerEv
                0x00006340       0x9c c:/openmono/gcc-arm-none-eabi-5_2-2015q4-20151219-win32/bin/../lib/gcc/arm-none-eabi/5.2.1/../../../../arm-none-eabi/lib/armv7-m\libstdc++_nano.a(vterminate.o)
                0x00006340                __gnu_cxx::__verbose_terminate_handler()
 .text          0x000063dc     0x82b0 c:/openmono/gcc-arm-none-eabi-5_2-2015q4-20151219-win32/bin/../lib/gcc/arm-none-eabi/5.2.1/../../../../arm-none-eabi/lib/armv7-m\libstdc++_nano.a(cp-demangle.o)
                0x0000e5ac                __cxa_demangle
                0x0000e668                __gcclibcxx_demangle_callback
 .text.__cxa_current_exception_type
                0x0000e68c       0x1a c:/openmono/gcc-arm-none-eabi-5_2-2015q4-20151219-win32/bin/../lib/gcc/arm-none-eabi/5.2.1/../../../../arm-none-eabi/lib/armv7-m\libstdc++_nano.a(eh_type.o)
                0x0000e68c                __cxa_current_exception_type
 *fill*         0x0000e6a6        0x2 
 .text.__cxa_get_globals
                0x0000e6a8        0x8 c:/openmono/gcc-arm-none-eabi-5_2-2015q4-20151219-win32/bin/../lib/gcc/arm-none-eabi/5.2.1/../../../../arm-none-eabi/lib/armv7-m\libstdc++_nano.a(eh_globals.o)
                0x0000e6a8                __cxa_get_globals
 .text.abort    0x0000e6b0        0xe c:/openmono/gcc-arm-none-eabi-5_2-2015q4-20151219-win32/bin/../lib/gcc/arm-none-eabi/5.2.1/../../../../arm-none-eabi/lib/armv7-m\libc_nano.a(lib_a-abort.o)
                0x0000e6b0                abort
 *fill*         0x0000e6be        0x2 
 .text.__cxa_atexit
                0x0000e6c0       0x1c c:/openmono/gcc-arm-none-eabi-5_2-2015q4-20151219-win32/bin/../lib/gcc/arm-none-eabi/5.2.1/../../../../arm-none-eabi/lib/armv7-m\libc_nano.a(lib_a-cxa_atexit.o)
                0x0000e6c0                __cxa_atexit
 .text.__errno  0x0000e6dc        0xc c:/openmono/gcc-arm-none-eabi-5_2-2015q4-20151219-win32/bin/../lib/gcc/arm-none-eabi/5.2.1/../../../../arm-none-eabi/lib/armv7-m\libc_nano.a(lib_a-errno.o)
                0x0000e6dc                __errno
 .text.__sflush_r
                0x0000e6e8      0x10c c:/openmono/gcc-arm-none-eabi-5_2-2015q4-20151219-win32/bin/../lib/gcc/arm-none-eabi/5.2.1/../../../../arm-none-eabi/lib/armv7-m\libc_nano.a(lib_a-fflush.o)
                0x0000e6e8                __sflush_r
 .text._fflush_r
                0x0000e7f4       0x54 c:/openmono/gcc-arm-none-eabi-5_2-2015q4-20151219-win32/bin/../lib/gcc/arm-none-eabi/5.2.1/../../../../arm-none-eabi/lib/armv7-m\libc_nano.a(lib_a-fflush.o)
                0x0000e7f4                _fflush_r
 .text.fflush   0x0000e848       0x24 c:/openmono/gcc-arm-none-eabi-5_2-2015q4-20151219-win32/bin/../lib/gcc/arm-none-eabi/5.2.1/../../../../arm-none-eabi/lib/armv7-m\libc_nano.a(lib_a-fflush.o)
                0x0000e848                fflush
 .text._cleanup_r
                0x0000e86c        0xc c:/openmono/gcc-arm-none-eabi-5_2-2015q4-20151219-win32/bin/../lib/gcc/arm-none-eabi/5.2.1/../../../../arm-none-eabi/lib/armv7-m\libc_nano.a(lib_a-findfp.o)
                0x0000e86c                _cleanup_r
 .text.std.isra.0
                0x0000e878       0x48 c:/openmono/gcc-arm-none-eabi-5_2-2015q4-20151219-win32/bin/../lib/gcc/arm-none-eabi/5.2.1/../../../../arm-none-eabi/lib/armv7-m\libc_nano.a(lib_a-findfp.o)
 .text.__sfmoreglue
                0x0000e8c0       0x2c c:/openmono/gcc-arm-none-eabi-5_2-2015q4-20151219-win32/bin/../lib/gcc/arm-none-eabi/5.2.1/../../../../arm-none-eabi/lib/armv7-m\libc_nano.a(lib_a-findfp.o)
                0x0000e8c0                __sfmoreglue
 .text.__sinit  0x0000e8ec       0x60 c:/openmono/gcc-arm-none-eabi-5_2-2015q4-20151219-win32/bin/../lib/gcc/arm-none-eabi/5.2.1/../../../../arm-none-eabi/lib/armv7-m\libc_nano.a(lib_a-findfp.o)
                0x0000e8ec                __sinit
 .text.__sfp    0x0000e94c       0x78 c:/openmono/gcc-arm-none-eabi-5_2-2015q4-20151219-win32/bin/../lib/gcc/arm-none-eabi/5.2.1/../../../../arm-none-eabi/lib/armv7-m\libc_nano.a(lib_a-findfp.o)
                0x0000e94c                __sfp
 .text.__sfp_lock_acquire
                0x0000e9c4        0x2 c:/openmono/gcc-arm-none-eabi-5_2-2015q4-20151219-win32/bin/../lib/gcc/arm-none-eabi/5.2.1/../../../../arm-none-eabi/lib/armv7-m\libc_nano.a(lib_a-findfp.o)
                0x0000e9c4                __sfp_lock_acquire
 .text.__sfp_lock_release
                0x0000e9c6        0x2 c:/openmono/gcc-arm-none-eabi-5_2-2015q4-20151219-win32/bin/../lib/gcc/arm-none-eabi/5.2.1/../../../../arm-none-eabi/lib/armv7-m\libc_nano.a(lib_a-findfp.o)
                0x0000e9c6                __sfp_lock_release
 .text._fputs_r
                0x0000e9c8       0xa8 c:/openmono/gcc-arm-none-eabi-5_2-2015q4-20151219-win32/bin/../lib/gcc/arm-none-eabi/5.2.1/../../../../arm-none-eabi/lib/armv7-m\libc_nano.a(lib_a-fputs.o)
                0x0000e9c8                _fputs_r
 .text.fputs    0x0000ea70       0x10 c:/openmono/gcc-arm-none-eabi-5_2-2015q4-20151219-win32/bin/../lib/gcc/arm-none-eabi/5.2.1/../../../../arm-none-eabi/lib/armv7-m\libc_nano.a(lib_a-fputs.o)
                0x0000ea70                fputs
 .text._fwalk_reent
                0x0000ea80       0x3c c:/openmono/gcc-arm-none-eabi-5_2-2015q4-20151219-win32/bin/../lib/gcc/arm-none-eabi/5.2.1/../../../../arm-none-eabi/lib/armv7-m\libc_nano.a(lib_a-fwalk.o)
                0x0000ea80                _fwalk_reent
 .text.__libc_init_array
                0x0000eabc       0x4c c:/openmono/gcc-arm-none-eabi-5_2-2015q4-20151219-win32/bin/../lib/gcc/arm-none-eabi/5.2.1/../../../../arm-none-eabi/lib/armv7-m\libc_nano.a(lib_a-init.o)
                0x0000eabc                __libc_init_array
 .text.malloc   0x0000eb08       0x10 c:/openmono/gcc-arm-none-eabi-5_2-2015q4-20151219-win32/bin/../lib/gcc/arm-none-eabi/5.2.1/../../../../arm-none-eabi/lib/armv7-m\libc_nano.a(lib_a-malloc.o)
                0x0000eb08                malloc
 .text.free     0x0000eb18       0x10 c:/openmono/gcc-arm-none-eabi-5_2-2015q4-20151219-win32/bin/../lib/gcc/arm-none-eabi/5.2.1/../../../../arm-none-eabi/lib/armv7-m\libc_nano.a(lib_a-malloc.o)
                0x0000eb18                free
 .text.memchr   0x0000eb28       0x1c c:/openmono/gcc-arm-none-eabi-5_2-2015q4-20151219-win32/bin/../lib/gcc/arm-none-eabi/5.2.1/../../../../arm-none-eabi/lib/armv7-m\libc_nano.a(lib_a-memchr-stub.o)
                0x0000eb28                memchr
 .text.memcmp   0x0000eb44       0x1e c:/openmono/gcc-arm-none-eabi-5_2-2015q4-20151219-win32/bin/../lib/gcc/arm-none-eabi/5.2.1/../../../../arm-none-eabi/lib/armv7-m\libc_nano.a(lib_a-memcmp.o)
                0x0000eb44                memcmp
 .text.memcpy   0x0000eb62       0x16 c:/openmono/gcc-arm-none-eabi-5_2-2015q4-20151219-win32/bin/../lib/gcc/arm-none-eabi/5.2.1/../../../../arm-none-eabi/lib/armv7-m\libc_nano.a(lib_a-memcpy-stub.o)
                0x0000eb62                memcpy
 .text.memset   0x0000eb78       0x10 c:/openmono/gcc-arm-none-eabi-5_2-2015q4-20151219-win32/bin/../lib/gcc/arm-none-eabi/5.2.1/../../../../arm-none-eabi/lib/armv7-m\libc_nano.a(lib_a-memset.o)
                0x0000eb78                memset
 .text._free_r  0x0000eb88       0x88 c:/openmono/gcc-arm-none-eabi-5_2-2015q4-20151219-win32/bin/../lib/gcc/arm-none-eabi/5.2.1/../../../../arm-none-eabi/lib/armv7-m\libc_nano.a(lib_a-nano-freer.o)
                0x0000eb88                _free_r
 .text._malloc_r
                0x0000ec10       0xa8 c:/openmono/gcc-arm-none-eabi-5_2-2015q4-20151219-win32/bin/../lib/gcc/arm-none-eabi/5.2.1/../../../../arm-none-eabi/lib/armv7-m\libc_nano.a(lib_a-nano-mallocr.o)
                0x0000ec10                _malloc_r
 .text.realloc  0x0000ecb8       0x10 c:/openmono/gcc-arm-none-eabi-5_2-2015q4-20151219-win32/bin/../lib/gcc/arm-none-eabi/5.2.1/../../../../arm-none-eabi/lib/armv7-m\libc_nano.a(lib_a-realloc.o)
                0x0000ecb8                realloc
 .text._sbrk_r  0x0000ecc8       0x20 c:/openmono/gcc-arm-none-eabi-5_2-2015q4-20151219-win32/bin/../lib/gcc/arm-none-eabi/5.2.1/../../../../arm-none-eabi/lib/armv7-m\libc_nano.a(lib_a-sbrkr.o)
                0x0000ecc8                _sbrk_r
 .text.setbuf   0x0000ece8       0x10 c:/openmono/gcc-arm-none-eabi-5_2-2015q4-20151219-win32/bin/../lib/gcc/arm-none-eabi/5.2.1/../../../../arm-none-eabi/lib/armv7-m\libc_nano.a(lib_a-setbuf.o)
                0x0000ece8                setbuf
 .text.setvbuf  0x0000ecf8      0x110 c:/openmono/gcc-arm-none-eabi-5_2-2015q4-20151219-win32/bin/../lib/gcc/arm-none-eabi/5.2.1/../../../../arm-none-eabi/lib/armv7-m\libc_nano.a(lib_a-setvbuf.o)
                0x0000ecf8                setvbuf
 .text._raise_r
                0x0000ee08       0x54 c:/openmono/gcc-arm-none-eabi-5_2-2015q4-20151219-win32/bin/../lib/gcc/arm-none-eabi/5.2.1/../../../../arm-none-eabi/lib/armv7-m\libc_nano.a(lib_a-signal.o)
                0x0000ee08                _raise_r
 .text.raise    0x0000ee5c       0x10 c:/openmono/gcc-arm-none-eabi-5_2-2015q4-20151219-win32/bin/../lib/gcc/arm-none-eabi/5.2.1/../../../../arm-none-eabi/lib/armv7-m\libc_nano.a(lib_a-signal.o)
                0x0000ee5c                raise
 .text._kill_r  0x0000ee6c       0x24 c:/openmono/gcc-arm-none-eabi-5_2-2015q4-20151219-win32/bin/../lib/gcc/arm-none-eabi/5.2.1/../../../../arm-none-eabi/lib/armv7-m\libc_nano.a(lib_a-signalr.o)
                0x0000ee6c                _kill_r
 .text._getpid_r
                0x0000ee90        0x4 c:/openmono/gcc-arm-none-eabi-5_2-2015q4-20151219-win32/bin/../lib/gcc/arm-none-eabi/5.2.1/../../../../arm-none-eabi/lib/armv7-m\libc_nano.a(lib_a-signalr.o)
                0x0000ee90                _getpid_r
 .text.sprintf  0x0000ee94       0x48 c:/openmono/gcc-arm-none-eabi-5_2-2015q4-20151219-win32/bin/../lib/gcc/arm-none-eabi/5.2.1/../../../../arm-none-eabi/lib/armv7-m\libc_nano.a(lib_a-sprintf.o)
                0x0000ee94                siprintf
                0x0000ee94                sprintf
 .text.sscanf   0x0000eedc       0x54 c:/openmono/gcc-arm-none-eabi-5_2-2015q4-20151219-win32/bin/../lib/gcc/arm-none-eabi/5.2.1/../../../../arm-none-eabi/lib/armv7-m\libc_nano.a(lib_a-sscanf.o)
                0x0000eedc                siscanf
                0x0000eedc                sscanf
 .text.__sread  0x0000ef30       0x22 c:/openmono/gcc-arm-none-eabi-5_2-2015q4-20151219-win32/bin/../lib/gcc/arm-none-eabi/5.2.1/../../../../arm-none-eabi/lib/armv7-m\libc_nano.a(lib_a-stdio.o)
                0x0000ef30                __sread
 .text.__seofread
                0x0000ef52        0x4 c:/openmono/gcc-arm-none-eabi-5_2-2015q4-20151219-win32/bin/../lib/gcc/arm-none-eabi/5.2.1/../../../../arm-none-eabi/lib/armv7-m\libc_nano.a(lib_a-stdio.o)
                0x0000ef52                __seofread
 .text.__swrite
                0x0000ef56       0x38 c:/openmono/gcc-arm-none-eabi-5_2-2015q4-20151219-win32/bin/../lib/gcc/arm-none-eabi/5.2.1/../../../../arm-none-eabi/lib/armv7-m\libc_nano.a(lib_a-stdio.o)
                0x0000ef56                __swrite
 .text.__sseek  0x0000ef8e       0x24 c:/openmono/gcc-arm-none-eabi-5_2-2015q4-20151219-win32/bin/../lib/gcc/arm-none-eabi/5.2.1/../../../../arm-none-eabi/lib/armv7-m\libc_nano.a(lib_a-stdio.o)
                0x0000ef8e                __sseek
 .text.__sclose
                0x0000efb2        0x8 c:/openmono/gcc-arm-none-eabi-5_2-2015q4-20151219-win32/bin/../lib/gcc/arm-none-eabi/5.2.1/../../../../arm-none-eabi/lib/armv7-m\libc_nano.a(lib_a-stdio.o)
                0x0000efb2                __sclose
 .text          0x0000efba       0x14 c:/openmono/gcc-arm-none-eabi-5_2-2015q4-20151219-win32/bin/../lib/gcc/arm-none-eabi/5.2.1/../../../../arm-none-eabi/lib/armv7-m\libc_nano.a(lib_a-strcmp.o)
                0x0000efba                strcmp
 .text          0x0000efce       0x10 c:/openmono/gcc-arm-none-eabi-5_2-2015q4-20151219-win32/bin/../lib/gcc/arm-none-eabi/5.2.1/../../../../arm-none-eabi/lib/armv7-m\libc_nano.a(lib_a-strlen.o)
                0x0000efce                strlen
 .text.strncmp  0x0000efde       0x2a c:/openmono/gcc-arm-none-eabi-5_2-2015q4-20151219-win32/bin/../lib/gcc/arm-none-eabi/5.2.1/../../../../arm-none-eabi/lib/armv7-m\libc_nano.a(lib_a-strncmp.o)
                0x0000efde                strncmp
 .text.write    0x0000f008       0x14 c:/openmono/gcc-arm-none-eabi-5_2-2015q4-20151219-win32/bin/../lib/gcc/arm-none-eabi/5.2.1/../../../../arm-none-eabi/lib/armv7-m\libc_nano.a(lib_a-syswrite.o)
                0x0000f008                write
 .text.__swbuf_r
                0x0000f01c       0xa8 c:/openmono/gcc-arm-none-eabi-5_2-2015q4-20151219-win32/bin/../lib/gcc/arm-none-eabi/5.2.1/../../../../arm-none-eabi/lib/armv7-m\libc_nano.a(lib_a-wbuf.o)
                0x0000f01c                __swbuf_r
 .text._write_r
                0x0000f0c4       0x24 c:/openmono/gcc-arm-none-eabi-5_2-2015q4-20151219-win32/bin/../lib/gcc/arm-none-eabi/5.2.1/../../../../arm-none-eabi/lib/armv7-m\libc_nano.a(lib_a-writer.o)
                0x0000f0c4                _write_r
 .text.__swsetup_r
                0x0000f0e8       0xd8 c:/openmono/gcc-arm-none-eabi-5_2-2015q4-20151219-win32/bin/../lib/gcc/arm-none-eabi/5.2.1/../../../../arm-none-eabi/lib/armv7-m\libc_nano.a(lib_a-wsetup.o)
                0x0000f0e8                __swsetup_r
 .text._close_r
                0x0000f1c0       0x20 c:/openmono/gcc-arm-none-eabi-5_2-2015q4-20151219-win32/bin/../lib/gcc/arm-none-eabi/5.2.1/../../../../arm-none-eabi/lib/armv7-m\libc_nano.a(lib_a-closer.o)
                0x0000f1c0                _close_r
 .text._lseek_r
                0x0000f1e0       0x24 c:/openmono/gcc-arm-none-eabi-5_2-2015q4-20151219-win32/bin/../lib/gcc/arm-none-eabi/5.2.1/../../../../arm-none-eabi/lib/armv7-m\libc_nano.a(lib_a-lseekr.o)
                0x0000f1e0                _lseek_r
 .text.__smakebuf_r
                0x0000f204       0x98 c:/openmono/gcc-arm-none-eabi-5_2-2015q4-20151219-win32/bin/../lib/gcc/arm-none-eabi/5.2.1/../../../../arm-none-eabi/lib/armv7-m\libc_nano.a(lib_a-makebuf.o)
                0x0000f204                __smakebuf_r
 .text._realloc_r
                0x0000f29c       0x4c c:/openmono/gcc-arm-none-eabi-5_2-2015q4-20151219-win32/bin/../lib/gcc/arm-none-eabi/5.2.1/../../../../arm-none-eabi/lib/armv7-m\libc_nano.a(lib_a-nano-reallocr.o)
                0x0000f29c                _realloc_r
 .text.__ssputs_r
                0x0000f2e8       0xb2 c:/openmono/gcc-arm-none-eabi-5_2-2015q4-20151219-win32/bin/../lib/gcc/arm-none-eabi/5.2.1/../../../../arm-none-eabi/lib/armv7-m\libc_nano.a(lib_a-nano-svfprintf.o)
                0x0000f2e8                __ssputs_r
 *fill*         0x0000f39a        0x2 
 .text._svfprintf_r
                0x0000f39c      0x1e8 c:/openmono/gcc-arm-none-eabi-5_2-2015q4-20151219-win32/bin/../lib/gcc/arm-none-eabi/5.2.1/../../../../arm-none-eabi/lib/armv7-m\libc_nano.a(lib_a-nano-svfprintf.o)
                0x0000f39c                _svfiprintf_r
                0x0000f39c                _svfprintf_r
 .text._sungetc_r
                0x0000f584       0x7c c:/openmono/gcc-arm-none-eabi-5_2-2015q4-20151219-win32/bin/../lib/gcc/arm-none-eabi/5.2.1/../../../../arm-none-eabi/lib/armv7-m\libc_nano.a(lib_a-nano-svfscanf.o)
                0x0000f584                _sungetc_r
 .text.__ssrefill_r
                0x0000f600       0x3a c:/openmono/gcc-arm-none-eabi-5_2-2015q4-20151219-win32/bin/../lib/gcc/arm-none-eabi/5.2.1/../../../../arm-none-eabi/lib/armv7-m\libc_nano.a(lib_a-nano-svfscanf.o)
                0x0000f600                __ssrefill_r
 *fill*         0x0000f63a        0x2 
 .text.__ssvfscanf_r
                0x0000f63c      0x29c c:/openmono/gcc-arm-none-eabi-5_2-2015q4-20151219-win32/bin/../lib/gcc/arm-none-eabi/5.2.1/../../../../arm-none-eabi/lib/armv7-m\libc_nano.a(lib_a-nano-svfscanf.o)
                0x0000f63c                __ssvfiscanf_r
                0x0000f63c                __ssvfscanf_r
 .text.__sfputc_r
                0x0000f8d8       0x2c c:/openmono/gcc-arm-none-eabi-5_2-2015q4-20151219-win32/bin/../lib/gcc/arm-none-eabi/5.2.1/../../../../arm-none-eabi/lib/armv7-m\libc_nano.a(lib_a-nano-vfprintf.o)
 .text.__sfputs_r
                0x0000f904       0x24 c:/openmono/gcc-arm-none-eabi-5_2-2015q4-20151219-win32/bin/../lib/gcc/arm-none-eabi/5.2.1/../../../../arm-none-eabi/lib/armv7-m\libc_nano.a(lib_a-nano-vfprintf.o)
                0x0000f904                __sfputs_r
 .text._vfprintf_r
                0x0000f928      0x238 c:/openmono/gcc-arm-none-eabi-5_2-2015q4-20151219-win32/bin/../lib/gcc/arm-none-eabi/5.2.1/../../../../arm-none-eabi/lib/armv7-m\libc_nano.a(lib_a-nano-vfprintf.o)
                0x0000f928                _vfprintf_r
                0x0000f928                _vfiprintf_r
 .text.vfprintf
                0x0000fb60       0x14 c:/openmono/gcc-arm-none-eabi-5_2-2015q4-20151219-win32/bin/../lib/gcc/arm-none-eabi/5.2.1/../../../../arm-none-eabi/lib/armv7-m\libc_nano.a(lib_a-nano-vfprintf.o)
                0x0000fb60                vfprintf
                0x0000fb60                vfiprintf
 .text._printf_common
                0x0000fb74       0xec c:/openmono/gcc-arm-none-eabi-5_2-2015q4-20151219-win32/bin/../lib/gcc/arm-none-eabi/5.2.1/../../../../arm-none-eabi/lib/armv7-m\libc_nano.a(lib_a-nano-vfprintf_i.o)
                0x0000fb74                _printf_common
 .text._printf_i
                0x0000fc60      0x24c c:/openmono/gcc-arm-none-eabi-5_2-2015q4-20151219-win32/bin/../lib/gcc/arm-none-eabi/5.2.1/../../../../arm-none-eabi/lib/armv7-m\libc_nano.a(lib_a-nano-vfprintf_i.o)
                0x0000fc60                _printf_i
 .text._scanf_chars
                0x0000feac       0xcc c:/openmono/gcc-arm-none-eabi-5_2-2015q4-20151219-win32/bin/../lib/gcc/arm-none-eabi/5.2.1/../../../../arm-none-eabi/lib/armv7-m\libc_nano.a(lib_a-nano-vfscanf_i.o)
                0x0000feac                _scanf_chars
 .text._scanf_i
                0x0000ff78      0x1e4 c:/openmono/gcc-arm-none-eabi-5_2-2015q4-20151219-win32/bin/../lib/gcc/arm-none-eabi/5.2.1/../../../../arm-none-eabi/lib/armv7-m\libc_nano.a(lib_a-nano-vfscanf_i.o)
                0x0000ff78                _scanf_i
 .text._read_r  0x0001015c       0x24 c:/openmono/gcc-arm-none-eabi-5_2-2015q4-20151219-win32/bin/../lib/gcc/arm-none-eabi/5.2.1/../../../../arm-none-eabi/lib/armv7-m\libc_nano.a(lib_a-readr.o)
                0x0001015c                _read_r
 .text.__sccl   0x00010180       0x60 c:/openmono/gcc-arm-none-eabi-5_2-2015q4-20151219-win32/bin/../lib/gcc/arm-none-eabi/5.2.1/../../../../arm-none-eabi/lib/armv7-m\libc_nano.a(lib_a-sccl.o)
                0x00010180                __sccl
 .text._strtol_r
                0x000101e0      0x10c c:/openmono/gcc-arm-none-eabi-5_2-2015q4-20151219-win32/bin/../lib/gcc/arm-none-eabi/5.2.1/../../../../arm-none-eabi/lib/armv7-m\libc_nano.a(lib_a-strtol.o)
                0x000101e0                _strtol_r
 .text._strtoul_r
                0x000102ec       0xfc c:/openmono/gcc-arm-none-eabi-5_2-2015q4-20151219-win32/bin/../lib/gcc/arm-none-eabi/5.2.1/../../../../arm-none-eabi/lib/armv7-m\libc_nano.a(lib_a-strtoul.o)
                0x000102ec                _strtoul_r
 .text.strtoul  0x000103e8       0x14 c:/openmono/gcc-arm-none-eabi-5_2-2015q4-20151219-win32/bin/../lib/gcc/arm-none-eabi/5.2.1/../../../../arm-none-eabi/lib/armv7-m\libc_nano.a(lib_a-strtoul.o)
                0x000103e8                strtoul
 .text.__submore
                0x000103fc       0x72 c:/openmono/gcc-arm-none-eabi-5_2-2015q4-20151219-win32/bin/../lib/gcc/arm-none-eabi/5.2.1/../../../../arm-none-eabi/lib/armv7-m\libc_nano.a(lib_a-ungetc.o)
                0x000103fc                __submore
 *fill*         0x0001046e        0x2 
 .text._fstat_r
                0x00010470       0x24 c:/openmono/gcc-arm-none-eabi-5_2-2015q4-20151219-win32/bin/../lib/gcc/arm-none-eabi/5.2.1/../../../../arm-none-eabi/lib/armv7-m\libc_nano.a(lib_a-fstatr.o)
                0x00010470                _fstat_r
 .text._isatty_r
                0x00010494       0x20 c:/openmono/gcc-arm-none-eabi-5_2-2015q4-20151219-win32/bin/../lib/gcc/arm-none-eabi/5.2.1/../../../../arm-none-eabi/lib/armv7-m\libc_nano.a(lib_a-isattyr.o)
                0x00010494                _isatty_r
 .text.memmove  0x000104b4       0x36 c:/openmono/gcc-arm-none-eabi-5_2-2015q4-20151219-win32/bin/../lib/gcc/arm-none-eabi/5.2.1/../../../../arm-none-eabi/lib/armv7-m\libc_nano.a(lib_a-memmove.o)
                0x000104b4                memmove
 .text._malloc_usable_size_r
                0x000104ea       0x14 c:/openmono/gcc-arm-none-eabi-5_2-2015q4-20151219-win32/bin/../lib/gcc/arm-none-eabi/5.2.1/../../../../arm-none-eabi/lib/armv7-m\libc_nano.a(lib_a-nano-msizer.o)
                0x000104ea                _malloc_usable_size_r
 *fill*         0x000104fe        0x2 
 .text          0x00010500      0x370 c:/openmono/gcc-arm-none-eabi-5_2-2015q4-20151219-win32/bin/../lib/gcc/arm-none-eabi/5.2.1/armv7-m\libgcc.a(_arm_addsubdf3.o)
                0x00010500                __aeabi_drsub
                0x00010508                __aeabi_dsub
                0x00010508                __subdf3
                0x0001050c                __aeabi_dadd
                0x0001050c                __adddf3
                0x00010784                __floatunsidf
                0x00010784                __aeabi_ui2d
                0x000107a4                __floatsidf
                0x000107a4                __aeabi_i2d
                0x000107c8                __aeabi_f2d
                0x000107c8                __extendsfdf2
                0x00010804                __floatundidf
                0x00010804                __aeabi_ul2d
                0x00010814                __floatdidf
                0x00010814                __aeabi_l2d
 .text          0x00010870      0x424 c:/openmono/gcc-arm-none-eabi-5_2-2015q4-20151219-win32/bin/../lib/gcc/arm-none-eabi/5.2.1/armv7-m\libgcc.a(_arm_muldivdf3.o)
                0x00010870                __aeabi_dmul
                0x00010870                __muldf3
                0x00010ac4                __divdf3
                0x00010ac4                __aeabi_ddiv
 .text          0x00010c94      0x110 c:/openmono/gcc-arm-none-eabi-5_2-2015q4-20151219-win32/bin/../lib/gcc/arm-none-eabi/5.2.1/armv7-m\libgcc.a(_arm_cmpdf2.o)
                0x00010c94                __gtdf2
                0x00010c94                __gedf2
                0x00010c9c                __ltdf2
                0x00010c9c                __ledf2
                0x00010ca4                __nedf2
                0x00010ca4                __eqdf2
                0x00010ca4                __cmpdf2
                0x00010d20                __aeabi_cdrcmple
                0x00010d30                __aeabi_cdcmpeq
                0x00010d30                __aeabi_cdcmple
                0x00010d40                __aeabi_dcmpeq
                0x00010d54                __aeabi_dcmplt
                0x00010d68                __aeabi_dcmple
                0x00010d7c                __aeabi_dcmpge
                0x00010d90                __aeabi_dcmpgt
 .text          0x00010da4       0x50 c:/openmono/gcc-arm-none-eabi-5_2-2015q4-20151219-win32/bin/../lib/gcc/arm-none-eabi/5.2.1/armv7-m\libgcc.a(_arm_fixdfsi.o)
                0x00010da4                __aeabi_d2iz
                0x00010da4                __fixdfsi
 .text          0x00010df4       0xa0 c:/openmono/gcc-arm-none-eabi-5_2-2015q4-20151219-win32/bin/../lib/gcc/arm-none-eabi/5.2.1/armv7-m\libgcc.a(_arm_truncdfsf2.o)
                0x00010df4                __truncdfsf2
                0x00010df4                __aeabi_d2f
 .text          0x00010e94      0x21c c:/openmono/gcc-arm-none-eabi-5_2-2015q4-20151219-win32/bin/../lib/gcc/arm-none-eabi/5.2.1/armv7-m\libgcc.a(_arm_addsubsf3.o)
                0x00010e94                __aeabi_frsub
                0x00010e9c                __subsf3
                0x00010e9c                __aeabi_fsub
                0x00010ea0                __aeabi_fadd
                0x00010ea0                __addsf3
                0x00011000                __aeabi_ui2f
                0x00011000                __floatunsisf
                0x00011008                __aeabi_i2f
                0x00011008                __floatsisf
                0x00011024                __aeabi_ul2f
                0x00011024                __floatundisf
                0x00011034                __aeabi_l2f
                0x00011034                __floatdisf
 .text          0x000110b0      0x2a0 c:/openmono/gcc-arm-none-eabi-5_2-2015q4-20151219-win32/bin/../lib/gcc/arm-none-eabi/5.2.1/armv7-m\libgcc.a(_arm_muldivsf3.o)
                0x000110b0                __mulsf3
                0x000110b0                __aeabi_fmul
                0x00011218                __aeabi_fdiv
                0x00011218                __divsf3
 .text          0x00011350       0xec c:/openmono/gcc-arm-none-eabi-5_2-2015q4-20151219-win32/bin/../lib/gcc/arm-none-eabi/5.2.1/armv7-m\libgcc.a(_arm_cmpsf2.o)
                0x00011350                __gesf2
                0x00011350                __gtsf2
                0x00011358                __lesf2
                0x00011358                __ltsf2
                0x00011360                __nesf2
                0x00011360                __eqsf2
                0x00011360                __cmpsf2
                0x000113c0                __aeabi_cfrcmple
                0x000113c8                __aeabi_cfcmpeq
                0x000113c8                __aeabi_cfcmple
                0x000113d8                __aeabi_fcmpeq
                0x000113ec                __aeabi_fcmplt
                0x00011400                __aeabi_fcmple
                0x00011414                __aeabi_fcmpge
                0x00011428                __aeabi_fcmpgt
 .text          0x0001143c       0x4c c:/openmono/gcc-arm-none-eabi-5_2-2015q4-20151219-win32/bin/../lib/gcc/arm-none-eabi/5.2.1/armv7-m\libgcc.a(_arm_fixsfsi.o)
                0x0001143c                __aeabi_f2iz
                0x0001143c                __fixsfsi
 .text          0x00011488       0x40 c:/openmono/gcc-arm-none-eabi-5_2-2015q4-20151219-win32/bin/../lib/gcc/arm-none-eabi/5.2.1/armv7-m\libgcc.a(_arm_fixunssfsi.o)
                0x00011488                __fixunssfsi
                0x00011488                __aeabi_f2uiz
 .text          0x000114c8       0x30 c:/openmono/gcc-arm-none-eabi-5_2-2015q4-20151219-win32/bin/../lib/gcc/arm-none-eabi/5.2.1/armv7-m\libgcc.a(_aeabi_uldivmod.o)
                0x000114c8                __aeabi_uldivmod
 .text          0x000114f8      0x2ec c:/openmono/gcc-arm-none-eabi-5_2-2015q4-20151219-win32/bin/../lib/gcc/arm-none-eabi/5.2.1/armv7-m\libgcc.a(_udivmoddi4.o)
                0x000114f8                __udivmoddi4
 .text          0x000117e4        0x4 c:/openmono/gcc-arm-none-eabi-5_2-2015q4-20151219-win32/bin/../lib/gcc/arm-none-eabi/5.2.1/armv7-m\libgcc.a(_dvmd_tls.o)
                0x000117e4                __aeabi_idiv0
                0x000117e4                __aeabi_ldiv0
 .text._getpid  0x000117e8       0x10 c:/openmono/gcc-arm-none-eabi-5_2-2015q4-20151219-win32/bin/../lib/gcc/arm-none-eabi/5.2.1/../../../../arm-none-eabi/lib/armv7-m\libnosys.a(getpid.o)
                0x000117e8                _getpid
 .text._kill    0x000117f8       0x10 c:/openmono/gcc-arm-none-eabi-5_2-2015q4-20151219-win32/bin/../lib/gcc/arm-none-eabi/5.2.1/../../../../arm-none-eabi/lib/armv7-m\libnosys.a(kill.o)
                0x000117f8                _kill
 .text.PWM_Enable
                0x00011808       0x10 c:/OpenMono/mono/monoCyLib.a(PWM.o)
                0x00011808                PWM_Enable
 .text.PWM_Stop
                0x00011818       0x10 c:/OpenMono/mono/monoCyLib.a(PWM.o)
                0x00011818                PWM_Stop
 .text.PWM_WriteCounter
                0x00011828        0xc c:/OpenMono/mono/monoCyLib.a(PWM.o)
                0x00011828                PWM_WriteCounter
 .text.PWM_ReadCounter
                0x00011834       0x14 c:/OpenMono/mono/monoCyLib.a(PWM.o)
                0x00011834                PWM_ReadCounter
 .text.PWM_ClearFIFO
                0x00011848       0x18 c:/OpenMono/mono/monoCyLib.a(PWM.o)
                0x00011848                PWM_ClearFIFO
 .text.PWM_Init
                0x00011860       0x50 c:/OpenMono/mono/monoCyLib.a(PWM.o)
                0x00011860                PWM_Init
 .text.PWM_Start
                0x000118b0       0x1c c:/OpenMono/mono/monoCyLib.a(PWM.o)
                0x000118b0                PWM_Start
 .text.PWM_WritePeriod
                0x000118cc        0xc c:/OpenMono/mono/monoCyLib.a(PWM.o)
                0x000118cc                PWM_WritePeriod
 .text.PWM_WriteCompare1
                0x000118d8        0xc c:/OpenMono/mono/monoCyLib.a(PWM.o)
                0x000118d8                PWM_WriteCompare1
 .text.PWM_WriteCompare2
                0x000118e4        0xc c:/OpenMono/mono/monoCyLib.a(PWM.o)
                0x000118e4                PWM_WriteCompare2
 .text.PWM_ReadControlRegister
                0x000118f0        0xc c:/OpenMono/mono/monoCyLib.a(PWM.o)
                0x000118f0                PWM_ReadControlRegister
 .text.PWM_WriteControlRegister
                0x000118fc        0xc c:/OpenMono/mono/monoCyLib.a(PWM.o)
                0x000118fc                PWM_WriteControlRegister
 .text.PWM_ReadCompare1
                0x00011908        0xc c:/OpenMono/mono/monoCyLib.a(PWM.o)
                0x00011908                PWM_ReadCompare1
 .text.PWM_ReadPeriod
                0x00011914        0xc c:/OpenMono/mono/monoCyLib.a(PWM.o)
                0x00011914                PWM_ReadPeriod
 .text.USBUART_Init
                0x00011920      0x13c c:/OpenMono/mono/monoCyLib.a(USBUART.o)
                0x00011920                USBUART_Init
 .text.USBUART_InitComponent
                0x00011a5c       0xa4 c:/OpenMono/mono/monoCyLib.a(USBUART.o)
                0x00011a5c                USBUART_InitComponent
 .text.USBUART_Start
                0x00011b00       0x24 c:/OpenMono/mono/monoCyLib.a(USBUART.o)
                0x00011b00                USBUART_Start
 .text.USBUART_ReInitComponent
                0x00011b24       0x4c c:/OpenMono/mono/monoCyLib.a(USBUART.o)
                0x00011b24                USBUART_ReInitComponent
 .text.USBUART_Stop
                0x00011b70       0x90 c:/OpenMono/mono/monoCyLib.a(USBUART.o)
                0x00011b70                USBUART_Stop
 .text.USBUART_GetConfiguration
                0x00011c00        0xc c:/OpenMono/mono/monoCyLib.a(USBUART.o)
                0x00011c00                USBUART_GetConfiguration
 .text.USBUART_IsConfigurationChanged
                0x00011c0c       0x18 c:/OpenMono/mono/monoCyLib.a(USBUART.o)
                0x00011c0c                USBUART_IsConfigurationChanged
 .text.USBUART_GetEPState
                0x00011c24       0x10 c:/OpenMono/mono/monoCyLib.a(USBUART.o)
                0x00011c24                USBUART_GetEPState
 .text.USBUART_GetEPCount
                0x00011c34       0x28 c:/OpenMono/mono/monoCyLib.a(USBUART.o)
                0x00011c34                USBUART_GetEPCount
 .text.USBUART_LoadInEP
                0x00011c5c       0x7c c:/OpenMono/mono/monoCyLib.a(USBUART.o)
                0x00011c5c                USBUART_LoadInEP
 .text.USBUART_EnableOutEP
                0x00011cd8       0x28 c:/OpenMono/mono/monoCyLib.a(USBUART.o)
                0x00011cd8                USBUART_EnableOutEP
 .text.USBUART_ReadOutEP
                0x00011d00       0x4c c:/OpenMono/mono/monoCyLib.a(USBUART.o)
                0x00011d00                USBUART_ReadOutEP
 .text.USBUART_GetInterfaceComPort
                0x00011d4c       0x30 c:/OpenMono/mono/monoCyLib.a(USBUART_cdc.o)
                0x00011d4c                USBUART_GetInterfaceComPort
 .text.USBUART_DispatchCDCClassRqst
                0x00011d7c       0x90 c:/OpenMono/mono/monoCyLib.a(USBUART_cdc.o)
                0x00011d7c                USBUART_DispatchCDCClassRqst
 .text.USBUART_CDC_Init
                0x00011e0c       0x70 c:/OpenMono/mono/monoCyLib.a(USBUART_cdc.o)
                0x00011e0c                USBUART_CDC_Init
 .text.USBUART_PutData
                0x00011e7c       0x44 c:/OpenMono/mono/monoCyLib.a(USBUART_cdc.o)
                0x00011e7c                USBUART_PutData
 .text.USBUART_PutChar
                0x00011ec0       0x24 c:/OpenMono/mono/monoCyLib.a(USBUART_cdc.o)
                0x00011ec0                USBUART_PutChar
 .text.USBUART_GetCount
                0x00011ee4       0x2c c:/OpenMono/mono/monoCyLib.a(USBUART_cdc.o)
                0x00011ee4                USBUART_GetCount
 .text.USBUART_DataIsReady
                0x00011f10       0x14 c:/OpenMono/mono/monoCyLib.a(USBUART_cdc.o)
                0x00011f10                USBUART_DataIsReady
 .text.USBUART_CDCIsReady
                0x00011f24       0x14 c:/OpenMono/mono/monoCyLib.a(USBUART_cdc.o)
                0x00011f24                USBUART_CDCIsReady
 .text.USBUART_GetData
                0x00011f38       0x1c c:/OpenMono/mono/monoCyLib.a(USBUART_cdc.o)
                0x00011f38                USBUART_GetData
 .text.USBUART_GetAll
                0x00011f54       0x2c c:/OpenMono/mono/monoCyLib.a(USBUART_cdc.o)
                0x00011f54                USBUART_GetAll
 .text.USBUART_GetChar
                0x00011f80       0x28 c:/OpenMono/mono/monoCyLib.a(USBUART_cdc.o)
                0x00011f80                USBUART_GetChar
 .text.USBUART_GetLineControl
                0x00011fa8       0x18 c:/OpenMono/mono/monoCyLib.a(USBUART_cdc.o)
                0x00011fa8                USBUART_GetLineControl
 .text.USBUART_Cdc_EpInit
                0x00011fc0       0x50 c:/OpenMono/mono/monoCyLib.a(USBUART_cdc.o)
                0x00011fc0                USBUART_Cdc_EpInit
 .text.USBUART_LoadEP0
                0x00012010       0x8c c:/OpenMono/mono/monoCyLib.a(USBUART_drv.o)
                0x00012010                USBUART_LoadEP0
 .text.USBUART_InitZeroLengthControlTransfer
                0x0001209c       0x34 c:/OpenMono/mono/monoCyLib.a(USBUART_drv.o)
                0x0001209c                USBUART_InitZeroLengthControlTransfer
 .text.USBUART_ControlWriteDataStage
                0x000120d0       0x78 c:/OpenMono/mono/monoCyLib.a(USBUART_drv.o)
                0x000120d0                USBUART_ControlWriteDataStage
 .text.USBUART_InitNoDataControlTransfer
                0x00012148       0x2c c:/OpenMono/mono/monoCyLib.a(USBUART_drv.o)
                0x00012148                USBUART_InitNoDataControlTransfer
 .text.USBUART_UpdateStatusBlock
                0x00012174       0x20 c:/OpenMono/mono/monoCyLib.a(USBUART_drv.o)
                0x00012174                USBUART_UpdateStatusBlock
 .text.USBUART_HandleSetup
                0x00012194       0x58 c:/OpenMono/mono/monoCyLib.a(USBUART_drv.o)
                0x00012194                USBUART_HandleSetup
 .text.USBUART_ControlReadStatusStage
                0x000121ec       0x34 c:/OpenMono/mono/monoCyLib.a(USBUART_drv.o)
                0x000121ec                USBUART_ControlReadStatusStage
 .text.USBUART_HandleOUT
                0x00012220       0x3c c:/OpenMono/mono/monoCyLib.a(USBUART_drv.o)
                0x00012220                USBUART_HandleOUT
 .text.USBUART_ControlWriteStatusStage
                0x0001225c       0x20 c:/OpenMono/mono/monoCyLib.a(USBUART_drv.o)
                0x0001225c                USBUART_ControlWriteStatusStage
 .text.USBUART_NoDataControlStatusStage
                0x0001227c       0x3c c:/OpenMono/mono/monoCyLib.a(USBUART_drv.o)
                0x0001227c                USBUART_NoDataControlStatusStage
 .text.USBUART_HandleIN
                0x000122b8       0x24 c:/OpenMono/mono/monoCyLib.a(USBUART_drv.o)
                0x000122b8                USBUART_HandleIN
 .text.USBUART_EP_0_ISR
                0x000122dc       0x8c c:/OpenMono/mono/monoCyLib.a(USBUART_drv.o)
                0x000122dc                USBUART_EP_0_ISR
 .text.USBUART_InitializeStatusBlock
                0x00012368       0x20 c:/OpenMono/mono/monoCyLib.a(USBUART_drv.o)
                0x00012368                USBUART_InitializeStatusBlock
 .text.USBUART_InitControlRead
                0x00012388       0x4c c:/OpenMono/mono/monoCyLib.a(USBUART_drv.o)
                0x00012388                USBUART_InitControlRead
 .text.USBUART_InitControlWrite
                0x000123d4       0x48 c:/OpenMono/mono/monoCyLib.a(USBUART_drv.o)
                0x000123d4                USBUART_InitControlWrite
 .text.USBUART_EP_1_ISR
                0x0001241c       0x34 c:/OpenMono/mono/monoCyLib.a(USBUART_episr.o)
                0x0001241c                USBUART_EP_1_ISR
 .text.USBUART_EP_2_ISR
                0x00012450       0x38 c:/OpenMono/mono/monoCyLib.a(USBUART_episr.o)
                0x00012450                USBUART_EP_2_ISR
 .text.USBUART_EP_3_ISR
                0x00012488       0x40 c:/OpenMono/mono/monoCyLib.a(USBUART_episr.o)
                0x00012488                USBUART_EP_3_ISR
 .text.USBUART_SOF_ISR
                0x000124c8        0x2 c:/OpenMono/mono/monoCyLib.a(USBUART_episr.o)
                0x000124c8                USBUART_SOF_ISR
 .text.USBUART_BUS_RESET_ISR
                0x000124ca        0x4 c:/OpenMono/mono/monoCyLib.a(USBUART_episr.o)
                0x000124ca                USBUART_BUS_RESET_ISR
 .text.USBUART_DP_ISR
                0x000124ce        0x4 c:/OpenMono/mono/monoCyLib.a(USBUART_pm.o)
                0x000124ce                USBUART_DP_ISR
 *fill*         0x000124d2        0x2 
 .text.USBUART_ReadDieID
                0x000124d4       0x6c c:/OpenMono/mono/monoCyLib.a(USBUART_std.o)
                0x000124d4                USBUART_ReadDieID
 .text.USBUART_ConfigReg
                0x00012540       0x80 c:/OpenMono/mono/monoCyLib.a(USBUART_std.o)
                0x00012540                USBUART_ConfigReg
 .text.USBUART_GetConfigTablePtr
                0x000125c0       0x24 c:/OpenMono/mono/monoCyLib.a(USBUART_std.o)
                0x000125c0                USBUART_GetConfigTablePtr
 .text.USBUART_ConfigAltChanged
                0x000125e4      0x128 c:/OpenMono/mono/monoCyLib.a(USBUART_std.o)
                0x000125e4                USBUART_ConfigAltChanged
 .text.USBUART_GetInterfaceClassTablePtr
                0x0001270c       0x20 c:/OpenMono/mono/monoCyLib.a(USBUART_std.o)
                0x0001270c                USBUART_GetInterfaceClassTablePtr
 .text.USBUART_Config
                0x0001272c      0x174 c:/OpenMono/mono/monoCyLib.a(USBUART_std.o)
                0x0001272c                USBUART_Config
 .text.USBUART_SetEndpointHalt
                0x000128a0       0x54 c:/OpenMono/mono/monoCyLib.a(USBUART_std.o)
                0x000128a0                USBUART_SetEndpointHalt
 .text.USBUART_ClearEndpointHalt
                0x000128f4       0x70 c:/OpenMono/mono/monoCyLib.a(USBUART_std.o)
                0x000128f4                USBUART_ClearEndpointHalt
 .text.USBUART_ValidateAlternateSetting
                0x00012964       0x48 c:/OpenMono/mono/monoCyLib.a(USBUART_std.o)
                0x00012964                USBUART_ValidateAlternateSetting
 .text.USBUART_HandleStandardRqst
                0x000129ac      0x274 c:/OpenMono/mono/monoCyLib.a(USBUART_std.o)
                0x000129ac                USBUART_HandleStandardRqst
 .text.USBUART_HandleVendorRqst
                0x00012c20       0x2c c:/OpenMono/mono/monoCyLib.a(USBUART_vnd.o)
                0x00012c20                USBUART_HandleVendorRqst
 .text.USBUART_Dp_ClearInterrupt
                0x00012c4c       0x10 c:/OpenMono/mono/monoCyLib.a(USBUART_Dp.o)
                0x00012c4c                USBUART_Dp_ClearInterrupt
 .text.USBUART_DispatchClassRqst
                0x00012c5c       0x48 c:/OpenMono/mono/monoCyLib.a(USBUART_cls.o)
                0x00012c5c                USBUART_DispatchClassRqst
 .text._ZN4mbed3SPIC2E7PinNameS1_S1_S1_
                0x00012ca4       0x7c c:/OpenMono/mono/mbedlib.a(SPI.o)
                0x00012ca4                mbed::SPI::SPI(PinName, PinName, PinName, PinName)
                0x00012ca4                mbed::SPI::SPI(PinName, PinName, PinName, PinName)
 .text._ZN4mbed3SPI6formatEii
                0x00012d20       0x30 c:/OpenMono/mono/mbedlib.a(SPI.o)
                0x00012d20                mbed::SPI::format(int, int)
 .text._ZN4mbed3SPI9frequencyEi
                0x00012d50       0x28 c:/OpenMono/mono/mbedlib.a(SPI.o)
                0x00012d50                mbed::SPI::frequency(int)
 .text._ZN4mbed3SPI6aquireEv
                0x00012d78       0x48 c:/OpenMono/mono/mbedlib.a(SPI.o)
                0x00012d78                mbed::SPI::aquire()
 .text._ZN4mbed3SPI5writeEi
                0x00012dc0       0x28 c:/OpenMono/mono/mbedlib.a(SPI.o)
                0x00012dc0                mbed::SPI::write(int)
 .text._ZN4mbed6SerialC2E7PinNameS1_PKc
                0x00012de8       0x50 c:/OpenMono/mono/mbedlib.a(Serial.o)
                0x00012de8                mbed::Serial::Serial(PinName, PinName, char const*)
                0x00012de8                mbed::Serial::Serial(PinName, PinName, char const*)
 .text._ZN4mbed6Serial5_getcEv
                0x00012e38       0x1c c:/OpenMono/mono/mbedlib.a(Serial.o)
                0x00012e38                mbed::Serial::_getc()
 .text._ZThn64_N4mbed6Serial5_getcEv
                0x00012e54        0x8 c:/OpenMono/mono/mbedlib.a(Serial.o)
                0x00012e54                non-virtual thunk to mbed::Serial::_getc()
 .text._ZN4mbed6Serial5_putcEi
                0x00012e5c       0x20 c:/OpenMono/mono/mbedlib.a(Serial.o)
                0x00012e5c                mbed::Serial::_putc(int)
 .text._ZThn64_N4mbed6Serial5_putcEi
                0x00012e7c        0x8 c:/OpenMono/mono/mbedlib.a(Serial.o)
                0x00012e7c                non-virtual thunk to mbed::Serial::_putc(int)
 .text._ZN4mbed10SerialBaseC2E7PinNameS1_
                0x00012e84       0x70 c:/OpenMono/mono/mbedlib.a(SerialBase.o)
                0x00012e84                mbed::SerialBase::SerialBase(PinName, PinName)
                0x00012e84                mbed::SerialBase::SerialBase(PinName, PinName)
 .text._ZN4mbed10SerialBase9writeableEv
                0x00012ef4       0x1c c:/OpenMono/mono/mbedlib.a(SerialBase.o)
                0x00012ef4                mbed::SerialBase::writeable()
 .text._ZN4mbed10SerialBase12_irq_handlerEm9SerialIrq
                0x00012f10       0x30 c:/OpenMono/mono/mbedlib.a(SerialBase.o)
                0x00012f10                mbed::SerialBase::_irq_handler(unsigned long, SerialIrq)
 .text._ZN4mbed10SerialBase10_base_getcEv
                0x00012f40       0x1c c:/OpenMono/mono/mbedlib.a(SerialBase.o)
                0x00012f40                mbed::SerialBase::_base_getc()
 .text._ZN4mbed10SerialBase10_base_putcEi
                0x00012f5c       0x20 c:/OpenMono/mono/mbedlib.a(SerialBase.o)
                0x00012f5c                mbed::SerialBase::_base_putc(int)
 .text._ZN4mbed6StreamC2EPKc
                0x00012f7c       0x6c c:/OpenMono/mono/mbedlib.a(Stream.o)
                0x00012f7c                mbed::Stream::Stream(char const*)
                0x00012f7c                mbed::Stream::Stream(char const*)
 .text._ZN4mbed6StreamD2Ev
                0x00012fe8       0x44 c:/OpenMono/mono/mbedlib.a(Stream.o)
                0x00012fe8                mbed::Stream::~Stream()
                0x00012fe8                mbed::Stream::~Stream()
 .text._ZN4mbed6Stream5closeEv
                0x0001302c       0x14 c:/OpenMono/mono/mbedlib.a(Stream.o)
                0x0001302c                mbed::Stream::close()
 .text._ZN4mbed6Stream5writeEPKvj
                0x00013040       0x5c c:/OpenMono/mono/mbedlib.a(Stream.o)
                0x00013040                mbed::Stream::write(void const*, unsigned int)
 .text._ZN4mbed6Stream4readEPvj
                0x0001309c       0x54 c:/OpenMono/mono/mbedlib.a(Stream.o)
                0x0001309c                mbed::Stream::read(void*, unsigned int)
 .text._ZN4mbed6Stream5lseekEli
                0x000130f0       0x18 c:/OpenMono/mono/mbedlib.a(Stream.o)
                0x000130f0                mbed::Stream::lseek(long, int)
 .text._ZN4mbed6Stream6isattyEv
                0x00013108       0x14 c:/OpenMono/mono/mbedlib.a(Stream.o)
                0x00013108                mbed::Stream::isatty()
 .text._ZN4mbed6Stream5fsyncEv
                0x0001311c       0x14 c:/OpenMono/mono/mbedlib.a(Stream.o)
                0x0001311c                mbed::Stream::fsync()
 .text._ZN4mbed6Stream4flenEv
                0x00013130       0x14 c:/OpenMono/mono/mbedlib.a(Stream.o)
                0x00013130                mbed::Stream::flen()
 .text._ZN4mbed6Stream6printfEPKcz
                0x00013144       0x3c c:/OpenMono/mono/mbedlib.a(Stream.o)
                0x00013144                mbed::Stream::printf(char const*, ...)
 .text.spi_init
                0x00013180       0x80 c:/OpenMono/mono/mbedlib.a(spi_api.o)
                0x00013180                spi_init
 .text.spi_format
                0x00013200       0x20 c:/OpenMono/mono/mbedlib.a(spi_api.o)
                0x00013200                spi_format
 .text.spi_frequency
                0x00013220       0x14 c:/OpenMono/mono/mbedlib.a(spi_api.o)
                0x00013220                spi_frequency
 .text.spi_master_write
                0x00013234      0x1a4 c:/OpenMono/mono/mbedlib.a(spi_api.o)
                0x00013234                spi_master_write
 .text.gpio_write
                0x000133d8       0x6c c:/OpenMono/mono/mbedlib.a(SDFileSystem.o)
 .text._ZN4mbed10DigitalOutC2E7PinName
                0x00013444       0x2c c:/OpenMono/mono/mbedlib.a(SDFileSystem.o)
                0x00013444                mbed::DigitalOut::DigitalOut(PinName)
                0x00013444                mbed::DigitalOut::DigitalOut(PinName)
 .text._ZN4mbed10DigitalOut5writeEi
                0x00013470       0x1c c:/OpenMono/mono/mbedlib.a(SDFileSystem.o)
                0x00013470                mbed::DigitalOut::write(int)
 .text._ZN4mbed10DigitalOutaSEi
                0x0001348c       0x1c c:/OpenMono/mono/mbedlib.a(SDFileSystem.o)
                0x0001348c                mbed::DigitalOut::operator=(int)
 .text.debug    0x000134a8       0x30 c:/OpenMono/mono/mbedlib.a(SDFileSystem.o)
 .text.debug_if
                0x000134d8       0x38 c:/OpenMono/mono/mbedlib.a(SDFileSystem.o)
 .text._ZN12SDFileSystemC2E7PinNameS0_S0_S0_PKc
                0x00013510       0x80 c:/OpenMono/mono/mbedlib.a(SDFileSystem.o)
                0x00013510                SDFileSystem::SDFileSystem(PinName, PinName, PinName, PinName, char const*)
                0x00013510                SDFileSystem::SDFileSystem(PinName, PinName, PinName, PinName, char const*)
 .text._ZN12SDFileSystem15initialise_cardEv
                0x00013590       0xb0 c:/OpenMono/mono/mbedlib.a(SDFileSystem.o)
                0x00013590                SDFileSystem::initialise_card()
 .text._ZN12SDFileSystem18initialise_card_v1Ev
                0x00013640       0x70 c:/OpenMono/mono/mbedlib.a(SDFileSystem.o)
                0x00013640                SDFileSystem::initialise_card_v1()
 .text._ZN12SDFileSystem18initialise_card_v2Ev
                0x000136b0       0x84 c:/OpenMono/mono/mbedlib.a(SDFileSystem.o)
                0x000136b0                SDFileSystem::initialise_card_v2()
 .text._ZN12SDFileSystem15disk_initializeEv
                0x00013734       0x98 c:/OpenMono/mono/mbedlib.a(SDFileSystem.o)
                0x00013734                SDFileSystem::disk_initialize()
 .text._ZN12SDFileSystem10disk_writeEPKhmm
                0x000137cc       0x80 c:/OpenMono/mono/mbedlib.a(SDFileSystem.o)
                0x000137cc                SDFileSystem::disk_write(unsigned char const*, unsigned long, unsigned long)
 .text._ZN12SDFileSystem9disk_readEPhmm
                0x0001384c       0x80 c:/OpenMono/mono/mbedlib.a(SDFileSystem.o)
                0x0001384c                SDFileSystem::disk_read(unsigned char*, unsigned long, unsigned long)
 .text._ZN12SDFileSystem11disk_statusEv
                0x000138cc       0x24 c:/OpenMono/mono/mbedlib.a(SDFileSystem.o)
                0x000138cc                SDFileSystem::disk_status()
 .text._ZN12SDFileSystem9disk_syncEv
                0x000138f0       0x14 c:/OpenMono/mono/mbedlib.a(SDFileSystem.o)
                0x000138f0                SDFileSystem::disk_sync()
 .text._ZN12SDFileSystem12disk_sectorsEv
                0x00013904       0x18 c:/OpenMono/mono/mbedlib.a(SDFileSystem.o)
                0x00013904                SDFileSystem::disk_sectors()
 .text._ZN12SDFileSystem4_cmdEii
                0x0001391c       0xf8 c:/OpenMono/mono/mbedlib.a(SDFileSystem.o)
                0x0001391c                SDFileSystem::_cmd(int, int)
 .text._ZN12SDFileSystem5_cmdxEii
                0x00013a14       0xdc c:/OpenMono/mono/mbedlib.a(SDFileSystem.o)
                0x00013a14                SDFileSystem::_cmdx(int, int)
 .text._ZN12SDFileSystem6_cmd58Ev
                0x00013af0      0x14c c:/OpenMono/mono/mbedlib.a(SDFileSystem.o)
                0x00013af0                SDFileSystem::_cmd58()
 .text._ZN12SDFileSystem5_cmd8Ev
                0x00013c3c      0x118 c:/OpenMono/mono/mbedlib.a(SDFileSystem.o)
                0x00013c3c                SDFileSystem::_cmd8()
 .text._ZN12SDFileSystem5_readEPhm
                0x00013d54       0xac c:/OpenMono/mono/mbedlib.a(SDFileSystem.o)
                0x00013d54                SDFileSystem::_read(unsigned char*, unsigned long)
 .text._ZN12SDFileSystem6_writeEPKhm
                0x00013e00       0xf4 c:/OpenMono/mono/mbedlib.a(SDFileSystem.o)
                0x00013e00                SDFileSystem::_write(unsigned char const*, unsigned long)
 .text._ZL8ext_bitsPhii
                0x00013ef4       0x78 c:/OpenMono/mono/mbedlib.a(SDFileSystem.o)
 .text._ZN12SDFileSystem11_sd_sectorsEv
                0x00013f6c      0x150 c:/OpenMono/mono/mbedlib.a(SDFileSystem.o)
                0x00013f6c                SDFileSystem::_sd_sectors()
 .text.debug_if
                0x000140bc       0x38 c:/OpenMono/mono/mbedlib.a(FATFileSystem.o)
 .text._ZN13FATFileSystem15disk_initializeEv
                0x000140f4       0x14 c:/OpenMono/mono/mbedlib.a(FATFileSystem.o)