Archive member included to satisfy reference by file (symbol)

c:/OpenMono/mono/monoCyLib.a(Cm3Start.o)
                              (Reset)
c:/OpenMono/mono/monoCyLib.a(CyLib.o)
                              c:/OpenMono/mono/monoCyLib.a(Cm3Start.o) (CyHalt)
c:/OpenMono/mono/monoCyLib.a(cyPm.o)
                              c:/OpenMono/mono/monoCyLib.a(CyLib.o) (CyPmReadStatus)
c:/OpenMono/mono/monoCyLib.a(cybootloader.o)
                              (cy_meta_flashprotect)
c:/OpenMono/mono/monoCyLib.a(cyfitter_cfg.o)
                              c:/OpenMono/mono/monoCyLib.a(Cm3Start.o) (cyfitter_cfg)
c:/OpenMono/mono/monoCyLib.a(cymetadata.o)
                              (cy_meta_loadable)
c:/OpenMono/mono/monoCyLib.a(CyBootAsmGnu.o)
                              c:/OpenMono/mono/monoCyLib.a(CyLib.o) (CyDelayCycles)
c:/OpenMono/mono/monoCyLib.a(CyFlash.o)
                              c:/OpenMono/mono/monoCyLib.a(cyPm.o) (CyFlash_SetWaitCycles)
c:/OpenMono/mono/monoCyLib.a(CySpc.o)
                              c:/OpenMono/mono/monoCyLib.a(CyFlash.o) (CySpcStart)
c:/OpenMono/mono/mbedlib.a(retarget.o)
                              c:/openmono/gcc-arm-none-eabi-5_2-2015q4-20151219-win32/bin/../lib/gcc/arm-none-eabi/5.2.1/../../../../arm-none-eabi/lib/armv7-m/crt0.o (exit)
c:/OpenMono/mono/mbedlib.a(serial_api.o)
                              c:/OpenMono/mono/mbedlib.a(retarget.o) (stdio_uart_inited)
c:/OpenMono/mono/mbedlib.a(serial_usb_api.o)
                              c:/OpenMono/mono/mbedlib.a(serial_api.o) (serial_usbuart_init_cdc)
c:/OpenMono/mono/mbedlib.a(us_ticker.o)
                              c:/OpenMono/mono/mbedlib.a(serial_usb_api.o) (us_ticker_read)
c:/OpenMono/mono/mbedlib.a(us_ticker_api.o)
                              c:/OpenMono/mono/mbedlib.a(us_ticker.o) (us_ticker_irq_handler)
c:/OpenMono/mono/mbedlib.a(FilePath.o)
                              c:/OpenMono/mono/mbedlib.a(retarget.o) (mbed::FilePath::FilePath(char const*))
c:/OpenMono/mono/mbedlib.a(FileSystemLike.o)
                              c:/OpenMono/mono/mbedlib.a(retarget.o) (mbed::FileSystemLike::opendir())
c:/OpenMono/mono/mbedlib.a(board.o)
                              c:/OpenMono/mono/mbedlib.a(retarget.o) (mbed_die)
c:/OpenMono/mono/mbedlib.a(ticker_api.o)
                              c:/OpenMono/mono/mbedlib.a(us_ticker_api.o) (ticker_irq_handler)
c:/OpenMono/mono/mbedlib.a(FileBase.o)
                              c:/OpenMono/mono/mbedlib.a(FileSystemLike.o) (mbed::FileBase::FileBase(char const*, mbed::PathType))
c:/openmono/gcc-arm-none-eabi-5_2-2015q4-20151219-win32/bin/../lib/gcc/arm-none-eabi/5.2.1/../../../../arm-none-eabi/lib/armv7-m\libstdc++_nano.a(atexit_arm.o)
                              build/app_controller.o (__aeabi_atexit)
c:/openmono/gcc-arm-none-eabi-5_2-2015q4-20151219-win32/bin/../lib/gcc/arm-none-eabi/5.2.1/../../../../arm-none-eabi/lib/armv7-m\libstdc++_nano.a(del_op.o)
                              c:/OpenMono/mono/mbedlib.a(retarget.o) (operator delete(void*))
c:/openmono/gcc-arm-none-eabi-5_2-2015q4-20151219-win32/bin/../lib/gcc/arm-none-eabi/5.2.1/../../../../arm-none-eabi/lib/armv7-m\libstdc++_nano.a(new_op.o)
                              c:/OpenMono/mono/mbedlib.a(FileSystemLike.o) (operator new(unsigned int))
c:/openmono/gcc-arm-none-eabi-5_2-2015q4-20151219-win32/bin/../lib/gcc/arm-none-eabi/5.2.1/../../../../arm-none-eabi/lib/armv7-m\libstdc++_nano.a(pure.o)
                              c:/OpenMono/mono/mbedlib.a(retarget.o) (__cxa_pure_virtual)
c:/openmono/gcc-arm-none-eabi-5_2-2015q4-20151219-win32/bin/../lib/gcc/arm-none-eabi/5.2.1/../../../../arm-none-eabi/lib/armv7-m\libstdc++_nano.a(new_handler.o)
                              c:/openmono/gcc-arm-none-eabi-5_2-2015q4-20151219-win32/bin/../lib/gcc/arm-none-eabi/5.2.1/../../../../arm-none-eabi/lib/armv7-m\libstdc++_nano.a(new_op.o) (std::get_new_handler())
c:/openmono/gcc-arm-none-eabi-5_2-2015q4-20151219-win32/bin/../lib/gcc/arm-none-eabi/5.2.1/../../../../arm-none-eabi/lib/armv7-m\libstdc++_nano.a(eh_terminate.o)
                              c:/openmono/gcc-arm-none-eabi-5_2-2015q4-20151219-win32/bin/../lib/gcc/arm-none-eabi/5.2.1/../../../../arm-none-eabi/lib/armv7-m\libstdc++_nano.a(pure.o) (std::terminate())
c:/openmono/gcc-arm-none-eabi-5_2-2015q4-20151219-win32/bin/../lib/gcc/arm-none-eabi/5.2.1/../../../../arm-none-eabi/lib/armv7-m\libstdc++_nano.a(eh_term_handler.o)
                              c:/openmono/gcc-arm-none-eabi-5_2-2015q4-20151219-win32/bin/../lib/gcc/arm-none-eabi/5.2.1/../../../../arm-none-eabi/lib/armv7-m\libstdc++_nano.a(eh_terminate.o) (__cxxabiv1::__terminate_handler)
c:/openmono/gcc-arm-none-eabi-5_2-2015q4-20151219-win32/bin/../lib/gcc/arm-none-eabi/5.2.1/../../../../arm-none-eabi/lib/armv7-m\libstdc++_nano.a(eh_unex_handler.o)
[...]
Memory Configuration

Name             Origin             Length             Attributes
rom              0x00000000         0x00040000         xr
ram              0x1fff8000         0x00010000         xrw
*default*        0x00000000         0xffffffff

Linker script and memory map

LOAD c:/openmono/gcc-arm-none-eabi-5_2-2015q4-20151219-win32/bin/../lib/gcc/arm-none-eabi/5.2.1/armv7-m/crti.o
LOAD c:/openmono/gcc-arm-none-eabi-5_2-2015q4-20151219-win32/bin/../lib/gcc/arm-none-eabi/5.2.1/armv7-m/crtbegin.o
LOAD c:/openmono/gcc-arm-none-eabi-5_2-2015q4-20151219-win32/bin/../lib/gcc/arm-none-eabi/5.2.1/../../../../arm-none-eabi/lib/armv7-m/crt0.o
START GROUP
LOAD c:/OpenMono/mono/monoCyLib.a
LOAD c:/OpenMono/mono/CyComponentLibrary.a
LOAD c:/OpenMono/mono/mbedlib.a
LOAD c:/OpenMono/mono/mono_framework.a
LOAD build/app_controller.o
LOAD build/mono_default_main.o
LOAD c:/openmono/gcc-arm-none-eabi-5_2-2015q4-20151219-win32/bin/../lib/gcc/arm-none-eabi/5.2.1/../../../../arm-none-eabi/lib/armv7-m\libstdc++_nano.a
LOAD c:/openmono/gcc-arm-none-eabi-5_2-2015q4-20151219-win32/bin/../lib/gcc/arm-none-eabi/5.2.1/../../../../arm-none-eabi/lib/armv7-m\libsupc++_nano.a
LOAD c:/openmono/gcc-arm-none-eabi-5_2-2015q4-20151219-win32/bin/../lib/gcc/arm-none-eabi/5.2.1/../../../../arm-none-eabi/lib/armv7-m\libm.a
LOAD c:/openmono/gcc-arm-none-eabi-5_2-2015q4-20151219-win32/bin/../lib/gcc/arm-none-eabi/5.2.1/../../../../arm-none-eabi/lib/armv7-m\libc_nano.a
LOAD c:/openmono/gcc-arm-none-eabi-5_2-2015q4-20151219-win32/bin/../lib/gcc/arm-none-eabi/5.2.1/armv7-m\libgcc.a
LOAD c:/openmono/gcc-arm-none-eabi-5_2-2015q4-20151219-win32/bin/../lib/gcc/arm-none-eabi/5.2.1/../../../../arm-none-eabi/lib/armv7-m\libnosys.a
END GROUP
START GROUP
LOAD c:/openmono/gcc-arm-none-eabi-5_2-2015q4-20151219-win32/bin/../lib/gcc/arm-none-eabi/5.2.1/armv7-m\libgcc.a
LOAD c:/openmono/gcc-arm-none-eabi-5_2-2015q4-20151219-win32/bin/../lib/gcc/arm-none-eabi/5.2.1/../../../../arm-none-eabi/lib/armv7-m\libg_nano.a
LOAD c:/openmono/gcc-arm-none-eabi-5_2-2015q4-20151219-win32/bin/../lib/gcc/arm-none-eabi/5.2.1/../../../../arm-none-eabi/lib/armv7-m\libc_nano.a
END GROUP
START GROUP
LOAD c:/openmono/gcc-arm-none-eabi-5_2-2015q4-20151219-win32/bin/../lib/gcc/arm-none-eabi/5.2.1/armv7-m\libgcc.a
LOAD c:/openmono/gcc-arm-none-eabi-5_2-2015q4-20151219-win32/bin/../lib/gcc/arm-none-eabi/5.2.1/../../../../arm-none-eabi/lib/armv7-m\libc_nano.a
END GROUP
LOAD c:/openmono/gcc-arm-none-eabi-5_2-2015q4-20151219-win32/bin/../lib/gcc/arm-none-eabi/5.2.1/armv7-m/crtend.o
LOAD c:/openmono/gcc-arm-none-eabi-5_2-2015q4-20151219-win32/bin/../lib/gcc/arm-none-eabi/5.2.1/armv7-m/crtn.o
START GROUP
LOAD c:/openmono/gcc-arm-none-eabi-5_2-2015q4-20151219-win32/bin/../lib/gcc/arm-none-eabi/5.2.1/armv7-m\libgcc.a
LOAD c:/openmono/gcc-arm-none-eabi-5_2-2015q4-20151219-win32/bin/../lib/gcc/arm-none-eabi/5.2.1/../../../../arm-none-eabi/lib/armv7-m\libc.a
LOAD c:/openmono/gcc-arm-none-eabi-5_2-2015q4-20151219-win32/bin/../lib/gcc/arm-none-eabi/5.2.1/../../../../arm-none-eabi/lib/armv7-m\libnosys.a
END GROUP
                0x00000000                CY_APPL_ORIGIN = 0x0
                0x00000100                CY_FLASH_ROW_SIZE = 0x100
                0x00000020                CY_ECC_ROW_SIZE = 0x20
                0x00000000                CY_EE_IN_BTLDR = 0x0
                0x00000001                CY_APPL_LOADABLE = 0x1
                0x00000800                CY_EE_SIZE = 0x800
                0x00000001                CY_APPL_NUM = 0x1
                0x00000001                CY_APPL_MAX = 0x1
                0x00000040                CY_METADATA_SIZE = 0x40
                [!provide]                PROVIDE (__cy_heap_start, _end)
                0x00000001                PROVIDE (__cy_region_num, ((__cy_regions_end - __cy_regions) / 0x10))
                0x20008000                PROVIDE (__cy_stack, (ORIGIN (ram) + LENGTH (ram)))
                [!provide]                PROVIDE (__cy_heap_end, (__cy_stack - 0x4000))

.cybootloader   0x00000000     0x2200
 *(.cybootloader)
 .cybootloader  0x00000000     0x2200 c:/OpenMono/mono/monoCyLib.a(cybootloader.o)
                0x00000000                cy_bootloader
                0x00002200                appl1_start = CY_APPL_ORIGIN?CY_APPL_ORIGIN:ALIGN (CY_FLASH_ROW_SIZE)
                0x00021000                appl2_start = (appl1_start + ALIGN ((((LENGTH (rom) - appl1_start) - (0x2 * CY_FLASH_ROW_SIZE)) / 0x2), CY_FLASH_ROW_SIZE))
                0x00002200                appl_start = (CY_APPL_NUM == 0x1)?appl1_start:appl2_start
                0x00000440                ecc_offset = ((appl_start / CY_FLASH_ROW_SIZE) * CY_ECC_ROW_SIZE)
                0x00000000                ee_offset = (CY_APPL_LOADABLE && ! (CY_EE_IN_BTLDR))?((CY_EE_SIZE / CY_APPL_MAX) * (CY_APPL_NUM - 0x1)):0x0
                0x00000800                ee_size = (CY_APPL_LOADABLE && ! (CY_EE_IN_BTLDR))?(CY_EE_SIZE / CY_APPL_MAX):CY_EE_SIZE
                0x00000440                PROVIDE (CY_ECC_OFFSET, ecc_offset)

.text           0x00002200    0x16ff8
 CREATE_OBJECT_SYMBOLS
                0x00002200                PROVIDE (__cy_interrupt_vector, RomVectors)
 *(.romvectors)
 .romvectors    0x00002200       0x10 c:/OpenMono/mono/monoCyLib.a(Cm3Start.o)
                0x00002200                RomVectors
                0x00000001                ASSERT ((. != __cy_interrupt_vector), No interrupt vector)
                0x00000001                ASSERT (CY_APPL_ORIGIN?(SIZEOF (.cybootloader) <= CY_APPL_ORIGIN):0x1, Wrong image location)
                0x00002210                PROVIDE (__cy_reset, Reset)
 *(.text.Reset)
 .text.Reset    0x00002210        0x6 c:/OpenMono/mono/monoCyLib.a(Cm3Start.o)
                0x00002210                Reset
                0x00000001                ASSERT ((. != __cy_reset), No reset code)
 *(.dma_init)
                0x00000001                ASSERT ((((appl_start + .) <= 0x10000) || 0x1), DMA Init must be within the first 64k of flash)
 *(.text .text.* .gnu.linkonce.t.*)
 *fill*         0x00002216        0x2 
 .text          0x00002218       0xa4 c:/openmono/gcc-arm-none-eabi-5_2-2015q4-20151219-win32/bin/../lib/gcc/arm-none-eabi/5.2.1/armv7-m/crtbegin.o
 .text.IntDefaultHandler
                0x000022bc        0x2 c:/OpenMono/mono/monoCyLib.a(Cm3Start.o)
                0x000022bc                IntDefaultHandler
 .text._exit    0x000022be        0xa c:/OpenMono/mono/monoCyLib.a(Cm3Start.o)
                0x000022be                _exit
 .text._sbrk    0x000022c8       0x30 c:/OpenMono/mono/monoCyLib.a(Cm3Start.o)
                0x000022c8                _sbrk
 .text.Start_c  0x000022f8       0x50 c:/OpenMono/mono/monoCyLib.a(Cm3Start.o)
                0x000022f8                Start_c
 .text.startup.initialize_psoc
                0x00002348       0x68 c:/OpenMono/mono/monoCyLib.a(Cm3Start.o)
                0x00002348                initialize_psoc
 .text.CyIMO_SetTrimValue
                0x000023b0       0xbc c:/OpenMono/mono/monoCyLib.a(CyLib.o)
 .text.CyBusClk_Internal_SetDivider
                0x0000246c       0x44 c:/OpenMono/mono/monoCyLib.a(CyLib.o)
 .text.CyPLL_OUT_Stop
                0x000024b0       0x10 c:/OpenMono/mono/monoCyLib.a(CyLib.o)
                0x000024b0                CyPLL_OUT_Stop
 .text.CyIMO_Stop
                0x000024c0       0x18 c:/OpenMono/mono/monoCyLib.a(CyLib.o)
                0x000024c0                CyIMO_Stop
 .text.CyIMO_SetSource
                0x000024d8       0x44 c:/OpenMono/mono/monoCyLib.a(CyLib.o)
                0x000024d8                CyIMO_SetSource
 .text.CyIMO_EnableDoubler
                0x0000251c       0x10 c:/OpenMono/mono/monoCyLib.a(CyLib.o)
                0x0000251c                CyIMO_EnableDoubler
 .text.CyIMO_DisableDoubler
                0x0000252c       0x10 c:/OpenMono/mono/monoCyLib.a(CyLib.o)
                0x0000252c                CyIMO_DisableDoubler
 .text.CyIMO_SetFreq
                0x0000253c       0xd4 c:/OpenMono/mono/monoCyLib.a(CyLib.o)
                0x0000253c                CyIMO_SetFreq
 .text.CyMasterClk_SetSource
                0x00002610       0x18 c:/OpenMono/mono/monoCyLib.a(CyLib.o)
                0x00002610                CyMasterClk_SetSource
 .text.CyMasterClk_SetDivider
                0x00002628        0xc c:/OpenMono/mono/monoCyLib.a(CyLib.o)
                0x00002628                CyMasterClk_SetDivider
 .text.CyBusClk_SetDivider
                0x00002634       0x70 c:/OpenMono/mono/monoCyLib.a(CyLib.o)
                0x00002634                CyBusClk_SetDivider
 .text.CyILO_Start100K
                0x000026a4       0x10 c:/OpenMono/mono/monoCyLib.a(CyLib.o)
                0x000026a4                CyILO_Start100K
 .text.CyILO_Stop100K
                0x000026b4       0x10 c:/OpenMono/mono/monoCyLib.a(CyLib.o)
                0x000026b4                CyILO_Stop100K
 .text.CyPLL_OUT_Start
                0x000026c4       0x74 c:/OpenMono/mono/monoCyLib.a(CyLib.o)
                0x000026c4                CyPLL_OUT_Start
 .text.CyIMO_Start
                0x00002738       0x5c c:/OpenMono/mono/monoCyLib.a(CyLib.o)
                0x00002738                CyIMO_Start
 .text.CyXTAL_Start
                0x00002794       0xa0 c:/OpenMono/mono/monoCyLib.a(CyLib.o)
                0x00002794                CyXTAL_Start
 .text.CyXTAL_Stop
                0x00002834       0x10 c:/OpenMono/mono/monoCyLib.a(CyLib.o)
                0x00002834                CyXTAL_Stop
 .text.CyHalt   0x00002844        0x4 c:/OpenMono/mono/monoCyLib.a(CyLib.o)
                0x00002844                CyHalt
 .text.CySoftwareReset
                0x00002848       0x10 c:/OpenMono/mono/monoCyLib.a(CyLib.o)
                0x00002848                CySoftwareReset
 .text.CyDelay  0x00002858       0x30 c:/OpenMono/mono/monoCyLib.a(CyLib.o)
                0x00002858                CyDelay
 .text.CyDelayUs
                0x00002888       0x10 c:/OpenMono/mono/monoCyLib.a(CyLib.o)
                0x00002888                CyDelayUs
 .text.CyIntSetSysVector
                0x00002898       0x1c c:/OpenMono/mono/monoCyLib.a(CyLib.o)
                0x00002898                CyIntSetSysVector
 .text.CyIntSetVector
                0x000028b4       0x20 c:/OpenMono/mono/monoCyLib.a(CyLib.o)
                0x000028b4                CyIntSetVector
 .text.CyIntSetPriority
                0x000028d4       0x20 c:/OpenMono/mono/monoCyLib.a(CyLib.o)
                0x000028d4                CyIntSetPriority
 .text.CySysTickInit
                0x000028f4       0x58 c:/OpenMono/mono/monoCyLib.a(CyLib.o)
                0x000028f4                CySysTickInit
 .text.CySysTickEnableInterrupt
                0x0000294c       0x10 c:/OpenMono/mono/monoCyLib.a(CyLib.o)
                0x0000294c                CySysTickEnableInterrupt
 .text.CySysTickEnable
                0x0000295c       0x18 c:/OpenMono/mono/monoCyLib.a(CyLib.o)
                0x0000295c                CySysTickEnable
 .text.CySysTickStart
                0x00002974       0x1c c:/OpenMono/mono/monoCyLib.a(CyLib.o)
                0x00002974                CySysTickStart
 .text.CySysTickDisableInterrupt
                0x00002990       0x10 c:/OpenMono/mono/monoCyLib.a(CyLib.o)
                0x00002990                CySysTickDisableInterrupt
 .text.CySysTickSetReload
                0x000029a0       0x10 c:/OpenMono/mono/monoCyLib.a(CyLib.o)
                0x000029a0                CySysTickSetReload
 .text.CySysTickGetReload
                0x000029b0       0x10 c:/OpenMono/mono/monoCyLib.a(CyLib.o)
                0x000029b0                CySysTickGetReload
 .text.CySysTickGetValue
                0x000029c0       0x10 c:/OpenMono/mono/monoCyLib.a(CyLib.o)
                0x000029c0                CySysTickGetValue
 .text.CySysTickSetClockSource
                0x000029d0       0x18 c:/OpenMono/mono/monoCyLib.a(CyLib.o)
                0x000029d0                CySysTickSetClockSource
 .text.CySysTickGetCountFlag
                0x000029e8       0x10 c:/OpenMono/mono/monoCyLib.a(CyLib.o)
                0x000029e8                CySysTickGetCountFlag
 .text.CySysTickServiceCallbacks
                0x000029f8       0x24 c:/OpenMono/mono/monoCyLib.a(CyLib.o)
 .text.CySysTickClear
                0x00002a1c        0xc c:/OpenMono/mono/monoCyLib.a(CyLib.o)
                0x00002a1c                CySysTickClear
 .text.CyGetUniqueId
                0x00002a28       0x70 c:/OpenMono/mono/monoCyLib.a(CyLib.o)
                0x00002a28                CyGetUniqueId
 .text.CyPmHibSlpSaveSet
                0x00002a98      0x1c0 c:/OpenMono/mono/monoCyLib.a(cyPm.o)
 .text.CyPmHibSlpRestore
                0x00002c58       0xc0 c:/OpenMono/mono/monoCyLib.a(cyPm.o)
 .text.CyPmSaveClocks
                0x00002d18      0x1c0 c:/OpenMono/mono/monoCyLib.a(cyPm.o)
                0x00002d18                CyPmSaveClocks
 .text.CyPmRestoreClocks
                0x00002ed8      0x1f0 c:/OpenMono/mono/monoCyLib.a(cyPm.o)
                0x00002ed8                CyPmRestoreClocks
 .text.CyPmSleep
                0x000030c8       0xf0 c:/OpenMono/mono/monoCyLib.a(cyPm.o)
                0x000030c8                CyPmSleep
 .text.CyPmReadStatus
                0x000031b8       0x2c c:/OpenMono/mono/monoCyLib.a(cyPm.o)
                0x000031b8                CyPmReadStatus
 .text.CyPmFtwSetInterval
                0x000031e4       0x50 c:/OpenMono/mono/monoCyLib.a(cyPm.o)
                0x000031e4                CyPmFtwSetInterval
 .text.cyfitter_cfg
                0x00003234      0x2b8 c:/OpenMono/mono/monoCyLib.a(cyfitter_cfg.o)
                0x00003234                cyfitter_cfg
 *fill*         0x000034ec        0x4 
 .text          0x000034f0       0x20 c:/OpenMono/mono/monoCyLib.a(CyBootAsmGnu.o)
                0x000034f0                CyDelayCycles
                0x00003500                CyEnterCriticalSection
                0x00003508                CyExitCriticalSection
 .text.CyFlash_SetWaitCycles
                0x00003510       0x78 c:/OpenMono/mono/monoCyLib.a(CyFlash.o)
                0x00003510                CyFlash_SetWaitCycles
 .text._ZN4mbed10FileHandle4flenEv
                0x00003588       0x54 c:/OpenMono/mono/mbedlib.a(retarget.o)
                0x00003588                mbed::FileHandle::flen()
 .text._ZN4mbed10FileHandleD2Ev
                0x000035dc       0x58 c:/OpenMono/mono/mbedlib.a(retarget.o)
                0x000035dc                mbed::FileHandle::~FileHandle()
                0x000035dc                mbed::FileHandle::~FileHandle()
 .text._ZL11init_serialv
                0x00003634       0x2c c:/OpenMono/mono/mbedlib.a(retarget.o)
 .text._ZL17openmode_to_posixi
                0x00003660       0x18 c:/OpenMono/mono/mbedlib.a(retarget.o)
 .text._open    0x00003678      0x154 c:/OpenMono/mono/mbedlib.a(retarget.o)
                0x00003678                _open
 .text._close   0x000037cc       0x50 c:/OpenMono/mono/mbedlib.a(retarget.o)
                0x000037cc                _close
 .text._write   0x0000381c       0x88 c:/OpenMono/mono/mbedlib.a(retarget.o)
                0x0000381c                _write
 .text._read    0x000038a4       0x74 c:/OpenMono/mono/mbedlib.a(retarget.o)
                0x000038a4                _read
 .text._isatty  0x00003918       0x44 c:/OpenMono/mono/mbedlib.a(retarget.o)
                0x00003918                _isatty
 .text._lseek   0x0000395c       0x4c c:/OpenMono/mono/mbedlib.a(retarget.o)
                0x0000395c                _lseek
 .text._fstat   0x000039a8       0x40 c:/OpenMono/mono/mbedlib.a(retarget.o)
                0x000039a8                _fstat
 .text.exit     0x000039e8       0x30 c:/OpenMono/mono/mbedlib.a(retarget.o)
                0x000039e8                exit
 .text._ZN4mbed26mbed_set_unbuffered_streamEP7__sFILE
                0x00003a18       0x18 c:/OpenMono/mono/mbedlib.a(retarget.o)
                0x00003a18                mbed::mbed_set_unbuffered_stream(__sFILE*)
 .text.serial_init
                0x00003a30       0x5c c:/OpenMono/mono/mbedlib.a(serial_api.o)
                0x00003a30                serial_init
 .text.serial_irq_handler
                0x00003a8c       0x18 c:/OpenMono/mono/mbedlib.a(serial_api.o)
                0x00003a8c                serial_irq_handler
 .text.serial_getc
                0x00003aa4       0x2c c:/OpenMono/mono/mbedlib.a(serial_api.o)
                0x00003aa4                serial_getc
 .text.serial_putc
                0x00003ad0       0x54 c:/OpenMono/mono/mbedlib.a(serial_api.o)
                0x00003ad0                serial_putc
 .text.serial_writable
                0x00003b24       0x2c c:/OpenMono/mono/mbedlib.a(serial_api.o)
                0x00003b24                serial_writable
 .text.serial_usbuart_try_enumeration
                0x00003b50       0x44 c:/OpenMono/mono/mbedlib.a(serial_usb_api.o)
                0x00003b50                serial_usbuart_try_enumeration
 .text.serial_usbuart_init_cdc
                0x00003b94       0xd4 c:/OpenMono/mono/mbedlib.a(serial_usb_api.o)
                0x00003b94                serial_usbuart_init_cdc
 .text.serial_usbuart_is_started
                0x00003c68       0x18 c:/OpenMono/mono/mbedlib.a(serial_usb_api.o)
                0x00003c68                serial_usbuart_is_started
 .text.serial_usbuart_stopped
                0x00003c80       0x20 c:/OpenMono/mono/mbedlib.a(serial_usb_api.o)
                0x00003c80                serial_usbuart_stopped
 .text.serial_usbuart_dtr
                0x00003ca0       0x34 c:/OpenMono/mono/mbedlib.a(serial_usb_api.o)
                0x00003ca0                serial_usbuart_dtr
 .text.us_ticker_systick_irq_handler
                0x00003cd4       0x84 c:/OpenMono/mono/mbedlib.a(us_ticker.o)
                0x00003cd4                us_ticker_systick_irq_handler
 .text.us_ticker_init
                0x00003d58       0x40 c:/OpenMono/mono/mbedlib.a(us_ticker.o)
                0x00003d58                us_ticker_init
 .text.us_ticker_read
                0x00003d98       0x54 c:/OpenMono/mono/mbedlib.a(us_ticker.o)
                0x00003d98                us_ticker_read
 .text.us_ticker_set_interrupt
                0x00003dec       0xc4 c:/OpenMono/mono/mbedlib.a(us_ticker.o)
                0x00003dec                us_ticker_set_interrupt
 .text.us_ticker_disable_interrupt
                0x00003eb0       0x1c c:/OpenMono/mono/mbedlib.a(us_ticker.o)
                0x00003eb0                us_ticker_disable_interrupt
 .text.us_ticker_clear_interrupt
                0x00003ecc        0xc c:/OpenMono/mono/mbedlib.a(us_ticker.o)
                0x00003ecc                us_ticker_clear_interrupt
 .text.get_us_ticker_data
                0x00003ed8       0x14 c:/OpenMono/mono/mbedlib.a(us_ticker_api.o)
                0x00003ed8                get_us_ticker_data
 .text.us_ticker_irq_handler
                0x00003eec       0x14 c:/OpenMono/mono/mbedlib.a(us_ticker_api.o)
                0x00003eec                us_ticker_irq_handler
 .text._ZN4mbed8FilePathC2EPKc
                0x00003f00       0x88 c:/OpenMono/mono/mbedlib.a(FilePath.o)
                0x00003f00                mbed::FilePath::FilePath(char const*)
                0x00003f00                mbed::FilePath::FilePath(char const*)
 .text._ZN4mbed8FilePath8fileNameEv
                0x00003f88       0x18 c:/OpenMono/mono/mbedlib.a(FilePath.o)
                0x00003f88                mbed::FilePath::fileName()
 .text._ZN4mbed8FilePath12isFileSystemEv
                0x00003fa0       0x34 c:/OpenMono/mono/mbedlib.a(FilePath.o)
                0x00003fa0                mbed::FilePath::isFileSystem()
 .text._ZN4mbed8FilePath10fileSystemEv
                0x00003fd4       0x24 c:/OpenMono/mono/mbedlib.a(FilePath.o)
                0x00003fd4                mbed::FilePath::fileSystem()
 .text._ZN4mbed8FilePath6isFileEv
                0x00003ff8       0x34 c:/OpenMono/mono/mbedlib.a(FilePath.o)
                0x00003ff8                mbed::FilePath::isFile()
 .text._ZN4mbed8FilePath4fileEv
                0x0000402c       0x34 c:/OpenMono/mono/mbedlib.a(FilePath.o)
                0x0000402c                mbed::FilePath::file()
 .text._ZN4mbed8FilePath6existsEv
                0x00004060       0x20 c:/OpenMono/mono/mbedlib.a(FilePath.o)
                0x00004060                mbed::FilePath::exists()
 .text.mbed_die
                0x00004080       0x9c c:/OpenMono/mono/mbedlib.a(board.o)
                0x00004080                mbed_die
 .text.ticker_set_handler
                0x0000411c       0x24 c:/OpenMono/mono/mbedlib.a(ticker_api.o)
                0x0000411c                ticker_set_handler
 .text.ticker_irq_handler
                0x00004140       0x84 c:/OpenMono/mono/mbedlib.a(ticker_api.o)
                0x00004140                ticker_irq_handler
 .text.ticker_insert_event
                0x000041c4       0x7c c:/OpenMono/mono/mbedlib.a(ticker_api.o)
                0x000041c4                ticker_insert_event
 .text.ticker_remove_event
                0x00004240       0x80 c:/OpenMono/mono/mbedlib.a(ticker_api.o)
                0x00004240                ticker_remove_event
 .text.ticker_read
                0x000042c0       0x1c c:/OpenMono/mono/mbedlib.a(ticker_api.o)
                0x000042c0                ticker_read
 .text._ZN4mbed8FileBaseC2EPKcNS_8PathTypeE
                0x000042dc       0x58 c:/OpenMono/mono/mbedlib.a(FileBase.o)
                0x000042dc                mbed::FileBase::FileBase(char const*, mbed::PathType)
                0x000042dc                mbed::FileBase::FileBase(char const*, mbed::PathType)
 .text._ZN4mbed8FileBaseD2Ev
                0x00004334       0x68 c:/OpenMono/mono/mbedlib.a(FileBase.o)
                0x00004334                mbed::FileBase::~FileBase()
                0x00004334                mbed::FileBase::~FileBase()
 .text._ZN4mbed8FileBaseD0Ev
                0x0000439c       0x20 c:/OpenMono/mono/mbedlib.a(FileBase.o)
                0x0000439c                mbed::FileBase::~FileBase()
 .text._ZN4mbed8FileBase6lookupEPKcj
                0x000043bc       0x60 c:/OpenMono/mono/mbedlib.a(FileBase.o)
                0x000043bc                mbed::FileBase::lookup(char const*, unsigned int)
 .text._ZN4mbed8FileBase11getPathTypeEv
                0x0000441c       0x18 c:/OpenMono/mono/mbedlib.a(FileBase.o)
                0x0000441c                mbed::FileBase::getPathType()
 .text._ZN4mbed10SerialBaseD2Ev
                0x00004434       0x28 build/app_controller.o
                0x00004434                mbed::SerialBase::~SerialBase()
                0x00004434                mbed::SerialBase::~SerialBase()
 .text._ZN4mbed10SerialBaseD0Ev
                0x0000445c       0x20 build/app_controller.o
                0x0000445c                mbed::SerialBase::~SerialBase()
 .text._ZN4mono12IApplicationC2Ev
                0x0000447c       0x20 build/app_controller.o
                0x0000447c                mono::IApplication::IApplication()
                0x0000447c                mono::IApplication::IApplication()
 .text._ZN13AppControllerC2Ev
                0x0000449c       0xb0 build/app_controller.o
                0x0000449c                AppController::AppController()
                0x0000449c                AppController::AppController()
 .text._ZN13AppController17monoWakeFromResetEv
                0x0000454c       0x24 build/app_controller.o
                0x0000454c                AppController::monoWakeFromReset()
 .text._ZN13AppController17monoWillGotoSleepEv
                0x00004570       0x14 build/app_controller.o
                0x00004570                AppController::monoWillGotoSleep()
 .text._ZN13AppController17monoWakeFromSleepEv
                0x00004584       0x1c build/app_controller.o
                0x00004584                AppController::monoWakeFromSleep()
 .text._ZN4mbed6SerialD2Ev
                0x000045a0       0x60 build/app_controller.o
                0x000045a0                mbed::Serial::~Serial()
                0x000045a0                mbed::Serial::~Serial()
                0x000045f0                non-virtual thunk to mbed::Serial::~Serial()
                0x000045f8                non-virtual thunk to mbed::Serial::~Serial()
 .text._ZN4mbed6SerialD0Ev
                0x00004600       0x30 build/app_controller.o
                0x00004600                mbed::Serial::~Serial()
                0x00004620                non-virtual thunk to mbed::Serial::~Serial()
                0x00004628                non-virtual thunk to mbed::Serial::~Serial()
 .text._ZN4mono2io6SerialD2Ev
                0x00004630       0x54 build/app_controller.o
                0x00004630                mono::io::Serial::~Serial()
                0x00004630                mono::io::Serial::~Serial()
                0x00004674                non-virtual thunk to mono::io::Serial::~Serial()
                0x0000467c                non-virtual thunk to mono::io::Serial::~Serial()
 .text._ZN4mono2io6SerialD0Ev
                0x00004684       0x30 build/app_controller.o
                0x00004684                mono::io::Serial::~Serial()
                0x000046a4                non-virtual thunk to mono::io::Serial::~Serial()
                0x000046ac                non-virtual thunk to mono::io::Serial::~Serial()
 .text._Z41__static_initialization_and_destruction_0ii
                0x000046b4      0x164 build/app_controller.o
 .text._GLOBAL__sub_I__ZN13AppControllerC2Ev
                0x00004818       0x10 build/app_controller.o
 .text._ZN4mbed3SPID2Ev
                0x00004828       0x28 build/mono_default_main.o
                0x00004828                mbed::SPI::~SPI()
                0x00004828                mbed::SPI::~SPI()
 .text._ZN4mbed3SPID0Ev
                0x00004850       0x20 build/mono_default_main.o
                0x00004850                mbed::SPI::~SPI()
 .text._ZN4mono12IApplication12enterRunLoopEv
                0x00004870       0x28 build/mono_default_main.o
                0x00004870                mono::IApplication::enterRunLoop()
 .text._ZN4mono7redpine22ModuleSPICommunicationD2Ev
                0x00004898       0x3c build/mono_default_main.o
                0x00004898                mono::redpine::ModuleSPICommunication::~ModuleSPICommunication()
                0x00004898                mono::redpine::ModuleSPICommunication::~ModuleSPICommunication()
 .text._ZN13AppControllerD2Ev
                0x000048d4       0x3c build/mono_default_main.o
                0x000048d4                AppController::~AppController()
                0x000048d4                AppController::~AppController()
 .text.main     0x00004910       0x48 build/mono_default_main.o
                0x00004910                main
 .text._Z41__static_initialization_and_destruction_0ii
                0x00004958      0x164 build/mono_default_main.o
 .text._ZN4mono2ui13TextLabelViewD2Ev
                0x00004abc       0x44 build/mono_default_main.o
                0x00004abc                mono::ui::TextLabelView::~TextLabelView()
                0x00004abc                mono::ui::TextLabelView::~TextLabelView()
 .text._ZN4mono2ui13TextLabelViewD0Ev
                0x00004b00       0x20 build/mono_default_main.o
                0x00004b00                mono::ui::TextLabelView::~TextLabelView()
 .text._GLOBAL__sub_I_mono_default_main.cpp
                0x00004b20       0x10 build/mono_default_main.o
 .text.__aeabi_atexit
                0x00004b30        0xa c:/openmono/gcc-arm-none-eabi-5_2-2015q4-20151219-win32/bin/../lib/gcc/arm-none-eabi/5.2.1/../../../../arm-none-eabi/lib/armv7-m\libstdc++_nano.a(atexit_arm.o)
                0x00004b30                __aeabi_atexit
 .text._ZdlPv   0x00004b3a        0x4 c:/openmono/gcc-arm-none-eabi-5_2-2015q4-20151219-win32/bin/../lib/gcc/arm-none-eabi/5.2.1/../../../../arm-none-eabi/lib/armv7-m\libstdc++_nano.a(del_op.o)
                0x00004b3a                operator delete(void*)
 .text._Znwj    0x00004b3e       0x22 c:/openmono/gcc-arm-none-eabi-5_2-2015q4-20151219-win32/bin/../lib/gcc/arm-none-eabi/5.2.1/../../../../arm-none-eabi/lib/armv7-m\libstdc++_nano.a(new_op.o)
                0x00004b3e                operator new(unsigned int)
 .text.__cxa_pure_virtual
                0x00004b60       0x14 c:/openmono/gcc-arm-none-eabi-5_2-2015q4-20151219-win32/bin/../lib/gcc/arm-none-eabi/5.2.1/../../../../arm-none-eabi/lib/armv7-m\libstdc++_nano.a(pure.o)
                0x00004b60                __cxa_pure_virtual
 .text._ZSt15get_new_handlerv
                0x00004b74       0x10 c:/openmono/gcc-arm-none-eabi-5_2-2015q4-20151219-win32/bin/../lib/gcc/arm-none-eabi/5.2.1/../../../../arm-none-eabi/lib/armv7-m\libstdc++_nano.a(new_handler.o)
                0x00004b74                std::get_new_handler()
 .text._ZN10__cxxabiv111__terminateEPFvvE
                0x00004b84        0x8 c:/openmono/gcc-arm-none-eabi-5_2-2015q4-20151219-win32/bin/../lib/gcc/arm-none-eabi/5.2.1/../../../../arm-none-eabi/lib/armv7-m\libstdc++_nano.a(eh_terminate.o)
                0x00004b84                __cxxabiv1::__terminate(void (*)())
 .text._ZSt13get_terminatev
                0x00004b8c       0x10 c:/openmono/gcc-arm-none-eabi-5_2-2015q4-20151219-win32/bin/../lib/gcc/arm-none-eabi/5.2.1/../../../../arm-none-eabi/lib/armv7-m\libstdc++_nano.a(eh_terminate.o)
                0x00004b8c                std::get_terminate()
 .text._ZSt9terminatev
                0x00004b9c        0xa c:/openmono/gcc-arm-none-eabi-5_2-2015q4-20151219-win32/bin/../lib/gcc/arm-none-eabi/5.2.1/../../../../arm-none-eabi/lib/armv7-m\libstdc++_nano.a(eh_terminate.o)
                0x00004b9c                std::terminate()
 *fill*         0x00004ba6        0x2 
 .text._ZN9__gnu_cxx27__verbose_terminate_handlerEv
                0x00004ba8       0x9c c:/openmono/gcc-arm-none-eabi-5_2-2015q4-20151219-win32/bin/../lib/gcc/arm-none-eabi/5.2.1/../../../../arm-none-eabi/lib/armv7-m\libstdc++_nano.a(vterminate.o)
                0x00004ba8                __gnu_cxx::__verbose_terminate_handler()
 .text          0x00004c44     0x82b0 c:/openmono/gcc-arm-none-eabi-5_2-2015q4-20151219-win32/bin/../lib/gcc/arm-none-eabi/5.2.1/../../../../arm-none-eabi/lib/armv7-m\libstdc++_nano.a(cp-demangle.o)
                0x0000ce14                __cxa_demangle
                0x0000ced0                __gcclibcxx_demangle_callback
 .text.__cxa_current_exception_type
                0x0000cef4       0x1a c:/openmono/gcc-arm-none-eabi-5_2-2015q4-20151219-win32/bin/../lib/gcc/arm-none-eabi/5.2.1/../../../../arm-none-eabi/lib/armv7-m\libstdc++_nano.a(eh_type.o)
                0x0000cef4                __cxa_current_exception_type
 *fill*         0x0000cf0e        0x2 
 .text.__cxa_get_globals
                0x0000cf10        0x8 c:/openmono/gcc-arm-none-eabi-5_2-2015q4-20151219-win32/bin/../lib/gcc/arm-none-eabi/5.2.1/../../../../arm-none-eabi/lib/armv7-m\libstdc++_nano.a(eh_globals.o)
                0x0000cf10                __cxa_get_globals
 .text.abort    0x0000cf18        0xe c:/openmono/gcc-arm-none-eabi-5_2-2015q4-20151219-win32/bin/../lib/gcc/arm-none-eabi/5.2.1/../../../../arm-none-eabi/lib/armv7-m\libc_nano.a(lib_a-abort.o)
                0x0000cf18                abort
 *fill*         0x0000cf26        0x2 
 .text.__cxa_atexit
                0x0000cf28       0x1c c:/openmono/gcc-arm-none-eabi-5_2-2015q4-20151219-win32/bin/../lib/gcc/arm-none-eabi/5.2.1/../../../../arm-none-eabi/lib/armv7-m\libc_nano.a(lib_a-cxa_atexit.o)
                0x0000cf28                __cxa_atexit
 .text.__errno  0x0000cf44        0xc c:/openmono/gcc-arm-none-eabi-5_2-2015q4-20151219-win32/bin/../lib/gcc/arm-none-eabi/5.2.1/../../../../arm-none-eabi/lib/armv7-m\libc_nano.a(lib_a-errno.o)
                0x0000cf44                __errno
 .text.__sflush_r
                0x0000cf50      0x10c c:/openmono/gcc-arm-none-eabi-5_2-2015q4-20151219-win32/bin/../lib/gcc/arm-none-eabi/5.2.1/../../../../arm-none-eabi/lib/armv7-m\libc_nano.a(lib_a-fflush.o)
                0x0000cf50                __sflush_r
 .text._fflush_r
                0x0000d05c       0x54 c:/openmono/gcc-arm-none-eabi-5_2-2015q4-20151219-win32/bin/../lib/gcc/arm-none-eabi/5.2.1/../../../../arm-none-eabi/lib/armv7-m\libc_nano.a(lib_a-fflush.o)
                0x0000d05c                _fflush_r
 .text.fflush   0x0000d0b0       0x24 c:/openmono/gcc-arm-none-eabi-5_2-2015q4-20151219-win32/bin/../lib/gcc/arm-none-eabi/5.2.1/../../../../arm-none-eabi/lib/armv7-m\libc_nano.a(lib_a-fflush.o)
                0x0000d0b0                fflush
 .text._cleanup_r
                0x0000d0d4        0xc c:/openmono/gcc-arm-none-eabi-5_2-2015q4-20151219-win32/bin/../lib/gcc/arm-none-eabi/5.2.1/../../../../arm-none-eabi/lib/armv7-m\libc_nano.a(lib_a-findfp.o)
                0x0000d0d4                _cleanup_r
 .text.std.isra.0
                0x0000d0e0       0x48 c:/openmono/gcc-arm-none-eabi-5_2-2015q4-20151219-win32/bin/../lib/gcc/arm-none-eabi/5.2.1/../../../../arm-none-eabi/lib/armv7-m\libc_nano.a(lib_a-findfp.o)
 .text.__sfmoreglue
                0x0000d128       0x2c c:/openmono/gcc-arm-none-eabi-5_2-2015q4-20151219-win32/bin/../lib/gcc/arm-none-eabi/5.2.1/../../../../arm-none-eabi/lib/armv7-m\libc_nano.a(lib_a-findfp.o)
                0x0000d128                __sfmoreglue
 .text.__sinit  0x0000d154       0x60 c:/openmono/gcc-arm-none-eabi-5_2-2015q4-20151219-win32/bin/../lib/gcc/arm-none-eabi/5.2.1/../../../../arm-none-eabi/lib/armv7-m\libc_nano.a(lib_a-findfp.o)
                0x0000d154                __sinit
 .text.__sfp    0x0000d1b4       0x78 c:/openmono/gcc-arm-none-eabi-5_2-2015q4-20151219-win32/bin/../lib/gcc/arm-none-eabi/5.2.1/../../../../arm-none-eabi/lib/armv7-m\libc_nano.a(lib_a-findfp.o)
                0x0000d1b4                __sfp
 .text.__sfp_lock_acquire
                0x0000d22c        0x2 c:/openmono/gcc-arm-none-eabi-5_2-2015q4-20151219-win32/bin/../lib/gcc/arm-none-eabi/5.2.1/../../../../arm-none-eabi/lib/armv7-m\libc_nano.a(lib_a-findfp.o)
                0x0000d22c                __sfp_lock_acquire
 .text.__sfp_lock_release
                0x0000d22e        0x2 c:/openmono/gcc-arm-none-eabi-5_2-2015q4-20151219-win32/bin/../lib/gcc/arm-none-eabi/5.2.1/../../../../arm-none-eabi/lib/armv7-m\libc_nano.a(lib_a-findfp.o)
                0x0000d22e                __sfp_lock_release
 .text._fputs_r
                0x0000d230       0xa8 c:/openmono/gcc-arm-none-eabi-5_2-2015q4-20151219-win32/bin/../lib/gcc/arm-none-eabi/5.2.1/../../../../arm-none-eabi/lib/armv7-m\libc_nano.a(lib_a-fputs.o)
                0x0000d230                _fputs_r
 .text.fputs    0x0000d2d8       0x10 c:/openmono/gcc-arm-none-eabi-5_2-2015q4-20151219-win32/bin/../lib/gcc/arm-none-eabi/5.2.1/../../../../arm-none-eabi/lib/armv7-m\libc_nano.a(lib_a-fputs.o)
                0x0000d2d8                fputs
 .text._fwalk_reent
                0x0000d2e8       0x3c c:/openmono/gcc-arm-none-eabi-5_2-2015q4-20151219-win32/bin/../lib/gcc/arm-none-eabi/5.2.1/../../../../arm-none-eabi/lib/armv7-m\libc_nano.a(lib_a-fwalk.o)
                0x0000d2e8                _fwalk_reent
 .text.__libc_init_array
                0x0000d324       0x4c c:/openmono/gcc-arm-none-eabi-5_2-2015q4-20151219-win32/bin/../lib/gcc/arm-none-eabi/5.2.1/../../../../arm-none-eabi/lib/armv7-m\libc_nano.a(lib_a-init.o)
                0x0000d324                __libc_init_array
 .text.malloc   0x0000d370       0x10 c:/openmono/gcc-arm-none-eabi-5_2-2015q4-20151219-win32/bin/../lib/gcc/arm-none-eabi/5.2.1/../../../../arm-none-eabi/lib/armv7-m\libc_nano.a(lib_a-malloc.o)
                0x0000d370                malloc
 .text.free     0x0000d380       0x10 c:/openmono/gcc-arm-none-eabi-5_2-2015q4-20151219-win32/bin/../lib/gcc/arm-none-eabi/5.2.1/../../../../arm-none-eabi/lib/armv7-m\libc_nano.a(lib_a-malloc.o)
                0x0000d380                free
 .text.memchr   0x0000d390       0x1c c:/openmono/gcc-arm-none-eabi-5_2-2015q4-20151219-win32/bin/../lib/gcc/arm-none-eabi/5.2.1/../../../../arm-none-eabi/lib/armv7-m\libc_nano.a(lib_a-memchr-stub.o)
                0x0000d390                memchr
 .text.memcmp   0x0000d3ac       0x1e c:/openmono/gcc-arm-none-eabi-5_2-2015q4-20151219-win32/bin/../lib/gcc/arm-none-eabi/5.2.1/../../../../arm-none-eabi/lib/armv7-m\libc_nano.a(lib_a-memcmp.o)
                0x0000d3ac                memcmp
 .text.memcpy   0x0000d3ca       0x16 c:/openmono/gcc-arm-none-eabi-5_2-2015q4-20151219-win32/bin/../lib/gcc/arm-none-eabi/5.2.1/../../../../arm-none-eabi/lib/armv7-m\libc_nano.a(lib_a-memcpy-stub.o)
                0x0000d3ca                memcpy
 .text.memset   0x0000d3e0       0x10 c:/openmono/gcc-arm-none-eabi-5_2-2015q4-20151219-win32/bin/../lib/gcc/arm-none-eabi/5.2.1/../../../../arm-none-eabi/lib/armv7-m\libc_nano.a(lib_a-memset.o)
                0x0000d3e0                memset
 .text._free_r  0x0000d3f0       0x88 c:/openmono/gcc-arm-none-eabi-5_2-2015q4-20151219-win32/bin/../lib/gcc/arm-none-eabi/5.2.1/../../../../arm-none-eabi/lib/armv7-m\libc_nano.a(lib_a-nano-freer.o)
                0x0000d3f0                _free_r
 .text._malloc_r
                0x0000d478       0xa8 c:/openmono/gcc-arm-none-eabi-5_2-2015q4-20151219-win32/bin/../lib/gcc/arm-none-eabi/5.2.1/../../../../arm-none-eabi/lib/armv7-m\libc_nano.a(lib_a-nano-mallocr.o)
                0x0000d478                _malloc_r
 .text.realloc  0x0000d520       0x10 c:/openmono/gcc-arm-none-eabi-5_2-2015q4-20151219-win32/bin/../lib/gcc/arm-none-eabi/5.2.1/../../../../arm-none-eabi/lib/armv7-m\libc_nano.a(lib_a-realloc.o)
                0x0000d520                realloc
 .text._sbrk_r  0x0000d530       0x20 c:/openmono/gcc-arm-none-eabi-5_2-2015q4-20151219-win32/bin/../lib/gcc/arm-none-eabi/5.2.1/../../../../arm-none-eabi/lib/armv7-m\libc_nano.a(lib_a-sbrkr.o)
                0x0000d530                _sbrk_r
 .text.setbuf   0x0000d550       0x10 c:/openmono/gcc-arm-none-eabi-5_2-2015q4-20151219-win32/bin/../lib/gcc/arm-none-eabi/5.2.1/../../../../arm-none-eabi/lib/armv7-m\libc_nano.a(lib_a-setbuf.o)
                0x0000d550                setbuf
 .text.setvbuf  0x0000d560      0x110 c:/openmono/gcc-arm-none-eabi-5_2-2015q4-20151219-win32/bin/../lib/gcc/arm-none-eabi/5.2.1/../../../../arm-none-eabi/lib/armv7-m\libc_nano.a(lib_a-setvbuf.o)
                0x0000d560                setvbuf
 .text._raise_r
                0x0000d670       0x54 c:/openmono/gcc-arm-none-eabi-5_2-2015q4-20151219-win32/bin/../lib/gcc/arm-none-eabi/5.2.1/../../../../arm-none-eabi/lib/armv7-m\libc_nano.a(lib_a-signal.o)
                0x0000d670                _raise_r
 .text.raise    0x0000d6c4       0x10 c:/openmono/gcc-arm-none-eabi-5_2-2015q4-20151219-win32/bin/../lib/gcc/arm-none-eabi/5.2.1/../../../../arm-none-eabi/lib/armv7-m\libc_nano.a(lib_a-signal.o)
                0x0000d6c4                raise
 .text._kill_r  0x0000d6d4       0x24 c:/openmono/gcc-arm-none-eabi-5_2-2015q4-20151219-win32/bin/../lib/gcc/arm-none-eabi/5.2.1/../../../../arm-none-eabi/lib/armv7-m\libc_nano.a(lib_a-signalr.o)
                0x0000d6d4                _kill_r
 .text._getpid_r
                0x0000d6f8        0x4 c:/openmono/gcc-arm-none-eabi-5_2-2015q4-20151219-win32/bin/../lib/gcc/arm-none-eabi/5.2.1/../../../../arm-none-eabi/lib/armv7-m\libc_nano.a(lib_a-signalr.o)
                0x0000d6f8                _getpid_r
 .text.sprintf  0x0000d6fc       0x48 c:/openmono/gcc-arm-none-eabi-5_2-2015q4-20151219-win32/bin/../lib/gcc/arm-none-eabi/5.2.1/../../../../arm-none-eabi/lib/armv7-m\libc_nano.a(lib_a-sprintf.o)
                0x0000d6fc                siprintf
                0x0000d6fc                sprintf
 .text.sscanf   0x0000d744       0x54 c:/openmono/gcc-arm-none-eabi-5_2-2015q4-20151219-win32/bin/../lib/gcc/arm-none-eabi/5.2.1/../../../../arm-none-eabi/lib/armv7-m\libc_nano.a(lib_a-sscanf.o)
                0x0000d744                siscanf
                0x0000d744                sscanf
 .text.__sread  0x0000d798       0x22 c:/openmono/gcc-arm-none-eabi-5_2-2015q4-20151219-win32/bin/../lib/gcc/arm-none-eabi/5.2.1/../../../../arm-none-eabi/lib/armv7-m\libc_nano.a(lib_a-stdio.o)
                0x0000d798                __sread
 .text.__seofread
                0x0000d7ba        0x4 c:/openmono/gcc-arm-none-eabi-5_2-2015q4-20151219-win32/bin/../lib/gcc/arm-none-eabi/5.2.1/../../../../arm-none-eabi/lib/armv7-m\libc_nano.a(lib_a-stdio.o)
                0x0000d7ba                __seofread
 .text.__swrite
                0x0000d7be       0x38 c:/openmono/gcc-arm-none-eabi-5_2-2015q4-20151219-win32/bin/../lib/gcc/arm-none-eabi/5.2.1/../../../../arm-none-eabi/lib/armv7-m\libc_nano.a(lib_a-stdio.o)
                0x0000d7be                __swrite
 .text.__sseek  0x0000d7f6       0x24 c:/openmono/gcc-arm-none-eabi-5_2-2015q4-20151219-win32/bin/../lib/gcc/arm-none-eabi/5.2.1/../../../../arm-none-eabi/lib/armv7-m\libc_nano.a(lib_a-stdio.o)
                0x0000d7f6                __sseek
 .text.__sclose
                0x0000d81a        0x8 c:/openmono/gcc-arm-none-eabi-5_2-2015q4-20151219-win32/bin/../lib/gcc/arm-none-eabi/5.2.1/../../../../arm-none-eabi/lib/armv7-m\libc_nano.a(lib_a-stdio.o)
                0x0000d81a                __sclose
 .text          0x0000d822       0x14 c:/openmono/gcc-arm-none-eabi-5_2-2015q4-20151219-win32/bin/../lib/gcc/arm-none-eabi/5.2.1/../../../../arm-none-eabi/lib/armv7-m\libc_nano.a(lib_a-strcmp.o)
                0x0000d822                strcmp
 .text          0x0000d836       0x10 c:/openmono/gcc-arm-none-eabi-5_2-2015q4-20151219-win32/bin/../lib/gcc/arm-none-eabi/5.2.1/../../../../arm-none-eabi/lib/armv7-m\libc_nano.a(lib_a-strlen.o)
                0x0000d836                strlen
 .text.strncmp  0x0000d846       0x2a c:/openmono/gcc-arm-none-eabi-5_2-2015q4-20151219-win32/bin/../lib/gcc/arm-none-eabi/5.2.1/../../../../arm-none-eabi/lib/armv7-m\libc_nano.a(lib_a-strncmp.o)
                0x0000d846                strncmp
 .text.write    0x0000d870       0x14 c:/openmono/gcc-arm-none-eabi-5_2-2015q4-20151219-win32/bin/../lib/gcc/arm-none-eabi/5.2.1/../../../../arm-none-eabi/lib/armv7-m\libc_nano.a(lib_a-syswrite.o)
                0x0000d870                write
 .text.__swbuf_r
                0x0000d884       0xa8 c:/openmono/gcc-arm-none-eabi-5_2-2015q4-20151219-win32/bin/../lib/gcc/arm-none-eabi/5.2.1/../../../../arm-none-eabi/lib/armv7-m\libc_nano.a(lib_a-wbuf.o)
                0x0000d884                __swbuf_r
 .text._write_r
                0x0000d92c       0x24 c:/openmono/gcc-arm-none-eabi-5_2-2015q4-20151219-win32/bin/../lib/gcc/arm-none-eabi/5.2.1/../../../../arm-none-eabi/lib/armv7-m\libc_nano.a(lib_a-writer.o)
                0x0000d92c                _write_r
 .text.__swsetup_r
                0x0000d950       0xd8 c:/openmono/gcc-arm-none-eabi-5_2-2015q4-20151219-win32/bin/../lib/gcc/arm-none-eabi/5.2.1/../../../../arm-none-eabi/lib/armv7-m\libc_nano.a(lib_a-wsetup.o)
                0x0000d950                __swsetup_r
 .text._close_r
                0x0000da28       0x20 c:/openmono/gcc-arm-none-eabi-5_2-2015q4-20151219-win32/bin/../lib/gcc/arm-none-eabi/5.2.1/../../../../arm-none-eabi/lib/armv7-m\libc_nano.a(lib_a-closer.o)
                0x0000da28                _close_r
 .text._lseek_r
                0x0000da48       0x24 c:/openmono/gcc-arm-none-eabi-5_2-2015q4-20151219-win32/bin/../lib/gcc/arm-none-eabi/5.2.1/../../../../arm-none-eabi/lib/armv7-m\libc_nano.a(lib_a-lseekr.o)
                0x0000da48                _lseek_r
 .text.__smakebuf_r
                0x0000da6c       0x98 c:/openmono/gcc-arm-none-eabi-5_2-2015q4-20151219-win32/bin/../lib/gcc/arm-none-eabi/5.2.1/../../../../arm-none-eabi/lib/armv7-m\libc_nano.a(lib_a-makebuf.o)
                0x0000da6c                __smakebuf_r
 .text._realloc_r
                0x0000db04       0x4c c:/openmono/gcc-arm-none-eabi-5_2-2015q4-20151219-win32/bin/../lib/gcc/arm-none-eabi/5.2.1/../../../../arm-none-eabi/lib/armv7-m\libc_nano.a(lib_a-nano-reallocr.o)
                0x0000db04                _realloc_r
 .text.__ssputs_r
                0x0000db50       0xb2 c:/openmono/gcc-arm-none-eabi-5_2-2015q4-20151219-win32/bin/../lib/gcc/arm-none-eabi/5.2.1/../../../../arm-none-eabi/lib/armv7-m\libc_nano.a(lib_a-nano-svfprintf.o)
                0x0000db50                __ssputs_r
 *fill*         0x0000dc02        0x2 
 .text._svfprintf_r
                0x0000dc04      0x1e8 c:/openmono/gcc-arm-none-eabi-5_2-2015q4-20151219-win32/bin/../lib/gcc/arm-none-eabi/5.2.1/../../../../arm-none-eabi/lib/armv7-m\libc_nano.a(lib_a-nano-svfprintf.o)
                0x0000dc04                _svfiprintf_r
                0x0000dc04                _svfprintf_r
 .text._sungetc_r
                0x0000ddec       0x7c c:/openmono/gcc-arm-none-eabi-5_2-2015q4-20151219-win32/bin/../lib/gcc/arm-none-eabi/5.2.1/../../../../arm-none-eabi/lib/armv7-m\libc_nano.a(lib_a-nano-svfscanf.o)
                0x0000ddec                _sungetc_r
 .text.__ssrefill_r
                0x0000de68       0x3a c:/openmono/gcc-arm-none-eabi-5_2-2015q4-20151219-win32/bin/../lib/gcc/arm-none-eabi/5.2.1/../../../../arm-none-eabi/lib/armv7-m\libc_nano.a(lib_a-nano-svfscanf.o)
                0x0000de68                __ssrefill_r
 *fill*         0x0000dea2        0x2 
 .text.__ssvfscanf_r
                0x0000dea4      0x29c c:/openmono/gcc-arm-none-eabi-5_2-2015q4-20151219-win32/bin/../lib/gcc/arm-none-eabi/5.2.1/../../../../arm-none-eabi/lib/armv7-m\libc_nano.a(lib_a-nano-svfscanf.o)
                0x0000dea4                __ssvfiscanf_r
                0x0000dea4                __ssvfscanf_r
 .text._printf_common
                0x0000e140       0xec c:/openmono/gcc-arm-none-eabi-5_2-2015q4-20151219-win32/bin/../lib/gcc/arm-none-eabi/5.2.1/../../../../arm-none-eabi/lib/armv7-m\libc_nano.a(lib_a-nano-vfprintf_i.o)
                0x0000e140                _printf_common
 .text._printf_i
                0x0000e22c      0x24c c:/openmono/gcc-arm-none-eabi-5_2-2015q4-20151219-win32/bin/../lib/gcc/arm-none-eabi/5.2.1/../../../../arm-none-eabi/lib/armv7-m\libc_nano.a(lib_a-nano-vfprintf_i.o)
                0x0000e22c                _printf_i
 .text._scanf_chars
                0x0000e478       0xcc c:/openmono/gcc-arm-none-eabi-5_2-2015q4-20151219-win32/bin/../lib/gcc/arm-none-eabi/5.2.1/../../../../arm-none-eabi/lib/armv7-m\libc_nano.a(lib_a-nano-vfscanf_i.o)
                0x0000e478                _scanf_chars
 .text._scanf_i
                0x0000e544      0x1e4 c:/openmono/gcc-arm-none-eabi-5_2-2015q4-20151219-win32/bin/../lib/gcc/arm-none-eabi/5.2.1/../../../../arm-none-eabi/lib/armv7-m\libc_nano.a(lib_a-nano-vfscanf_i.o)
                0x0000e544                _scanf_i
 .text._read_r  0x0000e728       0x24 c:/openmono/gcc-arm-none-eabi-5_2-2015q4-20151219-win32/bin/../lib/gcc/arm-none-eabi/5.2.1/../../../../arm-none-eabi/lib/armv7-m\libc_nano.a(lib_a-readr.o)
                0x0000e728                _read_r
 .text.__sccl   0x0000e74c       0x60 c:/openmono/gcc-arm-none-eabi-5_2-2015q4-20151219-win32/bin/../lib/gcc/arm-none-eabi/5.2.1/../../../../arm-none-eabi/lib/armv7-m\libc_nano.a(lib_a-sccl.o)
                0x0000e74c                __sccl
 .text._strtol_r
                0x0000e7ac      0x10c c:/openmono/gcc-arm-none-eabi-5_2-2015q4-20151219-win32/bin/../lib/gcc/arm-none-eabi/5.2.1/../../../../arm-none-eabi/lib/armv7-m\libc_nano.a(lib_a-strtol.o)
                0x0000e7ac                _strtol_r
 .text._strtoul_r
                0x0000e8b8       0xfc c:/openmono/gcc-arm-none-eabi-5_2-2015q4-20151219-win32/bin/../lib/gcc/arm-none-eabi/5.2.1/../../../../arm-none-eabi/lib/armv7-m\libc_nano.a(lib_a-strtoul.o)
                0x0000e8b8                _strtoul_r
 .text.__submore
                0x0000e9b4       0x72 c:/openmono/gcc-arm-none-eabi-5_2-2015q4-20151219-win32/bin/../lib/gcc/arm-none-eabi/5.2.1/../../../../arm-none-eabi/lib/armv7-m\libc_nano.a(lib_a-ungetc.o)
                0x0000e9b4                __submore
 *fill*         0x0000ea26        0x2 
 .text._fstat_r
                0x0000ea28       0x24 c:/openmono/gcc-arm-none-eabi-5_2-2015q4-20151219-win32/bin/../lib/gcc/arm-none-eabi/5.2.1/../../../../arm-none-eabi/lib/armv7-m\libc_nano.a(lib_a-fstatr.o)
                0x0000ea28                _fstat_r
 .text._isatty_r
                0x0000ea4c       0x20 c:/openmono/gcc-arm-none-eabi-5_2-2015q4-20151219-win32/bin/../lib/gcc/arm-none-eabi/5.2.1/../../../../arm-none-eabi/lib/armv7-m\libc_nano.a(lib_a-isattyr.o)
                0x0000ea4c                _isatty_r
 .text.memmove  0x0000ea6c       0x36 c:/openmono/gcc-arm-none-eabi-5_2-2015q4-20151219-win32/bin/../lib/gcc/arm-none-eabi/5.2.1/../../../../arm-none-eabi/lib/armv7-m\libc_nano.a(lib_a-memmove.o)
                0x0000ea6c                memmove
 .text._malloc_usable_size_r
                0x0000eaa2       0x14 c:/openmono/gcc-arm-none-eabi-5_2-2015q4-20151219-win32/bin/../lib/gcc/arm-none-eabi/5.2.1/../../../../arm-none-eabi/lib/armv7-m\libc_nano.a(lib_a-nano-msizer.o)
                0x0000eaa2                _malloc_usable_size_r
 *fill*         0x0000eab6        0x2 
 .text          0x0000eab8       0x30 c:/openmono/gcc-arm-none-eabi-5_2-2015q4-20151219-win32/bin/../lib/gcc/arm-none-eabi/5.2.1/armv7-m\libgcc.a(_aeabi_uldivmod.o)
                0x0000eab8                __aeabi_uldivmod
 .text          0x0000eae8      0x2ec c:/openmono/gcc-arm-none-eabi-5_2-2015q4-20151219-win32/bin/../lib/gcc/arm-none-eabi/5.2.1/armv7-m\libgcc.a(_udivmoddi4.o)
                0x0000eae8                __udivmoddi4
 .text          0x0000edd4        0x4 c:/openmono/gcc-arm-none-eabi-5_2-2015q4-20151219-win32/bin/../lib/gcc/arm-none-eabi/5.2.1/armv7-m\libgcc.a(_dvmd_tls.o)
                0x0000edd4                __aeabi_idiv0
                0x0000edd4                __aeabi_ldiv0
 .text._getpid  0x0000edd8       0x10 c:/openmono/gcc-arm-none-eabi-5_2-2015q4-20151219-win32/bin/../lib/gcc/arm-none-eabi/5.2.1/../../../../arm-none-eabi/lib/armv7-m\libnosys.a(getpid.o)
                0x0000edd8                _getpid
 .text._kill    0x0000ede8       0x10 c:/openmono/gcc-arm-none-eabi-5_2-2015q4-20151219-win32/bin/../lib/gcc/arm-none-eabi/5.2.1/../../../../arm-none-eabi/lib/armv7-m\libnosys.a(kill.o)
                0x0000ede8                _kill
 .text.PWM_Enable
                0x0000edf8       0x10 c:/OpenMono/mono/monoCyLib.a(PWM.o)
                0x0000edf8                PWM_Enable
 .text.PWM_Stop
                0x0000ee08       0x10 c:/OpenMono/mono/monoCyLib.a(PWM.o)
                0x0000ee08                PWM_Stop
 .text.PWM_WriteCounter
                0x0000ee18        0xc c:/OpenMono/mono/monoCyLib.a(PWM.o)
                0x0000ee18                PWM_WriteCounter
 .text.PWM_ReadCounter
                0x0000ee24       0x14 c:/OpenMono/mono/monoCyLib.a(PWM.o)
                0x0000ee24                PWM_ReadCounter
 .text.PWM_ClearFIFO
                0x0000ee38       0x18 c:/OpenMono/mono/monoCyLib.a(PWM.o)
                0x0000ee38                PWM_ClearFIFO
 .text.PWM_Init
                0x0000ee50       0x50 c:/OpenMono/mono/monoCyLib.a(PWM.o)
                0x0000ee50                PWM_Init
 .text.PWM_Start
                0x0000eea0       0x1c c:/OpenMono/mono/monoCyLib.a(PWM.o)
                0x0000eea0                PWM_Start
 .text.PWM_WritePeriod
                0x0000eebc        0xc c:/OpenMono/mono/monoCyLib.a(PWM.o)
                0x0000eebc                PWM_WritePeriod
 .text.PWM_WriteCompare1
                0x0000eec8        0xc c:/OpenMono/mono/monoCyLib.a(PWM.o)
                0x0000eec8                PWM_WriteCompare1
 .text.PWM_WriteCompare2
                0x0000eed4        0xc c:/OpenMono/mono/monoCyLib.a(PWM.o)
                0x0000eed4                PWM_WriteCompare2
 .text.PWM_ReadControlRegister
                0x0000eee0        0xc c:/OpenMono/mono/monoCyLib.a(PWM.o)
                0x0000eee0                PWM_ReadControlRegister
 .text.PWM_WriteControlRegister
                0x0000eeec        0xc c:/OpenMono/mono/monoCyLib.a(PWM.o)
                0x0000eeec                PWM_WriteControlRegister
 .text.PWM_ReadCompare1
                0x0000eef8        0xc c:/OpenMono/mono/monoCyLib.a(PWM.o)
                0x0000eef8                PWM_ReadCompare1
 .text.PWM_ReadPeriod
                0x0000ef04        0xc c:/OpenMono/mono/monoCyLib.a(PWM.o)
                0x0000ef04                PWM_ReadPeriod
 .text.USBUART_Init
                0x0000ef10      0x13c c:/OpenMono/mono/monoCyLib.a(USBUART.o)
                0x0000ef10                USBUART_Init
 .text.USBUART_InitComponent
                0x0000f04c       0xa4 c:/OpenMono/mono/monoCyLib.a(USBUART.o)
                0x0000f04c                USBUART_InitComponent
 .text.USBUART_Start
                0x0000f0f0       0x24 c:/OpenMono/mono/monoCyLib.a(USBUART.o)
                0x0000f0f0                USBUART_Start
 .text.USBUART_ReInitComponent
                0x0000f114       0x4c c:/OpenMono/mono/monoCyLib.a(USBUART.o)
                0x0000f114                USBUART_ReInitComponent
 .text.USBUART_Stop
                0x0000f160       0x90 c:/OpenMono/mono/monoCyLib.a(USBUART.o)
                0x0000f160                USBUART_Stop
 .text.USBUART_GetConfiguration
                0x0000f1f0        0xc c:/OpenMono/mono/monoCyLib.a(USBUART.o)
                0x0000f1f0                USBUART_GetConfiguration
 .text.USBUART_IsConfigurationChanged
                0x0000f1fc       0x18 c:/OpenMono/mono/monoCyLib.a(USBUART.o)
                0x0000f1fc                USBUART_IsConfigurationChanged
 .text.USBUART_GetEPState
                0x0000f214       0x10 c:/OpenMono/mono/monoCyLib.a(USBUART.o)
                0x0000f214                USBUART_GetEPState
 .text.USBUART_GetEPCount
                0x0000f224       0x28 c:/OpenMono/mono/monoCyLib.a(USBUART.o)
                0x0000f224                USBUART_GetEPCount
 .text.USBUART_LoadInEP
                0x0000f24c       0x7c c:/OpenMono/mono/monoCyLib.a(USBUART.o)
                0x0000f24c                USBUART_LoadInEP
 .text.USBUART_EnableOutEP
                0x0000f2c8       0x28 c:/OpenMono/mono/monoCyLib.a(USBUART.o)
                0x0000f2c8                USBUART_EnableOutEP
 .text.USBUART_ReadOutEP
                0x0000f2f0       0x4c c:/OpenMono/mono/monoCyLib.a(USBUART.o)
                0x0000f2f0                USBUART_ReadOutEP
 .text.USBUART_GetInterfaceComPort
                0x0000f33c       0x30 c:/OpenMono/mono/monoCyLib.a(USBUART_cdc.o)
                0x0000f33c                USBUART_GetInterfaceComPort
 .text.USBUART_DispatchCDCClassRqst
                0x0000f36c       0x90 c:/OpenMono/mono/monoCyLib.a(USBUART_cdc.o)
                0x0000f36c                USBUART_DispatchCDCClassRqst
 .text.USBUART_CDC_Init
                0x0000f3fc       0x70 c:/OpenMono/mono/monoCyLib.a(USBUART_cdc.o)
                0x0000f3fc                USBUART_CDC_Init
 .text.USBUART_PutData
                0x0000f46c       0x44 c:/OpenMono/mono/monoCyLib.a(USBUART_cdc.o)
                0x0000f46c                USBUART_PutData
 .text.USBUART_PutChar
                0x0000f4b0       0x24 c:/OpenMono/mono/monoCyLib.a(USBUART_cdc.o)
                0x0000f4b0                USBUART_PutChar
 .text.USBUART_GetCount
                0x0000f4d4       0x2c c:/OpenMono/mono/monoCyLib.a(USBUART_cdc.o)
                0x0000f4d4                USBUART_GetCount
 .text.USBUART_DataIsReady
                0x0000f500       0x14 c:/OpenMono/mono/monoCyLib.a(USBUART_cdc.o)
                0x0000f500                USBUART_DataIsReady
 .text.USBUART_CDCIsReady
                0x0000f514       0x14 c:/OpenMono/mono/monoCyLib.a(USBUART_cdc.o)
                0x0000f514                USBUART_CDCIsReady
 .text.USBUART_GetData
                0x0000f528       0x1c c:/OpenMono/mono/monoCyLib.a(USBUART_cdc.o)
                0x0000f528                USBUART_GetData
 .text.USBUART_GetAll
                0x0000f544       0x2c c:/OpenMono/mono/monoCyLib.a(USBUART_cdc.o)
                0x0000f544                USBUART_GetAll
 .text.USBUART_GetChar
                0x0000f570       0x28 c:/OpenMono/mono/monoCyLib.a(USBUART_cdc.o)
                0x0000f570                USBUART_GetChar
 .text.USBUART_GetLineControl
                0x0000f598       0x18 c:/OpenMono/mono/monoCyLib.a(USBUART_cdc.o)
                0x0000f598                USBUART_GetLineControl
 .text.USBUART_Cdc_EpInit
                0x0000f5b0       0x50 c:/OpenMono/mono/monoCyLib.a(USBUART_cdc.o)
                0x0000f5b0                USBUART_Cdc_EpInit
 .text.USBUART_LoadEP0
                0x0000f600       0x8c c:/OpenMono/mono/monoCyLib.a(USBUART_drv.o)
                0x0000f600                USBUART_LoadEP0
 .text.USBUART_InitZeroLengthControlTransfer
                0x0000f68c       0x34 c:/OpenMono/mono/monoCyLib.a(USBUART_drv.o)
                0x0000f68c                USBUART_InitZeroLengthControlTransfer
 .text.USBUART_ControlWriteDataStage
                0x0000f6c0       0x78 c:/OpenMono/mono/monoCyLib.a(USBUART_drv.o)
                0x0000f6c0                USBUART_ControlWriteDataStage
 .text.USBUART_InitNoDataControlTransfer
                0x0000f738       0x2c c:/OpenMono/mono/monoCyLib.a(USBUART_drv.o)
                0x0000f738                USBUART_InitNoDataControlTransfer
 .text.USBUART_UpdateStatusBlock
                0x0000f764       0x20 c:/OpenMono/mono/monoCyLib.a(USBUART_drv.o)
                0x0000f764                USBUART_UpdateStatusBlock
 .text.USBUART_HandleSetup
                0x0000f784       0x58 c:/OpenMono/mono/monoCyLib.a(USBUART_drv.o)
                0x0000f784                USBUART_HandleSetup
 .text.USBUART_ControlReadStatusStage
                0x0000f7dc       0x34 c:/OpenMono/mono/monoCyLib.a(USBUART_drv.o)
                0x0000f7dc                USBUART_ControlReadStatusStage
 .text.USBUART_HandleOUT
                0x0000f810       0x3c c:/OpenMono/mono/monoCyLib.a(USBUART_drv.o)
                0x0000f810                USBUART_HandleOUT
 .text.USBUART_ControlWriteStatusStage
                0x0000f84c       0x20 c:/OpenMono/mono/monoCyLib.a(USBUART_drv.o)
                0x0000f84c                USBUART_ControlWriteStatusStage
 .text.USBUART_NoDataControlStatusStage
                0x0000f86c       0x3c c:/OpenMono/mono/monoCyLib.a(USBUART_drv.o)
                0x0000f86c                USBUART_NoDataControlStatusStage
 .text.USBUART_HandleIN
                0x0000f8a8       0x24 c:/OpenMono/mono/monoCyLib.a(USBUART_drv.o)
                0x0000f8a8                USBUART_HandleIN
 .text.USBUART_EP_0_ISR
                0x0000f8cc       0x8c c:/OpenMono/mono/monoCyLib.a(USBUART_drv.o)
                0x0000f8cc                USBUART_EP_0_ISR
 .text.USBUART_InitializeStatusBlock
                0x0000f958       0x20 c:/OpenMono/mono/monoCyLib.a(USBUART_drv.o)
                0x0000f958                USBUART_InitializeStatusBlock
 .text.USBUART_InitControlRead
                0x0000f978       0x4c c:/OpenMono/mono/monoCyLib.a(USBUART_drv.o)
                0x0000f978                USBUART_InitControlRead
 .text.USBUART_InitControlWrite
                0x0000f9c4       0x48 c:/OpenMono/mono/monoCyLib.a(USBUART_drv.o)
                0x0000f9c4                USBUART_InitControlWrite
 .text.USBUART_EP_1_ISR
                0x0000fa0c       0x34 c:/OpenMono/mono/monoCyLib.a(USBUART_episr.o)
                0x0000fa0c                USBUART_EP_1_ISR
 .text.USBUART_EP_2_ISR
                0x0000fa40       0x38 c:/OpenMono/mono/monoCyLib.a(USBUART_episr.o)
                0x0000fa40                USBUART_EP_2_ISR
 .text.USBUART_EP_3_ISR
                0x0000fa78       0x40 c:/OpenMono/mono/monoCyLib.a(USBUART_episr.o)
                0x0000fa78                USBUART_EP_3_ISR
 .text.USBUART_SOF_ISR
                0x0000fab8        0x2 c:/OpenMono/mono/monoCyLib.a(USBUART_episr.o)
                0x0000fab8                USBUART_SOF_ISR
 .text.USBUART_BUS_RESET_ISR
                0x0000faba        0x4 c:/OpenMono/mono/monoCyLib.a(USBUART_episr.o)
                0x0000faba                USBUART_BUS_RESET_ISR
 .text.USBUART_DP_ISR
                0x0000fabe        0x4 c:/OpenMono/mono/monoCyLib.a(USBUART_pm.o)
                0x0000fabe                USBUART_DP_ISR
 *fill*         0x0000fac2        0x2 
 .text.USBUART_ReadDieID
                0x0000fac4       0x6c c:/OpenMono/mono/monoCyLib.a(USBUART_std.o)
                0x0000fac4                USBUART_ReadDieID
 .text.USBUART_ConfigReg
                0x0000fb30       0x80 c:/OpenMono/mono/monoCyLib.a(USBUART_std.o)
                0x0000fb30                USBUART_ConfigReg
 .text.USBUART_GetConfigTablePtr
                0x0000fbb0       0x24 c:/OpenMono/mono/monoCyLib.a(USBUART_std.o)
                0x0000fbb0                USBUART_GetConfigTablePtr
 .text.USBUART_ConfigAltChanged
                0x0000fbd4      0x128 c:/OpenMono/mono/monoCyLib.a(USBUART_std.o)
                0x0000fbd4                USBUART_ConfigAltChanged
 .text.USBUART_GetInterfaceClassTablePtr
                0x0000fcfc       0x20 c:/OpenMono/mono/monoCyLib.a(USBUART_std.o)
                0x0000fcfc                USBUART_GetInterfaceClassTablePtr
 .text.USBUART_Config
                0x0000fd1c      0x174 c:/OpenMono/mono/monoCyLib.a(USBUART_std.o)
                0x0000fd1c                USBUART_Config
 .text.USBUART_SetEndpointHalt
                0x0000fe90       0x54 c:/OpenMono/mono/monoCyLib.a(USBUART_std.o)
                0x0000fe90                USBUART_SetEndpointHalt
 .text.USBUART_ClearEndpointHalt
                0x0000fee4       0x70 c:/OpenMono/mono/monoCyLib.a(USBUART_std.o)
                0x0000fee4                USBUART_ClearEndpointHalt
 .text.USBUART_ValidateAlternateSetting
                0x0000ff54       0x48 c:/OpenMono/mono/monoCyLib.a(USBUART_std.o)
                0x0000ff54                USBUART_ValidateAlternateSetting
 .text.USBUART_HandleStandardRqst
                0x0000ff9c      0x274 c:/OpenMono/mono/monoCyLib.a(USBUART_std.o)
                0x0000ff9c                USBUART_HandleStandardRqst
 .text.USBUART_HandleVendorRqst
                0x00010210       0x2c c:/OpenMono/mono/monoCyLib.a(USBUART_vnd.o)
                0x00010210                USBUART_HandleVendorRqst
 .text.USBUART_Dp_ClearInterrupt
                0x0001023c       0x10 c:/OpenMono/mono/monoCyLib.a(USBUART_Dp.o)
                0x0001023c                USBUART_Dp_ClearInterrupt
 .text.USBUART_DispatchClassRqst
                0x0001024c       0x48 c:/OpenMono/mono/monoCyLib.a(USBUART_cls.o)
                0x0001024c                USBUART_DispatchClassRqst
 .text._ZN4mbed3SPIC2E7PinNameS1_S1_S1_
                0x00010294       0x7c c:/OpenMono/mono/mbedlib.a(SPI.o)
                0x00010294                mbed::SPI::SPI(PinName, PinName, PinName, PinName)
                0x00010294                mbed::SPI::SPI(PinName, PinName, PinName, PinName)
 .text._ZN4mbed3SPI6formatEii
                0x00010310       0x30 c:/OpenMono/mono/mbedlib.a(SPI.o)
                0x00010310                mbed::SPI::format(int, int)
 .text._ZN4mbed3SPI6aquireEv
                0x00010340       0x48 c:/OpenMono/mono/mbedlib.a(SPI.o)
                0x00010340                mbed::SPI::aquire()
 .text._ZN4mbed3SPI5writeEi
                0x00010388       0x28 c:/OpenMono/mono/mbedlib.a(SPI.o)
                0x00010388                mbed::SPI::write(int)
 .text._ZN4mbed6SerialC2E7PinNameS1_PKc
                0x000103b0       0x50 c:/OpenMono/mono/mbedlib.a(Serial.o)
                0x000103b0                mbed::Serial::Serial(PinName, PinName, char const*)
                0x000103b0                mbed::Serial::Serial(PinName, PinName, char const*)
 .text._ZN4mbed6Serial5_getcEv
                0x00010400       0x1c c:/OpenMono/mono/mbedlib.a(Serial.o)
                0x00010400                mbed::Serial::_getc()
 .text._ZThn64_N4mbed6Serial5_getcEv
                0x0001041c        0x8 c:/OpenMono/mono/mbedlib.a(Serial.o)
                0x0001041c                non-virtual thunk to mbed::Serial::_getc()
 .text._ZN4mbed6Serial5_putcEi
                0x00010424       0x20 c:/OpenMono/mono/mbedlib.a(Serial.o)
                0x00010424                mbed::Serial::_putc(int)
 .text._ZThn64_N4mbed6Serial5_putcEi
                0x00010444        0x8 c:/OpenMono/mono/mbedlib.a(Serial.o)
                0x00010444                non-virtual thunk to mbed::Serial::_putc(int)
 .text._ZN4mbed10SerialBaseC2E7PinNameS1_
                0x0001044c       0x70 c:/OpenMono/mono/mbedlib.a(SerialBase.o)
                0x0001044c                mbed::SerialBase::SerialBase(PinName, PinName)
                0x0001044c                mbed::SerialBase::SerialBase(PinName, PinName)
 .text._ZN4mbed10SerialBase9writeableEv
                0x000104bc       0x1c c:/OpenMono/mono/mbedlib.a(SerialBase.o)
                0x000104bc                mbed::SerialBase::writeable()
 .text._ZN4mbed10SerialBase12_irq_handlerEm9SerialIrq
                0x000104d8       0x30 c:/OpenMono/mono/mbedlib.a(SerialBase.o)
                0x000104d8                mbed::SerialBase::_irq_handler(unsigned long, SerialIrq)
 .text._ZN4mbed10SerialBase10_base_getcEv
                0x00010508       0x1c c:/OpenMono/mono/mbedlib.a(SerialBase.o)
                0x00010508                mbed::SerialBase::_base_getc()
 .text._ZN4mbed10SerialBase10_base_putcEi
                0x00010524       0x20 c:/OpenMono/mono/mbedlib.a(SerialBase.o)
                0x00010524                mbed::SerialBase::_base_putc(int)
 .text._ZN4mbed19FunctionPointerArg1IvvEC2EPFvvE
                0x00010544       0x1c c:/OpenMono/mono/mbedlib.a(SerialBase.o)
                0x00010544                mbed::FunctionPointerArg1<void, void>::FunctionPointerArg1(void (*)())
                0x00010544                mbed::FunctionPointerArg1<void, void>::FunctionPointerArg1(void (*)())
 .text._ZN4mbed19FunctionPointerArg1IvvE6attachEPFvvE
                0x00010560       0x20 c:/OpenMono/mono/mbedlib.a(SerialBase.o)
                0x00010560                mbed::FunctionPointerArg1<void, void>::attach(void (*)())
 .text._ZN4mbed19FunctionPointerArg1IvvE4callEv
                0x00010580       0x4c c:/OpenMono/mono/mbedlib.a(SerialBase.o)
                0x00010580                mbed::FunctionPointerArg1<void, void>::call()
 .text._ZN4mbed6StreamC2EPKc
                0x000105cc       0x6c c:/OpenMono/mono/mbedlib.a(Stream.o)
                0x000105cc                mbed::Stream::Stream(char const*)
                0x000105cc                mbed::Stream::Stream(char const*)
 .text._ZN4mbed6StreamD2Ev
                0x00010638       0x44 c:/OpenMono/mono/mbedlib.a(Stream.o)
                0x00010638                mbed::Stream::~Stream()
                0x00010638                mbed::Stream::~Stream()
 .text._ZN4mbed6Stream5closeEv
                0x0001067c       0x14 c:/OpenMono/mono/mbedlib.a(Stream.o)
                0x0001067c                mbed::Stream::close()
 .text._ZN4mbed6Stream5writeEPKvj
                0x00010690       0x5c c:/OpenMono/mono/mbedlib.a(Stream.o)
                0x00010690                mbed::Stream::write(void const*, unsigned int)
 .text._ZN4mbed6Stream4readEPvj
                0x000106ec       0x54 c:/OpenMono/mono/mbedlib.a(Stream.o)
                0x000106ec                mbed::Stream::read(void*, unsigned int)
 .text._ZN4mbed6Stream5lseekEli
                0x00010740       0x18 c:/OpenMono/mono/mbedlib.a(Stream.o)
                0x00010740                mbed::Stream::lseek(long, int)
 .text._ZN4mbed6Stream6isattyEv
                0x00010758       0x14 c:/OpenMono/mono/mbedlib.a(Stream.o)
                0x00010758                mbed::Stream::isatty()
 .text._ZN4mbed6Stream5fsyncEv
                0x0001076c       0x14 c:/OpenMono/mono/mbedlib.a(Stream.o)
                0x0001076c                mbed::Stream::fsync()
 .text._ZN4mbed6Stream4flenEv
                0x00010780       0x14 c:/OpenMono/mono/mbedlib.a(Stream.o)
                0x00010780                mbed::Stream::flen()
 .text._ZN4mbed6Stream6printfEPKcz
                0x00010794       0x3c c:/OpenMono/mono/mbedlib.a(Stream.o)
                0x00010794                mbed::Stream::printf(char const*, ...)
 .text.spi_init
                0x000107d0       0x80 c:/OpenMono/mono/mbedlib.a(spi_api.o)
                0x000107d0                spi_init
 .text.spi_format
                0x00010850       0x20 c:/OpenMono/mono/mbedlib.a(spi_api.o)
                0x00010850                spi_format
 .text.spi_frequency
                0x00010870       0x14 c:/OpenMono/mono/mbedlib.a(spi_api.o)
                0x00010870                spi_frequency
 .text.spi_master_write
                0x00010884      0x1a4 c:/OpenMono/mono/mbedlib.a(spi_api.o)
                0x00010884                spi_master_write
 .text.error    0x00010a28       0x58 c:/OpenMono/mono/mbedlib.a(error.o)
                0x00010a28                error
 .text.wait_ms  0x00010a80       0x20 c:/OpenMono/mono/mbedlib.a(wait_api.o)
                0x00010a80                wait_ms
 .text.wait_us  0x00010aa0       0x28 c:/OpenMono/mono/mbedlib.a(wait_api.o)
                0x00010aa0                wait_us
 .text._ZN4mbed10FileHandleC2Ev
                0x00010ac8       0x20 c:/OpenMono/mono/mbedlib.a(FileLike.o)
                0x00010ac8                mbed::FileHandle::FileHandle()
                0x00010ac8                mbed::FileHandle::FileHandle()
 .text._ZN4mbed8FileLikeC2EPKc
                0x00010ae8       0x40 c:/OpenMono/mono/mbedlib.a(FileLike.o)
                0x00010ae8                mbed::FileLike::FileLike(char const*)
                0x00010ae8                mbed::FileLike::FileLike(char const*)
 .text._ZN4mbed8FileLikeD2Ev
                0x00010b28       0x44 c:/OpenMono/mono/mbedlib.a(FileLike.o)
                0x00010b28                mbed::FileLike::~FileLike()
                0x00010b28                mbed::FileLike::~FileLike()
 .text._ZN4mbed19FunctionPointerArg1IvvE12membercallerIN4mono18ApplicationContextEEEvPvPj
                0x00010b6c       0x18 c:/OpenMono/mono/mono_framework.a(application_context.o)
                0x00010b6c                void mbed::FunctionPointerArg1<void, void>::membercaller<mono::ApplicationContext>(void*, unsigned int*)
 .text._ZN4mbed19FunctionPointerArg1IvvE12membercallerIN4mono14QueueInterruptEEEvPvPj
                0x00010b84       0x18 c:/OpenMono/mono/mono_framework.a(application_context.o)
                0x00010b84                void mbed::FunctionPointerArg1<void, void>::membercaller<mono::QueueInterrupt>(void*, unsigned int*)
 .text._ZN4mono18ApplicationContext4execEv
                0x00010b9c        0xc c:/OpenMono/mono/mono_framework.a(application_context.o)
                0x00010b9c                mono::ApplicationContext::exec()
 .text._ZN4mono18ApplicationContext10sleepForMsEm
                0x00010ba8       0x58 c:/OpenMono/mono/mono_framework.a(application_context.o)
                0x00010ba8                mono::ApplicationContext::sleepForMs(unsigned long)
 .text._ZN4mono18ApplicationContext14_softwareResetEv
                0x00010c00       0x14 c:/OpenMono/mono/mono_framework.a(application_context.o)
                0x00010c00                mono::ApplicationContext::_softwareReset()
 .text._ZN4mono18ApplicationContext26_softwareResetToBootloaderEv
                0x00010c14       0x14 c:/OpenMono/mono/mono_framework.a(application_context.o)
                0x00010c14                mono::ApplicationContext::_softwareResetToBootloader()
 .text._ZN4mono18ApplicationContext27_softwareResetToApplicationEv
                0x00010c28       0x14 c:/OpenMono/mono/mono_framework.a(application_context.o)
                0x00010c28                mono::ApplicationContext::_softwareResetToApplication()
 .text._ZN4mono18ApplicationContext12buttonWakeupEv
                0x00010c3c       0x54 c:/OpenMono/mono/mono_framework.a(application_context.o)
                0x00010c3c                mono::ApplicationContext::buttonWakeup()
 .text._ZN4mono18ApplicationContext14enterSleepModeEv
                0x00010c90       0x70 c:/OpenMono/mono/mono_framework.a(application_context.o)
                0x00010c90                mono::ApplicationContext::enterSleepMode()
 .text.debug.constprop.1
                0x00010d00       0x28 c:/OpenMono/mono/mono_framework.a(application_context.o)
 .text._ZN4mono18ApplicationContext17resetOnUserButtonEv
                0x00010d28       0x1c c:/OpenMono/mono/mono_framework.a(application_context.o)
                0x00010d28                mono::ApplicationContext::resetOnUserButton()
 .text._ZN4mono18ApplicationContextC2Ev
                0x00010d44      0x100 c:/OpenMono/mono/mono_framework.a(application_context.o)
                0x00010d44                mono::ApplicationContext::ApplicationContext()
                0x00010d44                mono::ApplicationContext::ApplicationContext()
 .text.startup._GLOBAL__sub_I__ZN4mono18ApplicationContext9singletonE
                0x00010e44      0x164 c:/OpenMono/mono/mono_framework.a(application_context.o)
 .text._ZN4mono18ApplicationContext18setMonoApplicationEPNS_12IApplicationE
                0x00010fa8       0x74 c:/OpenMono/mono/mono_framework.a(application_context.o)
                0x00010fa8                mono::ApplicationContext::setMonoApplication(mono::IApplication*)
 .text._ZN4mono18ApplicationContextD2Ev
                0x0001101c       0x70 c:/OpenMono/mono/mono_framework.a(application_context.o)
                0x0001101c                mono::ApplicationContext::~ApplicationContext()
                0x0001101c                mono::ApplicationContext::~ApplicationContext()
 .text.debug    0x0001108c       0x24 c:/OpenMono/mono/mono_framework.a(application_run_loop.o)
 .text._ZN4mono19IApplicationContext13SoftwareResetEv
                0x000110b0       0x10 c:/OpenMono/mono/mono_framework.a(application_run_loop.o)
                0x000110b0                mono::IApplicationContext::SoftwareReset()
 .text._ZN4mono10AppRunLoopC2Ev
                0x000110c0       0x28 c:/OpenMono/mono/mono_framework.a(application_run_loop.o)
                0x000110c0                mono::AppRunLoop::AppRunLoop()
                0x000110c0                mono::AppRunLoop::AppRunLoop()
 .text._ZN4mono10AppRunLoop14addDynamicTaskEPNS_12IRunLoopTaskE
                0x000110e8       0x1e c:/OpenMono/mono/mono_framework.a(application_run_loop.o)
                0x000110e8                mono::AppRunLoop::addDynamicTask(mono::IRunLoopTask*)
 .text._ZN4mono10AppRunLoop17removeTaskInQueueEPNS_12IRunLoopTaskE
                0x00011106       0x18 c:/OpenMono/mono/mono_framework.a(application_run_loop.o)
                0x00011106                mono::AppRunLoop::removeTaskInQueue(mono::IRunLoopTask*)
 .text._ZN4mono10AppRunLoop23processDynamicTaskQueueEv
                0x0001111e       0x22 c:/OpenMono/mono/mono_framework.a(application_run_loop.o)
                0x0001111e                mono::AppRunLoop::processDynamicTaskQueue()
 .text._ZN4mono10AppRunLoop17removeDynamicTaskEPNS_12IRunLoopTaskE
                0x00011140       0x1a c:/OpenMono/mono/mono_framework.a(application_run_loop.o)
                0x00011140                mono::AppRunLoop::removeDynamicTask(mono::IRunLoopTask*)
 *fill*         0x0001115a        0x2 
 .text._ZN4mono10AppRunLoop17checkUsbUartStateEv
                0x0001115c       0x78 c:/OpenMono/mono/mono_framework.a(application_run_loop.o)
                0x0001115c                mono::AppRunLoop::checkUsbUartState()
 .text._ZN4mono10AppRunLoop7processEv
                0x000111d4       0x74 c:/OpenMono/mono/mono_framework.a(application_run_loop.o)
                0x000111d4                mono::AppRunLoop::process()
 .text._ZN4mono10AppRunLoop4execEv
                0x00011248       0x16 c:/OpenMono/mono/mono_framework.a(application_run_loop.o)
                0x00011248                mono::AppRunLoop::exec()
 *fill*         0x0001125e        0x2 
 .text._ZN4mono10AppRunLoop20setResetOnUserButtonEb
                0x00011260       0x44 c:/OpenMono/mono/mono_framework.a(application_run_loop.o)
                0x00011260                mono::AppRunLoop::setResetOnUserButton(bool)
 .text.startup._GLOBAL__sub_I__ZN4mono10AppRunLoopC2Ev
                0x000112a4      0x148 c:/OpenMono/mono/mono_framework.a(application_run_loop.o)
 .text.debug    0x000113ec       0x24 c:/OpenMono/mono/mono_framework.a(at30ts74_temperature.o)
 .text._ZN4mono6sensor19AT30TS74TemperatureC2Ev
                0x00011410       0x10 c:/OpenMono/mono/mono_framework.a(at30ts74_temperature.o)
                0x00011410                mono::sensor::AT30TS74Temperature::AT30TS74Temperature()
                0x00011410                mono::sensor::AT30TS74Temperature::AT30TS74Temperature()
 .text._ZN4mono6sensor19AT30TS74Temperature12readRegisterEhPt
                0x00011420       0xa8 c:/OpenMono/mono/mono_framework.a(at30ts74_temperature.o)
                0x00011420                mono::sensor::AT30TS74Temperature::readRegister(unsigned char, unsigned short*)
 .text._ZN4mono6sensor19AT30TS74Temperature4ReadEv
                0x000114c8       0x2a c:/OpenMono/mono/mono_framework.a(at30ts74_temperature.o)
                0x000114c8                mono::sensor::AT30TS74Temperature::Read()
 .text._ZN4mono6sensor19AT30TS74Temperature16ReadMilliCelciusEv
                0x000114f2       0x32 c:/OpenMono/mono/mono_framework.a(at30ts74_temperature.o)
                0x000114f2                mono::sensor::AT30TS74Temperature::ReadMilliCelcius()
 .text.startup._GLOBAL__sub_I__ZN4mono6sensor19AT30TS74TemperatureC2Ev
                0x00011524       0x48 c:/OpenMono/mono/mono_framework.a(at30ts74_temperature.o)
 .text._ZN4mono7memdumpEPvm
                0x0001156c       0xa4 c:/OpenMono/mono/mono_framework.a(consoles.o)
                0x0001156c                mono::memdump(void*, unsigned long)
 .text._ZN4mono7warningEPKc
                0x00011610       0x14 c:/OpenMono/mono/mono_framework.a(consoles.o)
                0x00011610                mono::warning(char const*)
 .text._ZN4mono7ConsoleC2EPN4mbed6SerialE
                0x00011624        0x4 c:/OpenMono/mono/mono_framework.a(consoles.o)
                0x00011624                mono::Console::Console(mbed::Serial*)
                0x00011624                mono::Console::Console(mbed::Serial*)
 .text._ZN4mono7ConsolelsEPKc
                0x00011628       0x18 c:/OpenMono/mono/mono_framework.a(consoles.o)
                0x00011628                mono::Console::operator<<(char const*)
 .text.startup._GLOBAL__sub_I__ZN4mono7memdumpEPvm
                0x00011640       0x24 c:/OpenMono/mono/mono_framework.a(consoles.o)
 .text._ZN4mono2io10DigitalOutC2E7PinNamei
                0x00011664       0x12 c:/OpenMono/mono/mono_framework.a(mn_digital_out.o)
                0x00011664                mono::io::DigitalOut::DigitalOut(PinName, int)
                0x00011664                mono::io::DigitalOut::DigitalOut(PinName, int)
 .text._ZN4mono2io10DigitalOutC2E7PinNamei7PinMode
                0x00011676       0x1c c:/OpenMono/mono/mono_framework.a(mn_digital_out.o)
                0x00011676                mono::io::DigitalOut::DigitalOut(PinName, int, PinMode)
                0x00011676                mono::io::DigitalOut::DigitalOut(PinName, int, PinMode)
 .text._ZN4mono2io10DigitalOut7setModeE7PinMode
                0x00011692        0x4 c:/OpenMono/mono/mono_framework.a(mn_digital_out.o)
                0x00011692                mono::io::DigitalOut::setMode(PinMode)
 *fill*         0x00011696        0x2 
 .text._ZN4mono2io6SerialC2Ev
                0x00011698       0x2c c:/OpenMono/mono/mono_framework.a(mn_serial.o)
                0x00011698                mono::io::Serial::Serial()
                0x00011698                mono::io::Serial::Serial()
 .text._ZN4mono2io6Serial3DTREv
                0x000116c4       0x1e c:/OpenMono/mono/mono_framework.a(mn_serial.o)
                0x000116c4                mono::io::Serial::DTR()
 *fill*         0x000116e2        0x2 
 .text.startup._GLOBAL__sub_I__ZN4mono2io6SerialC2E7PinNameS2_
                0x000116e4      0x148 c:/OpenMono/mono/mono_framework.a(mn_serial.o)
 .text._ZN4mono6StringC2Ev
                0x0001182c        0xa c:/OpenMono/mono/mono_framework.a(mn_string.o)
                0x0001182c                mono::String::String()
                0x0001182c                mono::String::String()
 .text._ZN4mono6StringC2ERKS0_
                0x00011836       0x1c c:/OpenMono/mono/mono_framework.a(mn_string.o)
                0x00011836                mono::String::String(mono::String const&)
                0x00011836                mono::String::String(mono::String const&)
 .text._ZNK4mono6String6LengthEv
                0x00011852        0xa c:/OpenMono/mono/mono_framework.a(mn_string.o)
                0x00011852                mono::String::Length() const
 .text._ZNK4mono6StringixEm
                0x0001185c        0x6 c:/OpenMono/mono/mono_framework.a(mn_string.o)
                0x0001185c                mono::String::operator[](unsigned long) const
 .text._ZNK4mono6StringclEv
                0x00011862        0x4 c:/OpenMono/mono/mono_framework.a(mn_string.o)
                0x00011862                mono::String::operator()() const
 .text._ZN4mono6StringD2Ev
                0x00011866       0x1c c:/OpenMono/mono/mono_framework.a(mn_string.o)
                0x00011866                mono::String::~String()
                0x00011866                mono::String::~String()
 .text._ZN4mono6StringaSEPKc
                0x00011882       0x18 c:/OpenMono/mono/mono_framework.a(mn_string.o)
                0x00011882                mono::String::operator=(char const*)
 .text._ZN4mono6StringaSERKS0_
                0x0001189a       0x28 c:/OpenMono/mono/mono_framework.a(mn_string.o)
                0x0001189a                mono::String::operator=(mono::String const&)
 .text._ZN4mono6String13preAllocbytesEm
                0x000118c2       0x2c c:/OpenMono/mono/mono_framework.a(mn_string.o)
                0x000118c2                mono::String::preAllocbytes(unsigned long)
 .text._ZN4mono6String6FormatEPKcz
                0x000118ee       0x3a c:/OpenMono/mono/mono_framework.a(mn_string.o)
                0x000118ee                mono::String::Format(char const*, ...)
 .text._ZN4mono6String15CopyFromCStringEPKc
                0x00011928       0x2c c:/OpenMono/mono/mono_framework.a(mn_string.o)
                0x00011928                mono::String::CopyFromCString(char const*)
 .text._ZN4mono6StringC2EPKc
                0x00011954        0xc c:/OpenMono/mono/mono_framework.a(mn_string.o)
                0x00011954                mono::String::String(char const*)
                0x00011954                mono::String::String(char const*)
                0x00011954                mono::String::String(char*)
                0x00011954                mono::String::String(char*)
 .text._ZN4mono5Timer16hwTimerInterruptEv
                0x00011960        0x8 c:/OpenMono/mono/mono_framework.a(mn_timer.o)
                0x00011960                mono::Timer::hwTimerInterrupt()
 .text._ZN4mbed19FunctionPointerArg1IvvE12membercallerIN4mono5TimerEEEvPvPj
                0x00011968       0x18 c:/OpenMono/mono/mono_framework.a(mn_timer.o)
                0x00011968                void mbed::FunctionPointerArg1<void, void>::membercaller<mono::Timer>(void*, unsigned int*)
 .text._ZN4mono5TimerC2Emb
                0x00011980       0x40 c:/OpenMono/mono/mono_framework.a(mn_timer.o)
                0x00011980                mono::Timer::Timer(unsigned long, bool)
                0x00011980                mono::Timer::Timer(unsigned long, bool)
 .text._ZN4mono5Timer5StartEv
                0x000119c0       0x58 c:/OpenMono/mono/mono_framework.a(mn_timer.o)
                0x000119c0                mono::Timer::Start()
 .text._ZN4mono5Timer4StopEv
                0x00011a18       0x28 c:/OpenMono/mono/mono_framework.a(mn_timer.o)
                0x00011a18                mono::Timer::Stop()
 .text._ZN4mono5TimerD2Ev
                0x00011a40       0x34 c:/OpenMono/mono/mono_framework.a(mn_timer.o)
                0x00011a40                mono::Timer::~Timer()
                0x00011a40                mono::Timer::~Timer()
 .text._ZN4mono5TimerD0Ev
                0x00011a74       0x12 c:/OpenMono/mono/mono_framework.a(mn_timer.o)
                0x00011a74                mono::Timer::~Timer()
 .text._ZN4mono5Timer11taskHandlerEv
                0x00011a86       0x52 c:/OpenMono/mono/mono_framework.a(mn_timer.o)
                0x00011a86                mono::Timer::taskHandler()
 .text.startup._GLOBAL__sub_I__ZN4mono5TimerC2Ev
                0x00011ad8      0x148 c:/OpenMono/mono/mono_framework.a(mn_timer.o)
 .text._ZN4mono6sensor14IAccelerometer5StartEv
                0x00011c20        0x6 c:/OpenMono/mono/mono_framework.a(mono_accelerometer.o)
                0x00011c20                mono::sensor::IAccelerometer::Start()
 .text._ZN4mono6sensor14IAccelerometer4StopEv
                0x00011c26        0x6 c:/OpenMono/mono/mono_framework.a(mono_accelerometer.o)
                0x00011c26                mono::sensor::IAccelerometer::Stop()
 .text.debug    0x00011c2c       0x24 c:/OpenMono/mono/mono_framework.a(mono_accelerometer.o)
 .text._ZN4mono6sensor16MMAAccelerometer5startEv
                0x00011c50       0x34 c:/OpenMono/mono/mono_framework.a(mono_accelerometer.o)
                0x00011c50                mono::sensor::MMAAccelerometer::start()
 .text._ZN4mono6sensor16MMAAccelerometer4stopEv
                0x00011c84       0x34 c:/OpenMono/mono/mono_framework.a(mono_accelerometer.o)
                0x00011c84                mono::sensor::MMAAccelerometer::stop()
 .text._ZN4mono6sensor16MMAAccelerometer8IsActiveEv
                0x00011cb8       0x3c c:/OpenMono/mono/mono_framework.a(mono_accelerometer.o)
                0x00011cb8                mono::sensor::MMAAccelerometer::IsActive()
 .text._ZN4mono6sensor16MMAAccelerometer8rawXAxisEb
                0x00011cf4       0x48 c:/OpenMono/mono/mono_framework.a(mono_accelerometer.o)
                0x00011cf4                mono::sensor::MMAAccelerometer::rawXAxis(bool)
 .text._ZN4mono6sensor16MMAAccelerometer8rawYAxisEb
                0x00011d3c       0x48 c:/OpenMono/mono/mono_framework.a(mono_accelerometer.o)
                0x00011d3c                mono::sensor::MMAAccelerometer::rawYAxis(bool)
 .text._ZN4mono6sensor16MMAAccelerometer8rawZAxisEb
                0x00011d84       0x48 c:/OpenMono/mono/mono_framework.a(mono_accelerometer.o)
                0x00011d84                mono::sensor::MMAAccelerometer::rawZAxis(bool)
 .text._ZN4mono6sensor16MMAAccelerometer13writeRegisterEhh
                0x00011dcc       0x40 c:/OpenMono/mono/mono_framework.a(mono_accelerometer.o)
                0x00011dcc                mono::sensor::MMAAccelerometer::writeRegister(unsigned char, unsigned char)
 .text._ZN4mono6sensor16MMAAccelerometer12readRegisterEhPt
                0x00011e0c       0x6c c:/OpenMono/mono/mono_framework.a(mono_accelerometer.o)
                0x00011e0c                mono::sensor::MMAAccelerometer::readRegister(unsigned char, unsigned short*)
 .text._ZN4mono6sensor16MMAAccelerometer12readRegisterEhPh
                0x00011e78       0x6c c:/OpenMono/mono/mono_framework.a(mono_accelerometer.o)
                0x00011e78                mono::sensor::MMAAccelerometer::readRegister(unsigned char, unsigned char*)
 .text._ZN4mono6sensor16MMAAccelerometerC2Ev
                0x00011ee4       0x14 c:/OpenMono/mono/mono_framework.a(mono_accelerometer.o)
                0x00011ee4                mono::sensor::MMAAccelerometer::MMAAccelerometer()
                0x00011ee4                mono::sensor::MMAAccelerometer::MMAAccelerometer()
 .text.startup._GLOBAL__sub_I__ZN4mono6sensor16MMAAccelerometerC2Ev
                0x00011ef8       0x48 c:/OpenMono/mono/mono_framework.a(mono_accelerometer.o)
 .text._ZN4mbed19FunctionPointerArg1IvvE12membercallerIN4mono6sensor10MonoBuzzerEEEvPvPj
                0x00011f40       0x18 c:/OpenMono/mono/mono_framework.a(mono_buzzer.o)
                0x00011f40                void mbed::FunctionPointerArg1<void, void>::membercaller<mono::sensor::MonoBuzzer>(void*, unsigned int*)
 .text._ZN4mono6sensor10MonoBuzzer8buzzKillEv
                0x00011f58       0x1c c:/OpenMono/mono/mono_framework.a(mono_buzzer.o)
                0x00011f58                mono::sensor::MonoBuzzer::buzzKill()
 .text._ZN4mono6sensor10MonoBuzzer9buzzAsyncEm
                0x00011f74       0x4c c:/OpenMono/mono/mono_framework.a(mono_buzzer.o)
                0x00011f74                mono::sensor::MonoBuzzer::buzzAsync(unsigned long)
 .text._ZN4mono6sensor10MonoBuzzerC2Ev
                0x00011fc0       0x14 c:/OpenMono/mono/mono_framework.a(mono_buzzer.o)
                0x00011fc0                mono::sensor::MonoBuzzer::MonoBuzzer()
                0x00011fc0                mono::sensor::MonoBuzzer::MonoBuzzer()
 .text._ZN4mono5power16IPowerManagement26processResetAwarenessQueueEv
                0x00011fd4       0x14 c:/OpenMono/mono/mono_framework.a(mono_power_management.o)
                0x00011fd4                mono::power::IPowerManagement::processResetAwarenessQueue()
 .text._ZN4mono5power16IPowerManagement26processSleepAwarenessQueueEv
                0x00011fe8       0x14 c:/OpenMono/mono/mono_framework.a(mono_power_management.o)
                0x00011fe8                mono::power::IPowerManagement::processSleepAwarenessQueue()
 .text._ZN4mono5power16IPowerManagement25processWakeAwarenessQueueEv
                0x00011ffc       0x14 c:/OpenMono/mono/mono_framework.a(mono_power_management.o)
                0x00011ffc                mono::power::IPowerManagement::processWakeAwarenessQueue()
 .text._ZN4mono5power16IPowerManagement31processBatteryLowAwarenessQueueEv
                0x00012010       0x14 c:/OpenMono/mono/mono_framework.a(mono_power_management.o)
                0x00012010                mono::power::IPowerManagement::processBatteryLowAwarenessQueue()
 .text._ZN4mono5power16IPowerManagement29removeObjectInPowerAwareQueueEPNS0_11IPowerAwareE
                0x00012024       0x10 c:/OpenMono/mono/mono_framework.a(mono_power_management.o)
                0x00012024                mono::power::IPowerManagement::removeObjectInPowerAwareQueue(mono::power::IPowerAware*)
 .text._ZN4mono5power16IPowerManagement23AppendToPowerAwareQueueEPNS0_11IPowerAwareE
                0x00012034       0x1c c:/OpenMono/mono/mono_framework.a(mono_power_management.o)
                0x00012034                mono::power::IPowerManagement::AppendToPowerAwareQueue(mono::power::IPowerAware*)
 .text._ZN4mono5power16IPowerManagement25RemoveFromPowerAwareQueueEPNS0_11IPowerAwareE
                0x00012050       0x1c c:/OpenMono/mono/mono_framework.a(mono_power_management.o)
                0x00012050                mono::power::IPowerManagement::RemoveFromPowerAwareQueue(mono::power::IPowerAware*)
 .text._ZN4mono5power19MonoPowerManagement11taskHandlerEv
                0x0001206c       0x14 c:/OpenMono/mono/mono_framework.a(mono_power_management.o)
                0x0001206c                mono::power::MonoPowerManagement::taskHandler()
 .text._ZThn12_N4mono5power19MonoPowerManagement11taskHandlerEv
                0x00012080        0x8 c:/OpenMono/mono/mono_framework.a(mono_power_management.o)
                0x00012080                non-virtual thunk to mono::power::MonoPowerManagement::taskHandler()
 .text._ZN4mono5power19MonoPowerManagement26processResetAwarenessQueueEv
                0x00012088        0x8 c:/OpenMono/mono/mono_framework.a(mono_power_management.o)
                0x00012088                mono::power::MonoPowerManagement::processResetAwarenessQueue()
 .text._ZN4mono5power19MonoPowerManagement16systemLowBatteryEv
                0x00012090        0x8 c:/OpenMono/mono/mono_framework.a(mono_power_management.o)
                0x00012090                mono::power::MonoPowerManagement::systemLowBattery()
 .text._ZN4mbed19FunctionPointerArg1IvvE12membercallerIN4mono5power19MonoPowerManagementEEEvPvPj
                0x00012098       0x18 c:/OpenMono/mono/mono_framework.a(mono_power_management.o)
                0x00012098                void mbed::FunctionPointerArg1<void, void>::membercaller<mono::power::MonoPowerManagement>(void*, unsigned int*)
 .text._ZN4mono5power19MonoPowerManagement19setupMCUPeripheralsEv
                0x000120b0       0xb8 c:/OpenMono/mono/mono_framework.a(mono_power_management.o)
                0x000120b0                mono::power::MonoPowerManagement::setupMCUPeripherals()
 .text.debug.constprop.1
                0x00012168       0x28 c:/OpenMono/mono/mono_framework.a(mono_power_management.o)
 .text._ZN4mono5power19MonoPowerManagement18systemEmptyBatteryEv
                0x00012190       0x34 c:/OpenMono/mono/mono_framework.a(mono_power_management.o)
                0x00012190                mono::power::MonoPowerManagement::systemEmptyBattery()
 .text._ZN4mono5power19MonoPowerManagementC2Ev
                0x000121c4       0xc4 c:/OpenMono/mono/mono_framework.a(mono_power_management.o)
                0x000121c4                mono::power::MonoPowerManagement::MonoPowerManagement()
                0x000121c4                mono::power::MonoPowerManagement::MonoPowerManagement()
 .text._ZN4mono5power19MonoPowerManagement10saveDMPortEmPh
                0x00012288        0xe c:/OpenMono/mono/mono_framework.a(mono_power_management.o)
                0x00012288                mono::power::MonoPowerManagement::saveDMPort(unsigned long, unsigned char*)
 *fill*         0x00012296        0x2 
 .text._ZN4mono5power19MonoPowerManagement15saveDMRegistersEv
                0x00012298       0x84 c:/OpenMono/mono/mono_framework.a(mono_power_management.o)
                0x00012298                mono::power::MonoPowerManagement::saveDMRegisters()
 .text._ZN4mono5power19MonoPowerManagement23powerDownMCUPeripheralsEv